Component: ARM Compiler 6.16 Tool: armlink [5dfeaa00]

==============================================================================

Section Cross References

    i2c_at24c64.o(.text.I2C_Init) refers to stm32f4xx_hal_i2c.o(.text.HAL_I2C_GetState) for HAL_I2C_GetState
    i2c_at24c64.o(.text.I2C_Init) refers to stm32f4xx_hal_gpio.o(.text.HAL_GPIO_Init) for HAL_GPIO_Init
    i2c_at24c64.o(.text.I2C_Init) refers to stm32f4xx_hal_cortex.o(.text.HAL_NVIC_SetPriority) for HAL_NVIC_SetPriority
    i2c_at24c64.o(.text.I2C_Init) refers to stm32f4xx_hal_cortex.o(.text.HAL_NVIC_EnableIRQ) for HAL_NVIC_EnableIRQ
    i2c_at24c64.o(.text.I2C_Init) refers to stm32f4xx_hal_i2c.o(.text.HAL_I2C_Init) for HAL_I2C_Init
    i2c_at24c64.o(.ARM.exidx.text.I2C_Init) refers to i2c_at24c64.o(.text.I2C_Init) for [Anonymous Symbol]
    i2c_at24c64.o(.text.I2C_ByteWrite) refers to stm32f4xx_hal_i2c.o(.text.HAL_I2C_Mem_Write) for HAL_I2C_Mem_Write
    i2c_at24c64.o(.text.I2C_ByteWrite) refers to i2c_at24c64.o(.text.I2C_Error) for I2C_Error
    i2c_at24c64.o(.text.I2C_ByteWrite) refers to stm32f4xx_hal_i2c.o(.text.HAL_I2C_GetState) for HAL_I2C_GetState
    i2c_at24c64.o(.text.I2C_ByteWrite) refers to stm32f4xx_hal.o(.text.HAL_Delay) for HAL_Delay
    i2c_at24c64.o(.text.I2C_ByteWrite) refers to i2c_at24c64.o(.bss.status) for status
    i2c_at24c64.o(.ARM.exidx.text.I2C_ByteWrite) refers to i2c_at24c64.o(.text.I2C_ByteWrite) for [Anonymous Symbol]
    i2c_at24c64.o(.text.I2C_Error) refers to stm32f4xx_hal_i2c.o(.text.HAL_I2C_DeInit) for HAL_I2C_DeInit
    i2c_at24c64.o(.text.I2C_Error) refers to i2c_at24c64.o(.text.I2C_Init) for I2C_Init
    i2c_at24c64.o(.ARM.exidx.text.I2C_Error) refers to i2c_at24c64.o(.text.I2C_Error) for [Anonymous Symbol]
    i2c_at24c64.o(.text.I2C_PageWrite) refers to stm32f4xx_hal_i2c.o(.text.HAL_I2C_Mem_Write) for HAL_I2C_Mem_Write
    i2c_at24c64.o(.text.I2C_PageWrite) refers to stm32f4xx_hal_i2c.o(.text.HAL_I2C_GetState) for HAL_I2C_GetState
    i2c_at24c64.o(.text.I2C_PageWrite) refers to stm32f4xx_hal.o(.text.HAL_Delay) for HAL_Delay
    i2c_at24c64.o(.text.I2C_PageWrite) refers to i2c_at24c64.o(.bss.status) for status
    i2c_at24c64.o(.ARM.exidx.text.I2C_PageWrite) refers to i2c_at24c64.o(.text.I2C_PageWrite) for [Anonymous Symbol]
    i2c_at24c64.o(.text.I2C_BufferWrite) refers to i2c_at24c64.o(.text.OUTLINED_FUNCTION_0) for OUTLINED_FUNCTION_0
    i2c_at24c64.o(.text.I2C_BufferWrite) refers to i2c_at24c64.o(.text.I2C_PageWrite) for I2C_PageWrite
    i2c_at24c64.o(.text.I2C_BufferWrite) refers to i2c_at24c64.o(.bss.status) for status
    i2c_at24c64.o(.ARM.exidx.text.I2C_BufferWrite) refers to i2c_at24c64.o(.text.I2C_BufferWrite) for [Anonymous Symbol]
    i2c_at24c64.o(.text.I2C_ByteRead) refers to stm32f4xx_hal_i2c.o(.text.HAL_I2C_Mem_Read) for HAL_I2C_Mem_Read
    i2c_at24c64.o(.text.I2C_ByteRead) refers to i2c_at24c64.o(.text.I2C_Error) for I2C_Error
    i2c_at24c64.o(.ARM.exidx.text.I2C_ByteRead) refers to i2c_at24c64.o(.text.I2C_ByteRead) for [Anonymous Symbol]
    i2c_at24c64.o(.text.OUTLINED_FUNCTION_0) refers to i2c_at24c64.o(.text.I2C_PageWrite) for I2C_PageWrite
    i2c_at24c64.o(.ARM.exidx.text.OUTLINED_FUNCTION_0) refers to i2c_at24c64.o(.text.OUTLINED_FUNCTION_0) for [Anonymous Symbol]
    main.o(.text.main) refers to stm32f4xx_hal.o(.text.HAL_Init) for HAL_Init
    main.o(.text.main) refers to memseta.o(.text) for __aeabi_memclr4
    main.o(.text.main) refers to stm32f4xx_hal_rcc.o(.text.HAL_RCC_OscConfig) for HAL_RCC_OscConfig
    main.o(.text.main) refers to stm32f4xx_hal_pwr_ex.o(.text.HAL_PWREx_EnableOverDrive) for HAL_PWREx_EnableOverDrive
    main.o(.text.main) refers to stm32f4xx_hal_rcc.o(.text.HAL_RCC_ClockConfig) for HAL_RCC_ClockConfig
    main.o(.text.main) refers to stm32f4xx_hal.o(.text.HAL_InitTick) for HAL_InitTick
    main.o(.text.main) refers to stm32f429i_discovery.o(.text.BSP_LED_Init) for BSP_LED_Init
    main.o(.text.main) refers to stm32f429i_discovery.o(.text.BSP_PB_Init) for BSP_PB_Init
    main.o(.text.main) refers to stm32f429i_discovery_lcd.o(.text.BSP_LCD_Init) for BSP_LCD_Init
    main.o(.text.main) refers to stm32f429i_discovery_lcd.o(.text.BSP_LCD_LayerDefaultInit) for BSP_LCD_LayerDefaultInit
    main.o(.text.main) refers to stm32f429i_discovery_lcd.o(.text.BSP_LCD_SelectLayer) for BSP_LCD_SelectLayer
    main.o(.text.main) refers to stm32f429i_discovery_lcd.o(.text.BSP_LCD_Clear) for BSP_LCD_Clear
    main.o(.text.main) refers to stm32f429i_discovery_lcd.o(.text.BSP_LCD_DisplayOn) for BSP_LCD_DisplayOn
    main.o(.text.main) refers to stm32f429i_discovery_lcd.o(.text.BSP_LCD_SetFont) for BSP_LCD_SetFont
    main.o(.text.main) refers to main.o(.text.LCD_DisplayString) for LCD_DisplayString
    main.o(.text.main) refers to stm32f4xx_hal.o(.text.HAL_Delay) for HAL_Delay
    main.o(.text.main) refers to main.o(.text.RTC_Config) for RTC_Config
    main.o(.text.main) refers to main.o(.text.RTC_AlarmAConfig) for RTC_AlarmAConfig
[...]
    [Anonymous Symbol]                       0x08003cf8   Section        0  stm32f4xx_hal_rtc.o(.text.RTC_EnterInitMode)
    [Anonymous Symbol]                       0x08003d2c   Section        0  main.o(.text.RTC_SET_DATE)
    __arm_cp.16_0                            0x08003e1c   Number         4  main.o(.text.RTC_SET_DATE)
    __arm_cp.16_1                            0x08003e20   Number         4  main.o(.text.RTC_SET_DATE)
    __arm_cp.16_2                            0x08003e24   Number         4  main.o(.text.RTC_SET_DATE)
    __arm_cp.16_4                            0x08003e44   Number         4  main.o(.text.RTC_SET_DATE)
    __arm_cp.16_5                            0x08003e48   Number         4  main.o(.text.RTC_SET_DATE)
    __arm_cp.16_6                            0x08003e4c   Number         4  main.o(.text.RTC_SET_DATE)
    __arm_cp.16_7                            0x08003e50   Number         4  main.o(.text.RTC_SET_DATE)
    __arm_cp.16_8                            0x08003e54   Number         4  main.o(.text.RTC_SET_DATE)
    __arm_cp.16_9                            0x08003e58   Number         4  main.o(.text.RTC_SET_DATE)
    __arm_cp.16_10                           0x08003e5c   Number         4  main.o(.text.RTC_SET_DATE)
    [Anonymous Symbol]                       0x08003e60   Section        0  main.o(.text.RTC_SET_TIME)
    __arm_cp.15_0                            0x08003f3c   Number         4  main.o(.text.RTC_SET_TIME)
    __arm_cp.15_1                            0x08003f40   Number         4  main.o(.text.RTC_SET_TIME)
    SPI_EndRxTransaction                     0x08003f69   Thumb Code    84  stm32f4xx_hal_spi.o(.text.SPI_EndRxTransaction)
    [Anonymous Symbol]                       0x08003f68   Section        0  stm32f4xx_hal_spi.o(.text.SPI_EndRxTransaction)
    SPI_EndRxTxTransaction                   0x08003fbd   Thumb Code    84  stm32f4xx_hal_spi.o(.text.SPI_EndRxTxTransaction)
    [Anonymous Symbol]                       0x08003fbc   Section        0  stm32f4xx_hal_spi.o(.text.SPI_EndRxTxTransaction)
    __arm_cp.5_0                             0x08004010   Number         4  stm32f4xx_hal_spi.o(.text.SPI_EndRxTxTransaction)
    __arm_cp.5_1                             0x08004014   Number         4  stm32f4xx_hal_spi.o(.text.SPI_EndRxTxTransaction)
    SPI_WaitFlagStateUntilTimeout            0x08004019   Thumb Code   132  stm32f4xx_hal_spi.o(.text.SPI_WaitFlagStateUntilTimeout)
    [Anonymous Symbol]                       0x08004018   Section        0  stm32f4xx_hal_spi.o(.text.SPI_WaitFlagStateUntilTimeout)
    SPIx_Error                               0x0800409d   Thumb Code    16  stm32f429i_discovery.o(.text.SPIx_Error)
    [Anonymous Symbol]                       0x0800409c   Section        0  stm32f429i_discovery.o(.text.SPIx_Error)
    SPIx_Init                                0x080040ad   Thumb Code   136  stm32f429i_discovery.o(.text.SPIx_Init)
    [Anonymous Symbol]                       0x080040ac   Section        0  stm32f429i_discovery.o(.text.SPIx_Init)
    __arm_cp.8_1                             0x08004134   Number         4  stm32f429i_discovery.o(.text.SPIx_Init)
    __arm_cp.8_2                             0x08004138   Number         4  stm32f429i_discovery.o(.text.SPIx_Init)
    SPIx_Write                               0x0800413d   Thumb Code    32  stm32f429i_discovery.o(.text.SPIx_Write)
    [Anonymous Symbol]                       0x0800413c   Section        0  stm32f429i_discovery.o(.text.SPIx_Write)
    __arm_cp.10_0                            0x0800415c   Number         4  stm32f429i_discovery.o(.text.SPIx_Write)
    __arm_cp.10_1                            0x08004160   Number         4  stm32f429i_discovery.o(.text.SPIx_Write)
    [Anonymous Symbol]                       0x08004164   Section        0  stm32f4xx_it.o(.text.SVC_Handler)
    [Anonymous Symbol]                       0x08004166   Section        0  stm32f4xx_it.o(.text.SysTick_Handler)
    [Anonymous Symbol]                       0x0800416c   Section        0  system_stm32f4xx.o(.text.SystemInit)
    __arm_cp.0_0                             0x08004184   Number         4  system_stm32f4xx.o(.text.SystemInit)
    [Anonymous Symbol]                       0x08004188   Section        0  stm32f4xx_it.o(.text.TAMP_STAMP_IRQHandler)
    [Anonymous Symbol]                       0x0800418a   Section        0  stm32f4xx_it.o(.text.TIM3_IRQHandler)
    [Anonymous Symbol]                       0x0800418c   Section        0  stm32f4xx_it.o(.text.TIM4_IRQHandler)
    [Anonymous Symbol]                       0x0800418e   Section        0  stm32f4xx_it.o(.text.UsageFault_Handler)
    __NVIC_SetPriority                       0x08004191   Thumb Code    28  stm32f4xx_hal_cortex.o(.text.__NVIC_SetPriority)
    [Anonymous Symbol]                       0x08004190   Section        0  stm32f4xx_hal_cortex.o(.text.__NVIC_SetPriority)
    __arm_cp.2_0                             0x080041ac   Number         4  stm32f4xx_hal_cortex.o(.text.__NVIC_SetPriority)
    __arm_cp.2_1                             0x080041b0   Number         4  stm32f4xx_hal_cortex.o(.text.__NVIC_SetPriority)
    [Anonymous Symbol]                       0x080041b4   Section        0  main.o(.text.currentDate)
    __arm_cp.5_0                             0x08004250   Number         4  main.o(.text.currentDate)
    __arm_cp.5_1                             0x08004254   Number         4  main.o(.text.currentDate)
    __arm_cp.5_2                             0x08004258   Number         4  main.o(.text.currentDate)
    __arm_cp.5_3                             0x0800425c   Number         4  main.o(.text.currentDate)
    __arm_cp.5_4                             0x08004260   Number         4  main.o(.text.currentDate)
    __arm_cp.5_6                             0x0800427c   Number         4  main.o(.text.currentDate)
    [Anonymous Symbol]                       0x08004280   Section        0  main.o(.text.getTime)
    __arm_cp.4_1                             0x080042c0   Number         4  main.o(.text.getTime)
    [Anonymous Symbol]                       0x080042c4   Section        0  ili9341.o(.text.ili9341_DisplayOff)
    [Anonymous Symbol]                       0x080042ca   Section        0  ili9341.o(.text.ili9341_DisplayOn)
    [Anonymous Symbol]                       0x080042d0   Section        0  ili9341.o(.text.ili9341_GetLcdPixelHeight)
    [Anonymous Symbol]                       0x080042d6   Section        0  ili9341.o(.text.ili9341_GetLcdPixelWidth)
    [Anonymous Symbol]                       0x080042dc   Section        0  ili9341.o(.text.ili9341_Init)
    __arm_cp.0_0                             0x080044a0   Number         4  ili9341.o(.text.ili9341_Init)
    __arm_cp.0_1                             0x080044a4   Number         4  ili9341.o(.text.ili9341_Init)
    [Anonymous Symbol]                       0x080044a8   Section        0  ili9341.o(.text.ili9341_ReadID)
    [Anonymous Symbol]                       0x080044ba   Section        0  ili9341.o(.text.ili9341_WriteData)
    [Anonymous Symbol]                       0x080044c0   Section        0  main.o(.text.main)
    __arm_cp.0_0                             0x08004608   Number         4  main.o(.text.main)
    __arm_cp.0_1                             0x0800460c   Number         4  main.o(.text.main)
    __arm_cp.0_2                             0x08004610   Number         4  main.o(.text.main)
    __arm_cp.0_5                             0x08004638   Number         4  main.o(.text.main)
    __arm_cp.0_6                             0x0800463c   Number         4  main.o(.text.main)
    __arm_cp.0_7                             0x08004640   Number         4  main.o(.text.main)
    [Anonymous Symbol]                       0x08004644   Section        0  main.o(.text.setTime)
    __arm_cp.13_1                            0x08004718   Number         4  main.o(.text.setTime)
    __arm_cp.13_2                            0x0800471c   Number         4  main.o(.text.setTime)
    __arm_cp.13_3                            0x08004720   Number         4  main.o(.text.setTime)
    [Anonymous Symbol]                       0x08004724   Section        0  main.o(.text.showRecentTime)
    __arm_cp.14_0                            0x080047ac   Number         4  main.o(.text.showRecentTime)
    __arm_cp.14_2                            0x080047b8   Number         4  main.o(.text.showRecentTime)
    __arm_cp.14_3                            0x080047bc   Number         4  main.o(.text.showRecentTime)
    __arm_cp.14_4                            0x080047c0   Number         4  main.o(.text.showRecentTime)
    __arm_cp.14_5                            0x080047c4   Number         4  main.o(.text.showRecentTime)
    i.__0sprintf                             0x080047d0   Section        0  printfa.o(i.__0sprintf)
    i.__scatterload_copy                     0x080047f8   Section       14  handlers.o(i.__scatterload_copy)
    i.__scatterload_null                     0x08004806   Section        2  handlers.o(i.__scatterload_null)
    i.__scatterload_zeroinit                 0x08004808   Section       14  handlers.o(i.__scatterload_zeroinit)
    _fp_digits                               0x08004819   Thumb Code   366  printfa.o(i._fp_digits)
    i._fp_digits                             0x08004818   Section        0  printfa.o(i._fp_digits)
    _printf_core                             0x0800499d   Thumb Code  1744  printfa.o(i._printf_core)
    i._printf_core                           0x0800499c   Section        0  printfa.o(i._printf_core)
    _printf_post_padding                     0x08005079   Thumb Code    36  printfa.o(i._printf_post_padding)
    i._printf_post_padding                   0x08005078   Section        0  printfa.o(i._printf_post_padding)
    _printf_pre_padding                      0x0800509d   Thumb Code    46  printfa.o(i._printf_pre_padding)
    i._printf_pre_padding                    0x0800509c   Section        0  printfa.o(i._printf_pre_padding)
    _sputc                                   0x080050cb   Thumb Code    10  printfa.o(i._sputc)
    i._sputc                                 0x080050ca   Section        0  printfa.o(i._sputc)
    [Anonymous Symbol]                       0x08007a80   Section        0  stm32f4xx_hal_ltdc.o(.rodata.cst32)
    [Anonymous Symbol]                       0x08007aa0   Section        0  main.o(.rodata.str1.1)
    [Anonymous Symbol]                       0x20000000   Section        0  stm32f4xx_hal.o(.data..L_MergedGlobals)
    [Anonymous Symbol]                       0x20000068   Section        0  main.o(.bss..L_MergedGlobals)
    [Anonymous Symbol]                       0x200000e0   Section        0  stm32f429i_discovery_lcd.o(.bss..L_MergedGlobals)
    ActiveLayer                              0x200000e4   Data           4  stm32f429i_discovery_lcd.o(.bss..L_MergedGlobals)
    DrawProp                                 0x200000e8   Data          24  stm32f429i_discovery_lcd.o(.bss..L_MergedGlobals)
    PeriphClkInitStruct                      0x20000100   Data          48  stm32f429i_discovery_lcd.o(.bss..L_MergedGlobals)
    BSP_SDRAM_Init.sdramstatus               0x20000130   Data           1  stm32f429i_discovery_sdram.o(.bss..L_MergedGlobals)
    [Anonymous Symbol]                       0x20000130   Section        0  stm32f429i_discovery_sdram.o(.bss..L_MergedGlobals)
    Command                                  0x20000134   Data          16  stm32f429i_discovery_sdram.o(.bss..L_MergedGlobals)
    Timing                                   0x20000144   Data          28  stm32f429i_discovery_sdram.o(.bss..L_MergedGlobals)
    SdramHandle                              0x20000160   Data          52  stm32f429i_discovery_sdram.o(.bss..L_MergedGlobals)
    BSP_SDRAM_MspInit.dmaHandle              0x20000194   Data          96  stm32f429i_discovery_sdram.o(.bss.BSP_SDRAM_MspInit.dmaHandle)
    [Anonymous Symbol]                       0x20000194   Section        0  stm32f429i_discovery_sdram.o(.bss.BSP_SDRAM_MspInit.dmaHandle)
    Dma2dHandler                             0x200001f4   Data          64  stm32f429i_discovery_lcd.o(.bss.Dma2dHandler)
    [Anonymous Symbol]                       0x200001f4   Section        0  stm32f429i_discovery_lcd.o(.bss.Dma2dHandler)
    Is_LCD_IO_Initialized                    0x20000288   Data           1  stm32f429i_discovery.o(.bss.Is_LCD_IO_Initialized)
    [Anonymous Symbol]                       0x20000288   Section        0  stm32f429i_discovery.o(.bss.Is_LCD_IO_Initialized)
    SpiHandle                                0x20000334   Data          88  stm32f429i_discovery.o(.bss.SpiHandle)
    [Anonymous Symbol]                       0x20000334   Section        0  stm32f429i_discovery.o(.bss.SpiHandle)
    STACK                                    0x20000398   Section     1024  startup_stm32f429xx.o(STACK)

    Global Symbols

    Symbol Name                              Value     Ov Type        Size  Object(Section)

    BuildAttributes$$THM_ISAv4$E$P$D$K$B$S$7EM$VFPi3$EXTD16$VFPS$VFMA$PE$A:L22UL41UL21$X:L11$S22US41US21$IEEE1$IW$~IW$USESV6$~STKCKD$USESV7$~SHL$OSPACE$ROPI$EBA8$MICROLIB$REQ8$PRES8$EABIv2 0x00000000   Number         0  anon$$obj.o ABSOLUTE
    _printf_a                                0x00000000   Number         0  printfstubs.o ABSOLUTE
    _printf_c                                0x00000000   Number         0  printfstubs.o ABSOLUTE
    _printf_charcount                        0x00000000   Number         0  printfstubs.o ABSOLUTE
    _printf_d                                0x00000000   Number         0  printfstubs.o ABSOLUTE
    _printf_e                                0x00000000   Number         0  printfstubs.o ABSOLUTE
    _printf_f                                0x00000000   Number         0  printfstubs.o ABSOLUTE
    _printf_flags                            0x00000000   Number         0  printfstubs.o ABSOLUTE
    _printf_fp_dec                           0x00000000   Number         0  printfstubs.o ABSOLUTE
    _printf_fp_hex                           0x00000000   Number         0  printfstubs.o ABSOLUTE
    _printf_g                                0x00000000   Number         0  printfstubs.o ABSOLUTE
    _printf_i                                0x00000000   Number         0  printfstubs.o ABSOLUTE
    _printf_int_dec                          0x00000000   Number         0  printfstubs.o ABSOLUTE
    _printf_l                                0x00000000   Number         0  printfstubs.o ABSOLUTE
    _printf_lc                               0x00000000   Number         0  printfstubs.o ABSOLUTE
    _printf_ll                               0x00000000   Number         0  printfstubs.o ABSOLUTE
    _printf_lld                              0x00000000   Number         0  printfstubs.o ABSOLUTE
    _printf_lli                              0x00000000   Number         0  printfstubs.o ABSOLUTE
    _printf_llo                              0x00000000   Number         0  printfstubs.o ABSOLUTE
    _printf_llu                              0x00000000   Number         0  printfstubs.o ABSOLUTE
    _printf_llx                              0x00000000   Number         0  printfstubs.o ABSOLUTE
    _printf_longlong_dec                     0x00000000   Number         0  printfstubs.o ABSOLUTE
    _printf_longlong_hex                     0x00000000   Number         0  printfstubs.o ABSOLUTE
    _printf_longlong_oct                     0x00000000   Number         0  printfstubs.o ABSOLUTE
    _printf_ls                               0x00000000   Number         0  printfstubs.o ABSOLUTE
    _printf_mbtowc                           0x00000000   Number         0  printfstubs.o ABSOLUTE
    _printf_n                                0x00000000   Number         0  printfstubs.o ABSOLUTE
    _printf_o                                0x00000000   Number         0  printfstubs.o ABSOLUTE
    _printf_p                                0x00000000   Number         0  printfstubs.o ABSOLUTE
    _printf_percent                          0x00000000   Number         0  printfstubs.o ABSOLUTE
    _printf_pre_padding                      0x00000000   Number         0  printfstubs.o ABSOLUTE
    _printf_return_value                     0x00000000   Number         0  printfstubs.o ABSOLUTE
    _printf_s                                0x00000000   Number         0  printfstubs.o ABSOLUTE
    _printf_sizespec                         0x00000000   Number         0  printfstubs.o ABSOLUTE
    _printf_str                              0x00000000   Number         0  printfstubs.o ABSOLUTE
    _printf_truncate_signed                  0x00000000   Number         0  printfstubs.o ABSOLUTE
    _printf_truncate_unsigned                0x00000000   Number         0  printfstubs.o ABSOLUTE
    _printf_u                                0x00000000   Number         0  printfstubs.o ABSOLUTE
    _printf_wc                               0x00000000   Number         0  printfstubs.o ABSOLUTE
    _printf_wctomb                           0x00000000   Number         0  printfstubs.o ABSOLUTE
    _printf_widthprec                        0x00000000   Number         0  printfstubs.o ABSOLUTE
    _printf_x                                0x00000000   Number         0  printfstubs.o ABSOLUTE
    __cpp_initialize__aeabi_                  - Undefined Weak Reference
    __cxa_finalize                            - Undefined Weak Reference
    __decompress                              - Undefined Weak Reference
    _clock_init                               - Undefined Weak Reference
    _microlib_exit                            - Undefined Weak Reference
    __Vectors_Size                           0x000001ac   Number         0  startup_stm32f429xx.o ABSOLUTE
    __Vectors                                0x08000000   Data           4  startup_stm32f429xx.o(RESET)
    __Vectors_End                            0x080001ac   Data           0  startup_stm32f429xx.o(RESET)
    __main                                   0x080001ad   Thumb Code     0  entry.o(.ARM.Collect$$$$00000000)
    _main_stk                                0x080001ad   Thumb Code     0  entry2.o(.ARM.Collect$$$$00000001)
    _main_scatterload                        0x080001b1   Thumb Code     0  entry5.o(.ARM.Collect$$$$00000004)
    __main_after_scatterload                 0x080001b5   Thumb Code     0  entry5.o(.ARM.Collect$$$$00000004)
    _main_clock                              0x080001b5   Thumb Code     0  entry7b.o(.ARM.Collect$$$$00000008)
    _main_cpp_init                           0x080001b5   Thumb Code     0  entry8b.o(.ARM.Collect$$$$0000000A)
    _main_init                               0x080001b5   Thumb Code     0  entry9a.o(.ARM.Collect$$$$0000000B)
    __rt_final_cpp                           0x080001bd   Thumb Code     0  entry10a.o(.ARM.Collect$$$$0000000D)
    __rt_final_exit                          0x080001bd   Thumb Code     0  entry11a.o(.ARM.Collect$$$$0000000F)
    Reset_Handler                            0x080001c1   Thumb Code     8  startup_stm32f429xx.o(.text)
    ADC_IRQHandler                           0x080001db   Thumb Code     0  startup_stm32f429xx.o(.text)
    CAN1_RX0_IRQHandler                      0x080001db   Thumb Code     0  startup_stm32f429xx.o(.text)
    CAN1_RX1_IRQHandler                      0x080001db   Thumb Code     0  startup_stm32f429xx.o(.text)
    CAN1_SCE_IRQHandler                      0x080001db   Thumb Code     0  startup_stm32f429xx.o(.text)
    CAN1_TX_IRQHandler                       0x080001db   Thumb Code     0  startup_stm32f429xx.o(.text)
    CAN2_RX0_IRQHandler                      0x080001db   Thumb Code     0  startup_stm32f429xx.o(.text)
    CAN2_RX1_IRQHandler                      0x080001db   Thumb Code     0  startup_stm32f429xx.o(.text)
    CAN2_SCE_IRQHandler                      0x080001db   Thumb Code     0  startup_stm32f429xx.o(.text)
    CAN2_TX_IRQHandler                       0x080001db   Thumb Code     0  startup_stm32f429xx.o(.text)
    DCMI_IRQHandler                          0x080001db   Thumb Code     0  startup_stm32f429xx.o(.text)
    DMA1_Stream0_IRQHandler                  0x080001db   Thumb Code     0  startup_stm32f429xx.o(.text)
    DMA1_Stream1_IRQHandler                  0x080001db   Thumb Code     0  startup_stm32f429xx.o(.text)
    DMA1_Stream2_IRQHandler                  0x080001db   Thumb Code     0  startup_stm32f429xx.o(.text)
    DMA1_Stream3_IRQHandler                  0x080001db   Thumb Code     0  startup_stm32f429xx.o(.text)
    DMA1_Stream4_IRQHandler                  0x080001db   Thumb Code     0  startup_stm32f429xx.o(.text)
    DMA1_Stream5_IRQHandler                  0x080001db   Thumb Code     0  startup_stm32f429xx.o(.text)
    DMA1_Stream6_IRQHandler                  0x080001db   Thumb Code     0  startup_stm32f429xx.o(.text)
    DMA1_Stream7_IRQHandler                  0x080001db   Thumb Code     0  startup_stm32f429xx.o(.text)
    DMA2D_IRQHandler                         0x080001db   Thumb Code     0  startup_stm32f429xx.o(.text)
    DMA2_Stream0_IRQHandler                  0x080001db   Thumb Code     0  startup_stm32f429xx.o(.text)
    DMA2_Stream1_IRQHandler                  0x080001db   Thumb Code     0  startup_stm32f429xx.o(.text)
    DMA2_Stream2_IRQHandler                  0x080001db   Thumb Code     0  startup_stm32f429xx.o(.text)
    DMA2_Stream3_IRQHandler                  0x080001db   Thumb Code     0  startup_stm32f429xx.o(.text)
    DMA2_Stream4_IRQHandler                  0x080001db   Thumb Code     0  startup_stm32f429xx.o(.text)
    DMA2_Stream5_IRQHandler                  0x080001db   Thumb Code     0  startup_stm32f429xx.o(.text)
    DMA2_Stream6_IRQHandler                  0x080001db   Thumb Code     0  startup_stm32f429xx.o(.text)
    DMA2_Stream7_IRQHandler                  0x080001db   Thumb Code     0  startup_stm32f429xx.o(.text)
    ETH_IRQHandler                           0x080001db   Thumb Code     0  startup_stm32f429xx.o(.text)
    ETH_WKUP_IRQHandler                      0x080001db   Thumb Code     0  startup_stm32f429xx.o(.text)
    EXTI15_10_IRQHandler                     0x080001db   Thumb Code     0  startup_stm32f429xx.o(.text)
    EXTI3_IRQHandler                         0x080001db   Thumb Code     0  startup_stm32f429xx.o(.text)
    EXTI4_IRQHandler                         0x080001db   Thumb Code     0  startup_stm32f429xx.o(.text)
    EXTI9_5_IRQHandler                       0x080001db   Thumb Code     0  startup_stm32f429xx.o(.text)
    FLASH_IRQHandler                         0x080001db   Thumb Code     0  startup_stm32f429xx.o(.text)
    FMC_IRQHandler                           0x080001db   Thumb Code     0  startup_stm32f429xx.o(.text)
    FPU_IRQHandler                           0x080001db   Thumb Code     0  startup_stm32f429xx.o(.text)
    HASH_RNG_IRQHandler                      0x080001db   Thumb Code     0  startup_stm32f429xx.o(.text)
    I2C1_ER_IRQHandler                       0x080001db   Thumb Code     0  startup_stm32f429xx.o(.text)
    I2C1_EV_IRQHandler                       0x080001db   Thumb Code     0  startup_stm32f429xx.o(.text)
    I2C2_ER_IRQHandler                       0x080001db   Thumb Code     0  startup_stm32f429xx.o(.text)
    I2C2_EV_IRQHandler                       0x080001db   Thumb Code     0  startup_stm32f429xx.o(.text)
    LTDC_ER_IRQHandler                       0x080001db   Thumb Code     0  startup_stm32f429xx.o(.text)
    LTDC_IRQHandler                          0x080001db   Thumb Code     0  startup_stm32f429xx.o(.text)
    OTG_FS_IRQHandler                        0x080001db   Thumb Code     0  startup_stm32f429xx.o(.text)
    OTG_FS_WKUP_IRQHandler                   0x080001db   Thumb Code     0  startup_stm32f429xx.o(.text)
    OTG_HS_EP1_IN_IRQHandler                 0x080001db   Thumb Code     0  startup_stm32f429xx.o(.text)
    OTG_HS_EP1_OUT_IRQHandler                0x080001db   Thumb Code     0  startup_stm32f429xx.o(.text)
    OTG_HS_IRQHandler                        0x080001db   Thumb Code     0  startup_stm32f429xx.o(.text)
    OTG_HS_WKUP_IRQHandler                   0x080001db   Thumb Code     0  startup_stm32f429xx.o(.text)
    PVD_IRQHandler                           0x080001db   Thumb Code     0  startup_stm32f429xx.o(.text)
    RCC_IRQHandler                           0x080001db   Thumb Code     0  startup_stm32f429xx.o(.text)
    RTC_WKUP_IRQHandler                      0x080001db   Thumb Code     0  startup_stm32f429xx.o(.text)
    SAI1_IRQHandler                          0x080001db   Thumb Code     0  startup_stm32f429xx.o(.text)
    SDIO_IRQHandler                          0x080001db   Thumb Code     0  startup_stm32f429xx.o(.text)
    SPI1_IRQHandler                          0x080001db   Thumb Code     0  startup_stm32f429xx.o(.text)
    SPI2_IRQHandler                          0x080001db   Thumb Code     0  startup_stm32f429xx.o(.text)
    SPI3_IRQHandler                          0x080001db   Thumb Code     0  startup_stm32f429xx.o(.text)
    SPI4_IRQHandler                          0x080001db   Thumb Code     0  startup_stm32f429xx.o(.text)
    SPI5_IRQHandler                          0x080001db   Thumb Code     0  startup_stm32f429xx.o(.text)
    SPI6_IRQHandler                          0x080001db   Thumb Code     0  startup_stm32f429xx.o(.text)
    TIM1_BRK_TIM9_IRQHandler                 0x080001db   Thumb Code     0  startup_stm32f429xx.o(.text)
    TIM1_CC_IRQHandler                       0x080001db   Thumb Code     0  startup_stm32f429xx.o(.text)
    TIM1_TRG_COM_TIM11_IRQHandler            0x080001db   Thumb Code     0  startup_stm32f429xx.o(.text)
    TIM1_UP_TIM10_IRQHandler                 0x080001db   Thumb Code     0  startup_stm32f429xx.o(.text)
    TIM2_IRQHandler                          0x080001db   Thumb Code     0  startup_stm32f429xx.o(.text)
    TIM5_IRQHandler                          0x080001db   Thumb Code     0  startup_stm32f429xx.o(.text)
    TIM6_DAC_IRQHandler                      0x080001db   Thumb Code     0  startup_stm32f429xx.o(.text)
    TIM7_IRQHandler                          0x080001db   Thumb Code     0  startup_stm32f429xx.o(.text)
    TIM8_BRK_TIM12_IRQHandler                0x080001db   Thumb Code     0  startup_stm32f429xx.o(.text)
    TIM8_CC_IRQHandler                       0x080001db   Thumb Code     0  startup_stm32f429xx.o(.text)
    TIM8_TRG_COM_TIM14_IRQHandler            0x080001db   Thumb Code     0  startup_stm32f429xx.o(.text)
    TIM8_UP_TIM13_IRQHandler                 0x080001db   Thumb Code     0  startup_stm32f429xx.o(.text)
    UART4_IRQHandler                         0x080001db   Thumb Code     0  startup_stm32f429xx.o(.text)
    UART5_IRQHandler                         0x080001db   Thumb Code     0  startup_stm32f429xx.o(.text)
    UART7_IRQHandler                         0x080001db   Thumb Code     0  startup_stm32f429xx.o(.text)
    UART8_IRQHandler                         0x080001db   Thumb Code     0  startup_stm32f429xx.o(.text)
    USART1_IRQHandler                        0x080001db   Thumb Code     0  startup_stm32f429xx.o(.text)
    USART2_IRQHandler                        0x080001db   Thumb Code     0  startup_stm32f429xx.o(.text)
    USART3_IRQHandler                        0x080001db   Thumb Code     0  startup_stm32f429xx.o(.text)
    USART6_IRQHandler                        0x080001db   Thumb Code     0  startup_stm32f429xx.o(.text)
    WWDG_IRQHandler                          0x080001db   Thumb Code     0  startup_stm32f429xx.o(.text)
    __aeabi_uldivmod                         0x080001e5   Thumb Code    98  uldiv.o(.text)
    __aeabi_memcpy                           0x08000247   Thumb Code    36  memcpya.o(.text)
    __aeabi_memcpy4                          0x08000247   Thumb Code     0  memcpya.o(.text)
    __aeabi_memcpy8                          0x08000247   Thumb Code     0  memcpya.o(.text)
    __aeabi_memset                           0x0800026b   Thumb Code    14  memseta.o(.text)
    __aeabi_memset4                          0x0800026b   Thumb Code     0  memseta.o(.text)
    __aeabi_memset8                          0x0800026b   Thumb Code     0  memseta.o(.text)
    __aeabi_memclr                           0x08000279   Thumb Code     4  memseta.o(.text)
    __aeabi_memclr4                          0x08000279   Thumb Code     0  memseta.o(.text)
    __aeabi_memclr8                          0x08000279   Thumb Code     0  memseta.o(.text)
    _memset$wrapper                          0x0800027d   Thumb Code    18  memseta.o(.text)
    __aeabi_uidiv                            0x0800028f   Thumb Code     0  uidiv.o(.text)
    __aeabi_uidivmod                         0x0800028f   Thumb Code    44  uidiv.o(.text)
    __aeabi_llsl                             0x080002bb   Thumb Code    30  llshl.o(.text)
    _ll_shift_l                              0x080002bb   Thumb Code     0  llshl.o(.text)
    __aeabi_llsr                             0x080002d9   Thumb Code    32  llushr.o(.text)
    _ll_ushift_r                             0x080002d9   Thumb Code     0  llushr.o(.text)
    __I$use$fp                               0x080002f9   Thumb Code     0  iusefp.o(.text)
    __aeabi_dadd                             0x080002f9   Thumb Code   322  dadd.o(.text)
    __aeabi_dsub                             0x0800043b   Thumb Code     6  dadd.o(.text)
    __aeabi_drsub                            0x08000441   Thumb Code     6  dadd.o(.text)
    __aeabi_dmul                             0x08000447   Thumb Code   228  dmul.o(.text)
    __aeabi_ddiv                             0x0800052b   Thumb Code   222  ddiv.o(.text)
    __aeabi_d2ulz                            0x08000609   Thumb Code    48  dfixul.o(.text)
    __aeabi_cdrcmple                         0x08000639   Thumb Code    48  cdrcmple.o(.text)
    __scatterload                            0x08000669   Thumb Code    28  init.o(.text)
    __scatterload_rt2                        0x08000669   Thumb Code     0  init.o(.text)
    __aeabi_lasr                             0x0800068d   Thumb Code    36  llsshr.o(.text)
    _ll_sshift_r                             0x0800068d   Thumb Code     0  llsshr.o(.text)
    _double_round                            0x080006b1   Thumb Code    30  depilogue.o(.text)
    _double_epilogue                         0x080006cf   Thumb Code   156  depilogue.o(.text)
    BSP_LCD_Clear                            0x0800076d   Thumb Code    56  stm32f429i_discovery_lcd.o(.text.BSP_LCD_Clear)
    BSP_LCD_ClearStringLine                  0x080007a5   Thumb Code    84  stm32f429i_discovery_lcd.o(.text.BSP_LCD_ClearStringLine)
    BSP_LCD_DisplayChar                      0x080007f9   Thumb Code   200  stm32f429i_discovery_lcd.o(.text.BSP_LCD_DisplayChar)
    BSP_LCD_DisplayOn                        0x080008c1   Thumb Code    12  stm32f429i_discovery_lcd.o(.text.BSP_LCD_DisplayOn)
    BSP_LCD_DrawPixel                        0x080008cd   Thumb Code    40  stm32f429i_discovery_lcd.o(.text.BSP_LCD_DrawPixel)
    BSP_LCD_FillRect                         0x080008f5   Thumb Code    76  stm32f429i_discovery_lcd.o(.text.BSP_LCD_FillRect)
    BSP_LCD_GetFont                          0x08000941   Thumb Code    16  stm32f429i_discovery_lcd.o(.text.BSP_LCD_GetFont)
    BSP_LCD_GetXSize                         0x08000951   Thumb Code    12  stm32f429i_discovery_lcd.o(.text.BSP_LCD_GetXSize)
    BSP_LCD_Init                             0x0800095d   Thumb Code   132  stm32f429i_discovery_lcd.o(.text.BSP_LCD_Init)
    BSP_LCD_LayerDefaultInit                 0x080009e9   Thumb Code   124  stm32f429i_discovery_lcd.o(.text.BSP_LCD_LayerDefaultInit)
    BSP_LCD_MspInit                          0x08000a71   Thumb Code   260  stm32f429i_discovery_lcd.o(.text.BSP_LCD_MspInit)
    BSP_LCD_SelectLayer                      0x08000b7d   Thumb Code     8  stm32f429i_discovery_lcd.o(.text.BSP_LCD_SelectLayer)
    BSP_LCD_SetFont                          0x08000b85   Thumb Code    16  stm32f429i_discovery_lcd.o(.text.BSP_LCD_SetFont)
    BSP_LED_Init                             0x08000b99   Thumb Code    84  stm32f429i_discovery.o(.text.BSP_LED_Init)
    BSP_LED_On                               0x08000bed   Thumb Code    20  stm32f429i_discovery.o(.text.BSP_LED_On)
    BSP_PB_GetState                          0x08000c09   Thumb Code    16  stm32f429i_discovery.o(.text.BSP_PB_GetState)
    BSP_PB_Init                              0x08000c19   Thumb Code   104  stm32f429i_discovery.o(.text.BSP_PB_Init)
    BSP_SDRAM_Init                           0x08000c8d   Thumb Code   116  stm32f429i_discovery_sdram.o(.text.BSP_SDRAM_Init)
    BSP_SDRAM_Initialization_sequence        0x08000d05   Thumb Code   136  stm32f429i_discovery_sdram.o(.text.BSP_SDRAM_Initialization_sequence)
    BSP_SDRAM_MspInit                        0x08000d95   Thumb Code   344  stm32f429i_discovery_sdram.o(.text.BSP_SDRAM_MspInit)
    BusFault_Handler                         0x08000f01   Thumb Code     2  stm32f4xx_it.o(.text.BusFault_Handler)
    DebugMon_Handler                         0x08000fd1   Thumb Code     2  stm32f4xx_it.o(.text.DebugMon_Handler)
    EXTI0_IRQHandler                         0x08000fd3   Thumb Code     6  stm32f4xx_it.o(.text.EXTI0_IRQHandler)
    EXTI1_IRQHandler                         0x08000fd9   Thumb Code    36  stm32f4xx_it.o(.text.EXTI1_IRQHandler)
    EXTI2_IRQHandler                         0x08001001   Thumb Code    36  stm32f4xx_it.o(.text.EXTI2_IRQHandler)
    FMC_SDRAM_Init                           0x08001035   Thumb Code   128  stm32f4xx_ll_fmc.o(.text.FMC_SDRAM_Init)
    FMC_SDRAM_ProgramRefreshRate             0x080010b5   Thumb Code    12  stm32f4xx_ll_fmc.o(.text.FMC_SDRAM_ProgramRefreshRate)
    FMC_SDRAM_SendCommand                    0x080010c1   Thumb Code    76  stm32f4xx_ll_fmc.o(.text.FMC_SDRAM_SendCommand)
    FMC_SDRAM_Timing_Init                    0x0800110d   Thumb Code   164  stm32f4xx_ll_fmc.o(.text.FMC_SDRAM_Timing_Init)
    HAL_DMA2D_ConfigLayer                    0x0800121d   Thumb Code   116  stm32f4xx_hal_dma2d.o(.text.HAL_DMA2D_ConfigLayer)
    HAL_DMA2D_Init                           0x08001295   Thumb Code    82  stm32f4xx_hal_dma2d.o(.text.HAL_DMA2D_Init)
    HAL_DMA2D_MspInit                        0x080012e7   Thumb Code     2  stm32f4xx_hal_dma2d.o(.text.HAL_DMA2D_MspInit)
    HAL_DMA2D_PollForTransfer                0x080012e9   Thumb Code   216  stm32f4xx_hal_dma2d.o(.text.HAL_DMA2D_PollForTransfer)
    HAL_DMA2D_Start                          0x080013c1   Thumb Code    20  stm32f4xx_hal_dma2d.o(.text.HAL_DMA2D_Start)
    HAL_DMA_DeInit                           0x080013d5   Thumb Code    90  stm32f4xx_hal_dma.o(.text.HAL_DMA_DeInit)
    HAL_DMA_Init                             0x08001431   Thumb Code   260  stm32f4xx_hal_dma.o(.text.HAL_DMA_Init)
    HAL_Delay                                0x08001539   Thumb Code    32  stm32f4xx_hal.o(.text.HAL_Delay)
    HAL_GPIO_EXTI_Callback                   0x0800155d   Thumb Code   352  main.o(.text.HAL_GPIO_EXTI_Callback)
    HAL_GPIO_EXTI_IRQHandler                 0x080016c1   Thumb Code    16  stm32f4xx_hal_gpio.o(.text.HAL_GPIO_EXTI_IRQHandler)
    HAL_GPIO_Init                            0x080016d5   Thumb Code   384  stm32f4xx_hal_gpio.o(.text.HAL_GPIO_Init)
    HAL_GPIO_ReadPin                         0x0800186d   Thumb Code    10  stm32f4xx_hal_gpio.o(.text.HAL_GPIO_ReadPin)
    HAL_GPIO_WritePin                        0x08001877   Thumb Code    10  stm32f4xx_hal_gpio.o(.text.HAL_GPIO_WritePin)
    HAL_GetTick                              0x08001881   Thumb Code     8  stm32f4xx_hal.o(.text.HAL_GetTick)
    HAL_I2C_DeInit                           0x08001889   Thumb Code    40  stm32f4xx_hal_i2c.o(.text.HAL_I2C_DeInit)
    HAL_I2C_GetState                         0x080018b1   Thumb Code     6  stm32f4xx_hal_i2c.o(.text.HAL_I2C_GetState)
    HAL_I2C_Init                             0x080018b9   Thumb Code   284  stm32f4xx_hal_i2c.o(.text.HAL_I2C_Init)
    HAL_I2C_Mem_Read                         0x080019e9   Thumb Code   268  stm32f4xx_hal_i2c.o(.text.HAL_I2C_Mem_Read)
    HAL_I2C_Mem_Write                        0x08001af9   Thumb Code   216  stm32f4xx_hal_i2c.o(.text.HAL_I2C_Mem_Write)
    HAL_I2C_MspDeInit                        0x08001bd9   Thumb Code     2  stm32f4xx_hal_i2c.o(.text.HAL_I2C_MspDeInit)
    HAL_I2C_MspInit                          0x08001bdb   Thumb Code     2  stm32f4xx_hal_msp.o(.text.HAL_I2C_MspInit)
    HAL_IncTick                              0x08001bdd   Thumb Code    16  stm32f4xx_hal.o(.text.HAL_IncTick)
    HAL_Init                                 0x08001bf1   Thumb Code    48  stm32f4xx_hal.o(.text.HAL_Init)
    HAL_InitTick                             0x08001c25   Thumb Code    56  stm32f4xx_hal.o(.text.HAL_InitTick)
    HAL_LTDC_ConfigLayer                     0x08001c65   Thumb Code    32  stm32f4xx_hal_ltdc.o(.text.HAL_LTDC_ConfigLayer)
    HAL_LTDC_EnableDither                    0x08001c85   Thumb Code    40  stm32f4xx_hal_ltdc.o(.text.HAL_LTDC_EnableDither)
    HAL_LTDC_Init                            0x08001cb1   Thumb Code   208  stm32f4xx_hal_ltdc.o(.text.HAL_LTDC_Init)
    HAL_LTDC_MspInit                         0x08001d85   Thumb Code     2  stm32f4xx_hal_ltdc.o(.text.HAL_LTDC_MspInit)
    HAL_MspInit                              0x08001d87   Thumb Code     2  stm32f4xx_hal.o(.text.HAL_MspInit)
    HAL_NVIC_EnableIRQ                       0x08001d89   Thumb Code    24  stm32f4xx_hal_cortex.o(.text.HAL_NVIC_EnableIRQ)
    HAL_NVIC_SetPriority                     0x08001da5   Thumb Code    56  stm32f4xx_hal_cortex.o(.text.HAL_NVIC_SetPriority)
    HAL_NVIC_SetPriorityGrouping             0x08001ddd   Thumb Code    24  stm32f4xx_hal_cortex.o(.text.HAL_NVIC_SetPriorityGrouping)
    HAL_PWREx_EnableOverDrive                0x08001dfd   Thumb Code    92  stm32f4xx_hal_pwr_ex.o(.text.HAL_PWREx_EnableOverDrive)
    HAL_PWR_EnableBkUpAccess                 0x08001e65   Thumb Code     8  stm32f4xx_hal_pwr.o(.text.HAL_PWR_EnableBkUpAccess)
    HAL_RCCEx_PeriphCLKConfig                0x08001e71   Thumb Code   484  stm32f4xx_hal_rcc_ex.o(.text.HAL_RCCEx_PeriphCLKConfig)
    HAL_RCC_ClockConfig                      0x08002065   Thumb Code   264  stm32f4xx_hal_rcc.o(.text.HAL_RCC_ClockConfig)
    HAL_RCC_GetPCLK1Freq                     0x08002179   Thumb Code    20  stm32f4xx_hal_rcc.o(.text.HAL_RCC_GetPCLK1Freq)
    HAL_RCC_GetSysClockFreq                  0x08002199   Thumb Code    80  stm32f4xx_hal_rcc.o(.text.HAL_RCC_GetSysClockFreq)
    HAL_RCC_OscConfig                        0x080021f5   Thumb Code   776  stm32f4xx_hal_rcc.o(.text.HAL_RCC_OscConfig)
    HAL_RTC_GetDate                          0x0800250d   Thumb Code    86  stm32f4xx_hal_rtc.o(.text.HAL_RTC_GetDate)
    HAL_RTC_GetTime                          0x08002563   Thumb Code   102  stm32f4xx_hal_rtc.o(.text.HAL_RTC_GetTime)
    HAL_RTC_Init                             0x080025c9   Thumb Code   116  stm32f4xx_hal_rtc.o(.text.HAL_RTC_Init)
    HAL_RTC_MspInit                          0x08002641   Thumb Code     2  stm32f4xx_hal_rtc.o(.text.HAL_RTC_MspInit)
    HAL_RTC_SetAlarm_IT                      0x08002645   Thumb Code   280  stm32f4xx_hal_rtc.o(.text.HAL_RTC_SetAlarm_IT)
    HAL_RTC_SetDate                          0x08002765   Thumb Code   148  stm32f4xx_hal_rtc.o(.text.HAL_RTC_SetDate)
    HAL_RTC_SetTime                          0x080027f9   Thumb Code   160  stm32f4xx_hal_rtc.o(.text.HAL_RTC_SetTime)
    HAL_RTC_WaitForSynchro                   0x080028a1   Thumb Code    48  stm32f4xx_hal_rtc.o(.text.HAL_RTC_WaitForSynchro)
    HAL_SDRAM_Init                           0x080028d1   Thumb Code    60  stm32f4xx_hal_sdram.o(.text.HAL_SDRAM_Init)
    HAL_SDRAM_MspInit                        0x0800290d   Thumb Code     2  stm32f4xx_hal_sdram.o(.text.HAL_SDRAM_MspInit)
    HAL_SDRAM_ProgramRefreshRate             0x0800290f   Thumb Code    30  stm32f4xx_hal_sdram.o(.text.HAL_SDRAM_ProgramRefreshRate)
    HAL_SDRAM_SendCommand                    0x0800292d   Thumb Code    40  stm32f4xx_hal_sdram.o(.text.HAL_SDRAM_SendCommand)
    HAL_SPI_DeInit                           0x08002955   Thumb Code    46  stm32f4xx_hal_spi.o(.text.HAL_SPI_DeInit)
    HAL_SPI_GetState                         0x08002983   Thumb Code     6  stm32f4xx_hal_spi.o(.text.HAL_SPI_GetState)
    HAL_SPI_Init                             0x08002989   Thumb Code   122  stm32f4xx_hal_spi.o(.text.HAL_SPI_Init)
    HAL_SPI_MspDeInit                        0x08002a03   Thumb Code     2  stm32f4xx_hal_spi.o(.text.HAL_SPI_MspDeInit)
    HAL_SPI_MspInit                          0x08002a05   Thumb Code     2  stm32f4xx_hal_spi.o(.text.HAL_SPI_MspInit)
    HAL_SPI_Receive                          0x08002a07   Thumb Code   376  stm32f4xx_hal_spi.o(.text.HAL_SPI_Receive)
    HAL_SPI_Transmit                         0x08002b7f   Thumb Code   302  stm32f4xx_hal_spi.o(.text.HAL_SPI_Transmit)
    HAL_SPI_TransmitReceive                  0x08002cad   Thumb Code   508  stm32f4xx_hal_spi.o(.text.HAL_SPI_TransmitReceive)
    HAL_SYSTICK_Config                       0x08002ea9   Thumb Code    32  stm32f4xx_hal_cortex.o(.text.HAL_SYSTICK_Config)
    HardFault_Handler                        0x08002ed1   Thumb Code     2  stm32f4xx_it.o(.text.HardFault_Handler)
    I2C3_ER_IRQHandler                       0x08002ed3   Thumb Code     2  stm32f4xx_it.o(.text.I2C3_ER_IRQHandler)
    I2C3_EV_IRQHandler                       0x08002ed5   Thumb Code     2  stm32f4xx_it.o(.text.I2C3_EV_IRQHandler)
    I2C_ByteRead                             0x08002ed7   Thumb Code    50  i2c_at24c64.o(.text.I2C_ByteRead)
    I2C_ByteWrite                            0x08002f09   Thumb Code    68  i2c_at24c64.o(.text.I2C_ByteWrite)
    I2C_Error                                0x08002f51   Thumb Code    18  i2c_at24c64.o(.text.I2C_Error)
    I2C_Init                                 0x08002f65   Thumb Code   216  i2c_at24c64.o(.text.I2C_Init)
    LCD_Delay                                0x0800337b   Thumb Code     4  stm32f429i_discovery.o(.text.LCD_Delay)
    LCD_DisplayString                        0x08003381   Thumb Code    92  main.o(.text.LCD_DisplayString)
    LCD_IO_Init                              0x080033e1   Thumb Code   132  stm32f429i_discovery.o(.text.LCD_IO_Init)
    LCD_IO_ReadData                          0x08003471   Thumb Code    84  stm32f429i_discovery.o(.text.LCD_IO_ReadData)
    LCD_IO_WriteData                         0x080034cd   Thumb Code    48  stm32f429i_discovery.o(.text.LCD_IO_WriteData)
    LCD_IO_WriteReg                          0x080034fd   Thumb Code    48  stm32f429i_discovery.o(.text.LCD_IO_WriteReg)
    MemManage_Handler                        0x0800364d   Thumb Code     2  stm32f4xx_it.o(.text.MemManage_Handler)
    NMI_Handler                              0x0800364f   Thumb Code     2  stm32f4xx_it.o(.text.NMI_Handler)
    PendSV_Handler                           0x08003b43   Thumb Code     2  stm32f4xx_it.o(.text.PendSV_Handler)
    RTC_AlarmAConfig                         0x08003b45   Thumb Code    80  main.o(.text.RTC_AlarmAConfig)
    RTC_Alarm_IRQHandler                     0x08003bad   Thumb Code     2  stm32f4xx_it.o(.text.RTC_Alarm_IRQHandler)
    RTC_ByteToBcd2                           0x08003baf   Thumb Code    36  stm32f4xx_hal_rtc.o(.text.RTC_ByteToBcd2)
    RTC_Config                               0x08003bd5   Thumb Code   212  main.o(.text.RTC_Config)
    RTC_EnterInitMode                        0x08003cf9   Thumb Code    52  stm32f4xx_hal_rtc.o(.text.RTC_EnterInitMode)
    RTC_SET_DATE                             0x08003d2d   Thumb Code   240  main.o(.text.RTC_SET_DATE)
    RTC_SET_TIME                             0x08003e61   Thumb Code   220  main.o(.text.RTC_SET_TIME)
    SVC_Handler                              0x08004165   Thumb Code     2  stm32f4xx_it.o(.text.SVC_Handler)
    SysTick_Handler                          0x08004167   Thumb Code     4  stm32f4xx_it.o(.text.SysTick_Handler)
    SystemInit                               0x0800416d   Thumb Code    24  system_stm32f4xx.o(.text.SystemInit)
    TAMP_STAMP_IRQHandler                    0x08004189   Thumb Code     2  stm32f4xx_it.o(.text.TAMP_STAMP_IRQHandler)
    TIM3_IRQHandler                          0x0800418b   Thumb Code     2  stm32f4xx_it.o(.text.TIM3_IRQHandler)
    TIM4_IRQHandler                          0x0800418d   Thumb Code     2  stm32f4xx_it.o(.text.TIM4_IRQHandler)
    UsageFault_Handler                       0x0800418f   Thumb Code     2  stm32f4xx_it.o(.text.UsageFault_Handler)
    currentDate                              0x080041b5   Thumb Code   156  main.o(.text.currentDate)
    getTime                                  0x08004281   Thumb Code    56  main.o(.text.getTime)
    ili9341_DisplayOff                       0x080042c5   Thumb Code     6  ili9341.o(.text.ili9341_DisplayOff)
    ili9341_DisplayOn                        0x080042cb   Thumb Code     6  ili9341.o(.text.ili9341_DisplayOn)
    ili9341_GetLcdPixelHeight                0x080042d1   Thumb Code     6  ili9341.o(.text.ili9341_GetLcdPixelHeight)
    ili9341_GetLcdPixelWidth                 0x080042d7   Thumb Code     4  ili9341.o(.text.ili9341_GetLcdPixelWidth)
    ili9341_Init                             0x080042dd   Thumb Code   452  ili9341.o(.text.ili9341_Init)
    ili9341_ReadID                           0x080044a9   Thumb Code    18  ili9341.o(.text.ili9341_ReadID)
    ili9341_WriteData                        0x080044bb   Thumb Code     4  ili9341.o(.text.ili9341_WriteData)
    main                                     0x080044c1   Thumb Code   328  main.o(.text.main)
    setTime                                  0x08004645   Thumb Code   212  main.o(.text.setTime)
    showRecentTime                           0x08004725   Thumb Code   136  main.o(.text.showRecentTime)
    __0sprintf                               0x080047d1   Thumb Code    34  printfa.o(i.__0sprintf)
    __1sprintf                               0x080047d1   Thumb Code     0  printfa.o(i.__0sprintf)
    __2sprintf                               0x080047d1   Thumb Code     0  printfa.o(i.__0sprintf)
    __c89sprintf                             0x080047d1   Thumb Code     0  printfa.o(i.__0sprintf)
    sprintf                                  0x080047d1   Thumb Code     0  printfa.o(i.__0sprintf)
    __scatterload_copy                       0x080047f9   Thumb Code    14  handlers.o(i.__scatterload_copy)
    __scatterload_null                       0x08004807   Thumb Code     2  handlers.o(i.__scatterload_null)
    __scatterload_zeroinit                   0x08004809   Thumb Code    14  handlers.o(i.__scatterload_zeroinit)
    AHBPrescTable                            0x080050d4   Data          16  system_stm32f4xx.o(.rodata.AHBPrescTable)
    APBPrescTable                            0x080050e4   Data           8  system_stm32f4xx.o(.rodata.APBPrescTable)
    Font20_Table                             0x080050ec   Data        3800  stm32f429i_discovery_lcd.o(.rodata.Font20_Table)
    Font24_Table                             0x08005fc4   Data        6840  stm32f429i_discovery_lcd.o(.rodata.Font24_Table)
    GPIO_PIN                                 0x08007a7c   Data           4  stm32f429i_discovery.o(.rodata.GPIO_PIN)
    Region$$Table$$Base                      0x08007af0   Number         0  anon$$obj.o(Region$$Table)
    Region$$Table$$Limit                     0x08007b10   Number         0  anon$$obj.o(Region$$Table)
    uwTickFreq                               0x20000000   Data           1  stm32f4xx_hal.o(.data..L_MergedGlobals)
    uwTickPrio                               0x20000004   Data           4  stm32f4xx_hal.o(.data..L_MergedGlobals)
    BUTTON_PORT                              0x20000008   Data           4  stm32f429i_discovery.o(.data.BUTTON_PORT)
    Font20                                   0x2000000c   Data           8  stm32f429i_discovery_lcd.o(.data.Font20)
    Font24                                   0x20000014   Data           8  stm32f429i_discovery_lcd.o(.data.Font24)
    GPIO_PORT                                0x2000001c   Data           8  stm32f429i_discovery.o(.data.GPIO_PORT)
    SpixTimeout                              0x20000024   Data           4  stm32f429i_discovery.o(.data.SpixTimeout)
    SystemCoreClock                          0x20000028   Data           4  system_stm32f4xx.o(.data.SystemCoreClock)
    ili9341_drv                              0x2000002c   Data          56  ili9341.o(.data.ili9341_drv)
    memLocation                              0x20000064   Data           2  main.o(.data.memLocation)
    ext1press                                0x20000068   Data           1  main.o(.bss..L_MergedGlobals)
    ext2press                                0x20000069   Data           1  main.o(.bss..L_MergedGlobals)
    screen                                   0x2000006a   Data           1  main.o(.bss..L_MergedGlobals)
    write                                    0x2000006b   Data           1  main.o(.bss..L_MergedGlobals)
    readData                                 0x2000006c   Data           1  main.o(.bss..L_MergedGlobals)
    ss                                       0x2000006d   Data           1  main.o(.bss..L_MergedGlobals)
    mm                                       0x2000006e   Data           1  main.o(.bss..L_MergedGlobals)
    hh                                       0x2000006f   Data           1  main.o(.bss..L_MergedGlobals)
    wd                                       0x20000070   Data           1  main.o(.bss..L_MergedGlobals)
    dd                                       0x20000071   Data           1  main.o(.bss..L_MergedGlobals)
    mo                                       0x20000072   Data           1  main.o(.bss..L_MergedGlobals)
    yy                                       0x20000073   Data           1  main.o(.bss..L_MergedGlobals)
    ubpush                                   0x20000074   Data           4  main.o(.bss..L_MergedGlobals)
    ext1push                                 0x20000078   Data           4  main.o(.bss..L_MergedGlobals)
    ext2push                                 0x2000007c   Data           4  main.o(.bss..L_MergedGlobals)
    dateCount                                0x20000080   Data           4  main.o(.bss..L_MergedGlobals)
    ubpressStartTick                         0x20000084   Data           4  main.o(.bss..L_MergedGlobals)
    RTC_DateStructure                        0x20000088   Data           4  main.o(.bss..L_MergedGlobals)
    EE_status                                0x2000008c   Data           4  main.o(.bss..L_MergedGlobals)
    Time1                                    0x20000090   Data           7  main.o(.bss..L_MergedGlobals)
    Time2                                    0x20000097   Data           7  main.o(.bss..L_MergedGlobals)
    lcd_buffer                               0x2000009e   Data          14  main.o(.bss..L_MergedGlobals)
    RTC_TimeStructure                        0x200000ac   Data          20  main.o(.bss..L_MergedGlobals)
    RTCHandle                                0x200000c0   Data          32  main.o(.bss..L_MergedGlobals)
    LcdDrv                                   0x200000e0   Data           4  stm32f429i_discovery_lcd.o(.bss..L_MergedGlobals)
    I2c3_Handle                              0x20000234   Data          84  main.o(.bss.I2c3_Handle)
    LtdcHandler                              0x2000028c   Data         168  stm32f429i_discovery_lcd.o(.bss.LtdcHandler)
    status                                   0x2000038c   Data           1  i2c_at24c64.o(.bss.status)
    uwTick                                   0x20000390   Data           4  stm32f4xx_hal.o(.bss.uwTick)
    __initial_sp                             0x20000798   Data           0  startup_stm32f429xx.o(STACK)



==============================================================================

Memory Map of the image

  Image Entry point : 0x080001c1

  Load Region LR_1 (Base: 0x08000000, Size: 0x00007b78, Max: 0xffffffff, ABSOLUTE)

    Execution Region ER_RO (Exec base: 0x08000000, Load base: 0x08000000, Size: 0x00007b10, Max: 0xffffffff, ABSOLUTE)

    Exec Addr    Load Addr    Size         Type   Attr      Idx    E Section Name        Object

    0x08000000   0x08000000   0x000001ac   Data   RO         2445    RESET               startup_stm32f429xx.o
    0x080001ac   0x080001ac   0x00000000   Code   RO         2467  * .ARM.Collect$$$$00000000  mc_w.l(entry.o)
    0x080001ac   0x080001ac   0x00000004   Code   RO         2741    .ARM.Collect$$$$00000001  mc_w.l(entry2.o)
    0x080001b0   0x080001b0   0x00000004   Code   RO         2744    .ARM.Collect$$$$00000004  mc_w.l(entry5.o)
    0x080001b4   0x080001b4   0x00000000   Code   RO         2746    .ARM.Collect$$$$00000008  mc_w.l(entry7b.o)
    0x080001b4   0x080001b4   0x00000000   Code   RO         2748    .ARM.Collect$$$$0000000A  mc_w.l(entry8b.o)
    0x080001b4   0x080001b4   0x00000008   Code   RO         2749    .ARM.Collect$$$$0000000B  mc_w.l(entry9a.o)
    0x080001bc   0x080001bc   0x00000000   Code   RO         2751    .ARM.Collect$$$$0000000D  mc_w.l(entry10a.o)
    0x080001bc   0x080001bc   0x00000000   Code   RO         2753    .ARM.Collect$$$$0000000F  mc_w.l(entry11a.o)
    0x080001bc   0x080001bc   0x00000004   Code   RO         2742    .ARM.Collect$$$$00002712  mc_w.l(entry2.o)
    0x080001c0   0x080001c0   0x00000024   Code   RO         2446  * .text               startup_stm32f429xx.o
    0x080001e4   0x080001e4   0x00000062   Code   RO         2470    .text               mc_w.l(uldiv.o)
    0x08000246   0x08000246   0x00000024   Code   RO         2472    .text               mc_w.l(memcpya.o)
    0x0800026a   0x0800026a   0x00000024   Code   RO         2474    .text               mc_w.l(memseta.o)
    0x0800028e   0x0800028e   0x0000002c   Code   RO         2769    .text               mc_w.l(uidiv.o)
    0x080002ba   0x080002ba   0x0000001e   Code   RO         2771    .text               mc_w.l(llshl.o)
    0x080002d8   0x080002d8   0x00000020   Code   RO         2773    .text               mc_w.l(llushr.o)
    0x080002f8   0x080002f8   0x00000000   Code   RO         2775    .text               mc_w.l(iusefp.o)
    0x080002f8   0x080002f8   0x0000014e   Code   RO         2776    .text               mf_w.l(dadd.o)
    0x08000446   0x08000446   0x000000e4   Code   RO         2778    .text               mf_w.l(dmul.o)
    0x0800052a   0x0800052a   0x000000de   Code   RO         2780    .text               mf_w.l(ddiv.o)
    0x08000608   0x08000608   0x00000030   Code   RO         2782    .text               mf_w.l(dfixul.o)
    0x08000638   0x08000638   0x00000030   Code   RO         2784    .text               mf_w.l(cdrcmple.o)
    0x08000668   0x08000668   0x00000024   Code   RO         2786    .text               mc_w.l(init.o)
    0x0800068c   0x0800068c   0x00000024   Code   RO         2789    .text               mc_w.l(llsshr.o)
    0x080006b0   0x080006b0   0x000000ba   Code   RO         2792    .text               mf_w.l(depilogue.o)
    0x0800076a   0x0800076a   0x00000002   PAD
    0x0800076c   0x0800076c   0x00000038   Code   RO          337    .text.BSP_LCD_Clear  stm32f429i_discovery_lcd.o
    0x080007a4   0x080007a4   0x00000054   Code   RO          341    .text.BSP_LCD_ClearStringLine  stm32f429i_discovery_lcd.o
    0x080007f8   0x080007f8   0x000000c8   Code   RO          345    .text.BSP_LCD_DisplayChar  stm32f429i_discovery_lcd.o
    0x080008c0   0x080008c0   0x0000000c   Code   RO          377    .text.BSP_LCD_DisplayOn  stm32f429i_discovery_lcd.o
    0x080008cc   0x080008cc   0x00000028   Code   RO          357    .text.BSP_LCD_DrawPixel  stm32f429i_discovery_lcd.o
    0x080008f4   0x080008f4   0x0000004c   Code   RO          343    .text.BSP_LCD_FillRect  stm32f429i_discovery_lcd.o
    0x08000940   0x08000940   0x00000010   Code   RO          333    .text.BSP_LCD_GetFont  stm32f429i_discovery_lcd.o
    0x08000950   0x08000950   0x0000000c   Code   RO          291    .text.BSP_LCD_GetXSize  stm32f429i_discovery_lcd.o
    0x0800095c   0x0800095c   0x0000008c   Code   RO          285    .text.BSP_LCD_Init  stm32f429i_discovery_lcd.o
    0x080009e8   0x080009e8   0x00000088   Code   RO          295    .text.BSP_LCD_LayerDefaultInit  stm32f429i_discovery_lcd.o
    0x08000a70   0x08000a70   0x0000010c   Code   RO          287    .text.BSP_LCD_MspInit  stm32f429i_discovery_lcd.o
    0x08000b7c   0x08000b7c   0x00000008   Code   RO          297    .text.BSP_LCD_SelectLayer  stm32f429i_discovery_lcd.o
    0x08000b84   0x08000b84   0x00000014   Code   RO          289    .text.BSP_LCD_SetFont  stm32f429i_discovery_lcd.o
    0x08000b98   0x08000b98   0x00000054   Code   RO          201    .text.BSP_LED_Init  stm32f429i_discovery.o
    0x08000bec   0x08000bec   0x0000001c   Code   RO          203    .text.BSP_LED_On    stm32f429i_discovery.o
    0x08000c08   0x08000c08   0x00000010   Code   RO          211    .text.BSP_PB_GetState  stm32f429i_discovery.o
    0x08000c18   0x08000c18   0x00000074   Code   RO          209    .text.BSP_PB_Init   stm32f429i_discovery.o
    0x08000c8c   0x08000c8c   0x00000078   Code   RO          416    .text.BSP_SDRAM_Init  stm32f429i_discovery_sdram.o
    0x08000d04   0x08000d04   0x00000090   Code   RO          420    .text.BSP_SDRAM_Initialization_sequence  stm32f429i_discovery_sdram.o
    0x08000d94   0x08000d94   0x0000016c   Code   RO          418    .text.BSP_SDRAM_MspInit  stm32f429i_discovery_sdram.o
    0x08000f00   0x08000f00   0x00000002   Code   RO          123    .text.BusFault_Handler  stm32f4xx_it.o
    0x08000f02   0x08000f02   0x00000002   PAD
    0x08000f04   0x08000f04   0x00000098   Code   RO          651    .text.DMA2D_SetConfig  stm32f4xx_hal_dma2d.o
    0x08000f9c   0x08000f9c   0x00000034   Code   RO          599    .text.DMA_CalcBaseAndBitshift  stm32f4xx_hal_dma.o
    0x08000fd0   0x08000fd0   0x00000002   Code   RO          129    .text.DebugMon_Handler  stm32f4xx_it.o
    0x08000fd2   0x08000fd2   0x00000006   Code   RO          135    .text.EXTI0_IRQHandler  stm32f4xx_it.o
    0x08000fd8   0x08000fd8   0x00000028   Code   RO          137    .text.EXTI1_IRQHandler  stm32f4xx_it.o
    0x08001000   0x08001000   0x0000002c   Code   RO          139    .text.EXTI2_IRQHandler  stm32f4xx_it.o
    0x0800102c   0x0800102c   0x00000008   Code   RO           61    .text.Error_Handler  main.o
    0x08001034   0x08001034   0x00000080   Code   RO         2378    .text.FMC_SDRAM_Init  stm32f4xx_ll_fmc.o
    0x080010b4   0x080010b4   0x0000000c   Code   RO         2390    .text.FMC_SDRAM_ProgramRefreshRate  stm32f4xx_ll_fmc.o
    0x080010c0   0x080010c0   0x0000004c   Code   RO         2388    .text.FMC_SDRAM_SendCommand  stm32f4xx_ll_fmc.o
    0x0800110c   0x0800110c   0x000000b4   Code   RO         2380    .text.FMC_SDRAM_Timing_Init  stm32f4xx_ll_fmc.o
    0x080011c0   0x080011c0   0x0000005c   Code   RO          339    .text.FillBuffer    stm32f429i_discovery_lcd.o
    0x0800121c   0x0800121c   0x00000078   Code   RO          685    .text.HAL_DMA2D_ConfigLayer  stm32f4xx_hal_dma2d.o
    0x08001294   0x08001294   0x00000052   Code   RO          637    .text.HAL_DMA2D_Init  stm32f4xx_hal_dma2d.o
    0x080012e6   0x080012e6   0x00000002   Code   RO          639    .text.HAL_DMA2D_MspInit  stm32f4xx_hal_dma2d.o
    0x080012e8   0x080012e8   0x000000d8   Code   RO          677    .text.HAL_DMA2D_PollForTransfer  stm32f4xx_hal_dma2d.o
    0x080013c0   0x080013c0   0x00000014   Code   RO          649    .text.HAL_DMA2D_Start  stm32f4xx_hal_dma2d.o
    0x080013d4   0x080013d4   0x0000005a   Code   RO          601    .text.HAL_DMA_DeInit  stm32f4xx_hal_dma.o
    0x0800142e   0x0800142e   0x00000002   PAD
    0x08001430   0x08001430   0x00000108   Code   RO          597    .text.HAL_DMA_Init  stm32f4xx_hal_dma.o
    0x08001538   0x08001538   0x00000024   Code   RO          495    .text.HAL_Delay     stm32f4xx_hal.o
    0x0800155c   0x0800155c   0x00000164   Code   RO           49    .text.HAL_GPIO_EXTI_Callback  main.o
    0x080016c0   0x080016c0   0x00000014   Code   RO          820    .text.HAL_GPIO_EXTI_IRQHandler  stm32f4xx_hal_gpio.o
    0x080016d4   0x080016d4   0x00000198   Code   RO          808    .text.HAL_GPIO_Init  stm32f4xx_hal_gpio.o
    0x0800186c   0x0800186c   0x0000000a   Code   RO          812    .text.HAL_GPIO_ReadPin  stm32f4xx_hal_gpio.o
    0x08001876   0x08001876   0x0000000a   Code   RO          814    .text.HAL_GPIO_WritePin  stm32f4xx_hal_gpio.o
    0x08001880   0x08001880   0x00000008   Code   RO          487    .text.HAL_GetTick   stm32f4xx_hal.o
    0x08001888   0x08001888   0x00000028   Code   RO          836    .text.HAL_I2C_DeInit  stm32f4xx_hal_i2c.o
    0x080018b0   0x080018b0   0x00000006   Code   RO          946    .text.HAL_I2C_GetState  stm32f4xx_hal_i2c.o
    0x080018b6   0x080018b6   0x00000002   PAD
    0x080018b8   0x080018b8   0x00000130   Code   RO          832    .text.HAL_I2C_Init  stm32f4xx_hal_i2c.o
    0x080019e8   0x080019e8   0x00000110   Code   RO          880    .text.HAL_I2C_Mem_Read  stm32f4xx_hal_i2c.o
    0x08001af8   0x08001af8   0x000000e0   Code   RO          876    .text.HAL_I2C_Mem_Write  stm32f4xx_hal_i2c.o
    0x08001bd8   0x08001bd8   0x00000002   Code   RO          838    .text.HAL_I2C_MspDeInit  stm32f4xx_hal_i2c.o
    0x08001bda   0x08001bda   0x00000002   Code   RO          107    .text.HAL_I2C_MspInit  stm32f4xx_hal_msp.o
    0x08001bdc   0x08001bdc   0x00000014   Code   RO          485    .text.HAL_IncTick   stm32f4xx_hal.o
    0x08001bf0   0x08001bf0   0x00000034   Code   RO          475    .text.HAL_Init      stm32f4xx_hal.o
    0x08001c24   0x08001c24   0x00000040   Code   RO          477    .text.HAL_InitTick  stm32f4xx_hal.o
    0x08001c64   0x08001c64   0x00000020   Code   RO         1160    .text.HAL_LTDC_ConfigLayer  stm32f4xx_hal_ltdc.o
    0x08001c84   0x08001c84   0x0000002c   Code   RO         1176    .text.HAL_LTDC_EnableDither  stm32f4xx_hal_ltdc.o
    0x08001cb0   0x08001cb0   0x000000d4   Code   RO         1144    .text.HAL_LTDC_Init  stm32f4xx_hal_ltdc.o
    0x08001d84   0x08001d84   0x00000002   Code   RO         1146    .text.HAL_LTDC_MspInit  stm32f4xx_hal_ltdc.o
    0x08001d86   0x08001d86   0x00000002   Code   RO          479    .text.HAL_MspInit   stm32f4xx_hal.o
    0x08001d88   0x08001d88   0x0000001c   Code   RO          553    .text.HAL_NVIC_EnableIRQ  stm32f4xx_hal_cortex.o
    0x08001da4   0x08001da4   0x00000038   Code   RO          549    .text.HAL_NVIC_SetPriority  stm32f4xx_hal_cortex.o
    0x08001ddc   0x08001ddc   0x00000020   Code   RO          547    .text.HAL_NVIC_SetPriorityGrouping  stm32f4xx_hal_cortex.o
    0x08001dfc   0x08001dfc   0x00000068   Code   RO         1326    .text.HAL_PWREx_EnableOverDrive  stm32f4xx_hal_pwr_ex.o
    0x08001e64   0x08001e64   0x0000000c   Code   RO         1274    .text.HAL_PWR_EnableBkUpAccess  stm32f4xx_hal_pwr.o
    0x08001e70   0x08001e70   0x000001f4   Code   RO         1384    .text.HAL_RCCEx_PeriphCLKConfig  stm32f4xx_hal_rcc_ex.o
    0x08002064   0x08002064   0x00000114   Code   RO         1346    .text.HAL_RCC_ClockConfig  stm32f4xx_hal_rcc.o
    0x08002178   0x08002178   0x00000020   Code   RO         1358    .text.HAL_RCC_GetPCLK1Freq  stm32f4xx_hal_rcc.o
    0x08002198   0x08002198   0x0000005c   Code   RO         1348    .text.HAL_RCC_GetSysClockFreq  stm32f4xx_hal_rcc.o
    0x080021f4   0x080021f4   0x00000318   Code   RO         1344    .text.HAL_RCC_OscConfig  stm32f4xx_hal_rcc.o
    0x0800250c   0x0800250c   0x00000056   Code   RO         1436    .text.HAL_RTC_GetDate  stm32f4xx_hal_rtc.o
    0x08002562   0x08002562   0x00000066   Code   RO         1430    .text.HAL_RTC_GetTime  stm32f4xx_hal_rtc.o
    0x080025c8   0x080025c8   0x00000078   Code   RO         1414    .text.HAL_RTC_Init  stm32f4xx_hal_rtc.o
    0x08002640   0x08002640   0x00000002   Code   RO         1416    .text.HAL_RTC_MspInit  stm32f4xx_hal_rtc.o
    0x08002642   0x08002642   0x00000002   PAD
    0x08002644   0x08002644   0x00000120   Code   RO         1440    .text.HAL_RTC_SetAlarm_IT  stm32f4xx_hal_rtc.o
    0x08002764   0x08002764   0x00000094   Code   RO         1434    .text.HAL_RTC_SetDate  stm32f4xx_hal_rtc.o
    0x080027f8   0x080027f8   0x000000a8   Code   RO         1426    .text.HAL_RTC_SetTime  stm32f4xx_hal_rtc.o
    0x080028a0   0x080028a0   0x00000030   Code   RO         1420    .text.HAL_RTC_WaitForSynchro  stm32f4xx_hal_rtc.o
    0x080028d0   0x080028d0   0x0000003c   Code   RO         1588    .text.HAL_SDRAM_Init  stm32f4xx_hal_sdram.o
    0x0800290c   0x0800290c   0x00000002   Code   RO         1590    .text.HAL_SDRAM_MspInit  stm32f4xx_hal_sdram.o
    0x0800290e   0x0800290e   0x0000001e   Code   RO         1626    .text.HAL_SDRAM_ProgramRefreshRate  stm32f4xx_hal_sdram.o
    0x0800292c   0x0800292c   0x00000028   Code   RO         1624    .text.HAL_SDRAM_SendCommand  stm32f4xx_hal_sdram.o
    0x08002954   0x08002954   0x0000002e   Code   RO         1656    .text.HAL_SPI_DeInit  stm32f4xx_hal_spi.o
    0x08002982   0x08002982   0x00000006   Code   RO         1752    .text.HAL_SPI_GetState  stm32f4xx_hal_spi.o
    0x08002988   0x08002988   0x0000007a   Code   RO         1652    .text.HAL_SPI_Init  stm32f4xx_hal_spi.o
    0x08002a02   0x08002a02   0x00000002   Code   RO         1658    .text.HAL_SPI_MspDeInit  stm32f4xx_hal_spi.o
    0x08002a04   0x08002a04   0x00000002   Code   RO         1654    .text.HAL_SPI_MspInit  stm32f4xx_hal_spi.o
    0x08002a06   0x08002a06   0x00000178   Code   RO         1664    .text.HAL_SPI_Receive  stm32f4xx_hal_spi.o
    0x08002b7e   0x08002b7e   0x0000012e   Code   RO         1660    .text.HAL_SPI_Transmit  stm32f4xx_hal_spi.o
    0x08002cac   0x08002cac   0x000001fc   Code   RO         1666    .text.HAL_SPI_TransmitReceive  stm32f4xx_hal_spi.o
    0x08002ea8   0x08002ea8   0x00000028   Code   RO          561    .text.HAL_SYSTICK_Config  stm32f4xx_hal_cortex.o
    0x08002ed0   0x08002ed0   0x00000002   Code   RO          119    .text.HardFault_Handler  stm32f4xx_it.o
    0x08002ed2   0x08002ed2   0x00000002   Code   RO          147    .text.I2C3_ER_IRQHandler  stm32f4xx_it.o
    0x08002ed4   0x08002ed4   0x00000002   Code   RO          145    .text.I2C3_EV_IRQHandler  stm32f4xx_it.o
    0x08002ed6   0x08002ed6   0x00000032   Code   RO           12    .text.I2C_ByteRead  i2c_at24c64.o
    0x08002f08   0x08002f08   0x00000048   Code   RO            4    .text.I2C_ByteWrite  i2c_at24c64.o
    0x08002f50   0x08002f50   0x00000012   Code   RO            6    .text.I2C_Error     i2c_at24c64.o
    0x08002f62   0x08002f62   0x00000002   PAD
    0x08002f64   0x08002f64   0x000000e4   Code   RO            2    .text.I2C_Init      i2c_at24c64.o
    0x08003048   0x08003048   0x00000030   Code   RO          954    .text.I2C_IsAcknowledgeFailed  stm32f4xx_hal_i2c.o
    0x08003078   0x08003078   0x000000c4   Code   RO          882    .text.I2C_RequestMemoryRead  stm32f4xx_hal_i2c.o
    0x0800313c   0x0800313c   0x000000ac   Code   RO          878    .text.I2C_RequestMemoryWrite  stm32f4xx_hal_i2c.o
    0x080031e8   0x080031e8   0x00000038   Code   RO          846    .text.I2C_WaitOnBTFFlagUntilTimeout  stm32f4xx_hal_i2c.o
    0x08003220   0x08003220   0x00000074   Code   RO          842    .text.I2C_WaitOnFlagUntilTimeout  stm32f4xx_hal_i2c.o
    0x08003294   0x08003294   0x00000066   Code   RO          952    .text.I2C_WaitOnMasterAddressFlagUntilTimeout  stm32f4xx_hal_i2c.o
    0x080032fa   0x080032fa   0x00000048   Code   RO          850    .text.I2C_WaitOnRXNEFlagUntilTimeout  stm32f4xx_hal_i2c.o
    0x08003342   0x08003342   0x00000038   Code   RO          844    .text.I2C_WaitOnTXEFlagUntilTimeout  stm32f4xx_hal_i2c.o
    0x0800337a   0x0800337a   0x00000004   Code   RO          225    .text.LCD_Delay     stm32f429i_discovery.o
    0x0800337e   0x0800337e   0x00000002   PAD
    0x08003380   0x08003380   0x00000060   Code   RO           27    .text.LCD_DisplayString  main.o
    0x080033e0   0x080033e0   0x00000090   Code   RO          213    .text.LCD_IO_Init   stm32f429i_discovery.o
    0x08003470   0x08003470   0x0000005c   Code   RO          223    .text.LCD_IO_ReadData  stm32f429i_discovery.o
    0x080034cc   0x080034cc   0x00000030   Code   RO          217    .text.LCD_IO_WriteData  stm32f429i_discovery.o
    0x080034fc   0x080034fc   0x00000038   Code   RO          221    .text.LCD_IO_WriteReg  stm32f429i_discovery.o
    0x08003534   0x08003534   0x00000118   Code   RO         1162    .text.LTDC_SetConfig  stm32f4xx_hal_ltdc.o
    0x0800364c   0x0800364c   0x00000002   Code   RO          121    .text.MemManage_Handler  stm32f4xx_it.o
    0x0800364e   0x0800364e   0x00000002   Code   RO          117    .text.NMI_Handler   stm32f4xx_it.o
    0x08003650   0x08003650   0x00000008   Code   RO           63    .text.OUTLINED_FUNCTION_0  main.o
    0x08003658   0x08003658   0x00000010   Code   RO          255    .text.OUTLINED_FUNCTION_0  stm32f429i_discovery.o
    0x08003668   0x08003668   0x0000000a   Code   RO          381    .text.OUTLINED_FUNCTION_0  stm32f429i_discovery_lcd.o
    0x08003672   0x08003672   0x0000000a   Code   RO          436    .text.OUTLINED_FUNCTION_0  stm32f429i_discovery_sdram.o
    0x0800367c   0x0800367c   0x00000008   Code   RO         1332    .text.OUTLINED_FUNCTION_0  stm32f4xx_hal_pwr_ex.o
    0x08003684   0x08003684   0x0000000c   Code   RO         1370    .text.OUTLINED_FUNCTION_0  stm32f4xx_hal_rcc.o
    0x08003690   0x08003690   0x00000006   Code   RO         1400    .text.OUTLINED_FUNCTION_0  stm32f4xx_hal_rcc_ex.o
    0x08003696   0x08003696   0x0000001e   Code   RO         1454    .text.OUTLINED_FUNCTION_0  stm32f4xx_hal_rtc.o
    0x080036b4   0x080036b4   0x00000012   Code   RO         1770    .text.OUTLINED_FUNCTION_0  stm32f4xx_hal_spi.o
    0x080036c6   0x080036c6   0x0000000a   Code   RO           65    .text.OUTLINED_FUNCTION_1  main.o
    0x080036d0   0x080036d0   0x0000000c   Code   RO          703    .text.OUTLINED_FUNCTION_1  stm32f4xx_hal_dma2d.o
    0x080036dc   0x080036dc   0x00000010   Code   RO         1402    .text.OUTLINED_FUNCTION_1  stm32f4xx_hal_rcc_ex.o
    0x080036ec   0x080036ec   0x0000000c   Code   RO         1456    .text.OUTLINED_FUNCTION_1  stm32f4xx_hal_rtc.o
    0x080036f8   0x080036f8   0x0000000e   Code   RO         1772    .text.OUTLINED_FUNCTION_1  stm32f4xx_hal_spi.o
    0x08003706   0x08003706   0x00000006   Code   RO         1474    .text.OUTLINED_FUNCTION_10  stm32f4xx_hal_rtc.o
    0x0800370c   0x0800370c   0x00000024   Code   RO          978    .text.OUTLINED_FUNCTION_11  stm32f4xx_hal_i2c.o
    0x08003730   0x08003730   0x0000000e   Code   RO          725    .text.OUTLINED_FUNCTION_12  stm32f4xx_hal_dma2d.o
    0x0800373e   0x0800373e   0x00000008   Code   RO          980    .text.OUTLINED_FUNCTION_12  stm32f4xx_hal_i2c.o
    0x08003746   0x08003746   0x00000008   Code   RO         1794    .text.OUTLINED_FUNCTION_12  stm32f4xx_hal_spi.o
    0x0800374e   0x0800374e   0x0000000a   Code   RO          727    .text.OUTLINED_FUNCTION_13  stm32f4xx_hal_dma2d.o
    0x08003758   0x08003758   0x00000014   Code   RO          982    .text.OUTLINED_FUNCTION_13  stm32f4xx_hal_i2c.o
    0x0800376c   0x0800376c   0x00000008   Code   RO          986    .text.OUTLINED_FUNCTION_15  stm32f4xx_hal_i2c.o
    0x08003774   0x08003774   0x0000000e   Code   RO         1800    .text.OUTLINED_FUNCTION_15  stm32f4xx_hal_spi.o
    0x08003782   0x08003782   0x0000000e   Code   RO         1256    .text.OUTLINED_FUNCTION_16  stm32f4xx_hal_ltdc.o
    0x08003790   0x08003790   0x0000000a   Code   RO         1802    .text.OUTLINED_FUNCTION_16  stm32f4xx_hal_spi.o
    0x0800379a   0x0800379a   0x0000000a   Code   RO         1258    .text.OUTLINED_FUNCTION_17  stm32f4xx_hal_ltdc.o
    0x080037a4   0x080037a4   0x0000000c   Code   RO         1804    .text.OUTLINED_FUNCTION_17  stm32f4xx_hal_spi.o
    0x080037b0   0x080037b0   0x0000000a   Code   RO         1806    .text.OUTLINED_FUNCTION_18  stm32f4xx_hal_spi.o
    0x080037ba   0x080037ba   0x00000012   Code   RO          259    .text.OUTLINED_FUNCTION_2  stm32f429i_discovery.o
    0x080037cc   0x080037cc   0x00000014   Code   RO          705    .text.OUTLINED_FUNCTION_2  stm32f4xx_hal_dma2d.o
    0x080037e0   0x080037e0   0x0000000a   Code   RO         1374    .text.OUTLINED_FUNCTION_2  stm32f4xx_hal_rcc.o
    0x080037ea   0x080037ea   0x0000000e   Code   RO         1404    .text.OUTLINED_FUNCTION_2  stm32f4xx_hal_rcc_ex.o
    0x080037f8   0x080037f8   0x00000014   Code   RO         1458    .text.OUTLINED_FUNCTION_2  stm32f4xx_hal_rtc.o
    0x0800380c   0x0800380c   0x0000000a   Code   RO         1638    .text.OUTLINED_FUNCTION_2  stm32f4xx_hal_sdram.o
    0x08003816   0x08003816   0x00000008   Code   RO          996    .text.OUTLINED_FUNCTION_20  stm32f4xx_hal_i2c.o
    0x0800381e   0x0800381e   0x0000000a   Code   RO          998    .text.OUTLINED_FUNCTION_21  stm32f4xx_hal_i2c.o
    0x08003828   0x08003828   0x0000001c   Code   RO         1000    .text.OUTLINED_FUNCTION_22  stm32f4xx_hal_i2c.o
    0x08003844   0x08003844   0x00000012   Code   RO         1814    .text.OUTLINED_FUNCTION_22  stm32f4xx_hal_spi.o
    0x08003856   0x08003856   0x0000000a   Code   RO         1816    .text.OUTLINED_FUNCTION_23  stm32f4xx_hal_spi.o
    0x08003860   0x08003860   0x00000010   Code   RO         1820    .text.OUTLINED_FUNCTION_25  stm32f4xx_hal_spi.o
    0x08003870   0x08003870   0x00000008   Code   RO         1822    .text.OUTLINED_FUNCTION_26  stm32f4xx_hal_spi.o
    0x08003878   0x08003878   0x00000016   Code   RO         1012    .text.OUTLINED_FUNCTION_28  stm32f4xx_hal_i2c.o
    0x0800388e   0x0800388e   0x0000000e   Code   RO         1828    .text.OUTLINED_FUNCTION_29  stm32f4xx_hal_spi.o
    0x0800389c   0x0800389c   0x00000014   Code   RO           69    .text.OUTLINED_FUNCTION_3  main.o
    0x080038b0   0x080038b0   0x00000010   Code   RO          261    .text.OUTLINED_FUNCTION_3  stm32f429i_discovery.o
    0x080038c0   0x080038c0   0x0000000c   Code   RO          707    .text.OUTLINED_FUNCTION_3  stm32f4xx_hal_dma2d.o
    0x080038cc   0x080038cc   0x0000000e   Code   RO         1460    .text.OUTLINED_FUNCTION_3  stm32f4xx_hal_rtc.o
    0x080038da   0x080038da   0x0000000c   Code   RO         1640    .text.OUTLINED_FUNCTION_3  stm32f4xx_hal_sdram.o
    0x080038e6   0x080038e6   0x0000000a   Code   RO         1018    .text.OUTLINED_FUNCTION_31  stm32f4xx_hal_i2c.o
    0x080038f0   0x080038f0   0x00000008   Code   RO         1832    .text.OUTLINED_FUNCTION_31  stm32f4xx_hal_spi.o
    0x080038f8   0x080038f8   0x0000000c   Code   RO         1020    .text.OUTLINED_FUNCTION_32  stm32f4xx_hal_i2c.o
    0x08003904   0x08003904   0x00000008   Code   RO         1834    .text.OUTLINED_FUNCTION_32  stm32f4xx_hal_spi.o
    0x0800390c   0x0800390c   0x00000016   Code   RO         1022    .text.OUTLINED_FUNCTION_33  stm32f4xx_hal_i2c.o
    0x08003922   0x08003922   0x0000000a   Code   RO         1840    .text.OUTLINED_FUNCTION_35  stm32f4xx_hal_spi.o
    0x0800392c   0x0800392c   0x00000008   Code   RO           71    .text.OUTLINED_FUNCTION_4  main.o
    0x08003934   0x08003934   0x00000008   Code   RO          263    .text.OUTLINED_FUNCTION_4  stm32f429i_discovery.o
    0x0800393c   0x0800393c   0x0000000e   Code   RO          709    .text.OUTLINED_FUNCTION_4  stm32f4xx_hal_dma2d.o
    0x0800394a   0x0800394a   0x0000001c   Code   RO          964    .text.OUTLINED_FUNCTION_4  stm32f4xx_hal_i2c.o
    0x08003966   0x08003966   0x0000000a   Code   RO         1462    .text.OUTLINED_FUNCTION_4  stm32f4xx_hal_rtc.o
    0x08003970   0x08003970   0x0000000e   Code   RO         1036    .text.OUTLINED_FUNCTION_40  stm32f4xx_hal_i2c.o
    0x0800397e   0x0800397e   0x00000006   Code   RO         1038    .text.OUTLINED_FUNCTION_41  stm32f4xx_hal_i2c.o
    0x08003984   0x08003984   0x00000014   Code   RO         1042    .text.OUTLINED_FUNCTION_43  stm32f4xx_hal_i2c.o
    0x08003998   0x08003998   0x00000008   Code   RO         1044    .text.OUTLINED_FUNCTION_44  stm32f4xx_hal_i2c.o
    0x080039a0   0x080039a0   0x00000014   Code   RO         1046    .text.OUTLINED_FUNCTION_45  stm32f4xx_hal_i2c.o
    0x080039b4   0x080039b4   0x0000000a   Code   RO           73    .text.OUTLINED_FUNCTION_5  main.o
    0x080039be   0x080039be   0x00000006   Code   RO          265    .text.OUTLINED_FUNCTION_5  stm32f429i_discovery.o
    0x080039c4   0x080039c4   0x00000008   Code   RO          391    .text.OUTLINED_FUNCTION_5  stm32f429i_discovery_lcd.o
    0x080039cc   0x080039cc   0x0000001a   Code   RO          966    .text.OUTLINED_FUNCTION_5  stm32f4xx_hal_i2c.o
    0x080039e6   0x080039e6   0x0000001c   Code   RO         1234    .text.OUTLINED_FUNCTION_5  stm32f4xx_hal_ltdc.o
    0x08003a02   0x08003a02   0x00000012   Code   RO         1464    .text.OUTLINED_FUNCTION_5  stm32f4xx_hal_rtc.o
    0x08003a14   0x08003a14   0x00000012   Code   RO         1066    .text.OUTLINED_FUNCTION_55  stm32f4xx_hal_i2c.o
    0x08003a26   0x08003a26   0x0000000a   Code   RO           75    .text.OUTLINED_FUNCTION_6  main.o
    0x08003a30   0x08003a30   0x0000000e   Code   RO          393    .text.OUTLINED_FUNCTION_6  stm32f429i_discovery_lcd.o
    0x08003a3e   0x08003a3e   0x0000000c   Code   RO         1466    .text.OUTLINED_FUNCTION_6  stm32f4xx_hal_rtc.o
    0x08003a4a   0x08003a4a   0x00000012   Code   RO         1076    .text.OUTLINED_FUNCTION_60  stm32f4xx_hal_i2c.o
    0x08003a5c   0x08003a5c   0x00000012   Code   RO         1078    .text.OUTLINED_FUNCTION_61  stm32f4xx_hal_i2c.o
    0x08003a6e   0x08003a6e   0x0000000c   Code   RO         1090    .text.OUTLINED_FUNCTION_67  stm32f4xx_hal_i2c.o
    0x08003a7a   0x08003a7a   0x00000006   Code   RO           77    .text.OUTLINED_FUNCTION_7  main.o
    0x08003a80   0x08003a80   0x0000000e   Code   RO         1468    .text.OUTLINED_FUNCTION_7  stm32f4xx_hal_rtc.o
    0x08003a8e   0x08003a8e   0x0000000a   Code   RO         1100    .text.OUTLINED_FUNCTION_72  stm32f4xx_hal_i2c.o
    0x08003a98   0x08003a98   0x0000000a   Code   RO         1106    .text.OUTLINED_FUNCTION_75  stm32f4xx_hal_i2c.o
    0x08003aa2   0x08003aa2   0x0000000e   Code   RO         1114    .text.OUTLINED_FUNCTION_79  stm32f4xx_hal_i2c.o
    0x08003ab0   0x08003ab0   0x00000006   Code   RO           79    .text.OUTLINED_FUNCTION_8  main.o
    0x08003ab6   0x08003ab6   0x00000010   Code   RO          972    .text.OUTLINED_FUNCTION_8  stm32f4xx_hal_i2c.o
    0x08003ac6   0x08003ac6   0x00000008   Code   RO         1470    .text.OUTLINED_FUNCTION_8  stm32f4xx_hal_rtc.o
    0x08003ace   0x08003ace   0x0000000a   Code   RO         1786    .text.OUTLINED_FUNCTION_8  stm32f4xx_hal_spi.o
    0x08003ad8   0x08003ad8   0x0000000a   Code   RO         1120    .text.OUTLINED_FUNCTION_82  stm32f4xx_hal_i2c.o
    0x08003ae2   0x08003ae2   0x0000000e   Code   RO         1122    .text.OUTLINED_FUNCTION_83  stm32f4xx_hal_i2c.o
    0x08003af0   0x08003af0   0x00000006   Code   RO         1126    .text.OUTLINED_FUNCTION_85  stm32f4xx_hal_i2c.o
    0x08003af6   0x08003af6   0x00000006   Code   RO           81    .text.OUTLINED_FUNCTION_9  main.o
    0x08003afc   0x08003afc   0x0000000c   Code   RO          719    .text.OUTLINED_FUNCTION_9  stm32f4xx_hal_dma2d.o
    0x08003b08   0x08003b08   0x0000002a   Code   RO          974    .text.OUTLINED_FUNCTION_9  stm32f4xx_hal_i2c.o
    0x08003b32   0x08003b32   0x00000010   Code   RO         1788    .text.OUTLINED_FUNCTION_9  stm32f4xx_hal_spi.o
    0x08003b42   0x08003b42   0x00000002   Code   RO          131    .text.PendSV_Handler  stm32f4xx_it.o
    0x08003b44   0x08003b44   0x00000068   Code   RO           31    .text.RTC_AlarmAConfig  main.o
    0x08003bac   0x08003bac   0x00000002   Code   RO          149    .text.RTC_Alarm_IRQHandler  stm32f4xx_it.o
    0x08003bae   0x08003bae   0x00000024   Code   RO         1428    .text.RTC_ByteToBcd2  stm32f4xx_hal_rtc.o
    0x08003bd2   0x08003bd2   0x00000002   PAD
    0x08003bd4   0x08003bd4   0x00000124   Code   RO           29    .text.RTC_Config    main.o
    0x08003cf8   0x08003cf8   0x00000034   Code   RO         1418    .text.RTC_EnterInitMode  stm32f4xx_hal_rtc.o
    0x08003d2c   0x08003d2c   0x00000134   Code   RO           57    .text.RTC_SET_DATE  main.o
    0x08003e60   0x08003e60   0x00000108   Code   RO           55    .text.RTC_SET_TIME  main.o
    0x08003f68   0x08003f68   0x00000054   Code   RO         1670    .text.SPI_EndRxTransaction  stm32f4xx_hal_spi.o
    0x08003fbc   0x08003fbc   0x0000005c   Code   RO         1662    .text.SPI_EndRxTxTransaction  stm32f4xx_hal_spi.o
    0x08004018   0x08004018   0x00000084   Code   RO         1668    .text.SPI_WaitFlagStateUntilTimeout  stm32f4xx_hal_spi.o
    0x0800409c   0x0800409c   0x00000010   Code   RO          251    .text.SPIx_Error    stm32f429i_discovery.o
    0x080040ac   0x080040ac   0x00000090   Code   RO          215    .text.SPIx_Init     stm32f429i_discovery.o
    0x0800413c   0x0800413c   0x00000028   Code   RO          219    .text.SPIx_Write    stm32f429i_discovery.o
    0x08004164   0x08004164   0x00000002   Code   RO          127    .text.SVC_Handler   stm32f4xx_it.o
    0x08004166   0x08004166   0x00000004   Code   RO          133    .text.SysTick_Handler  stm32f4xx_it.o
    0x0800416a   0x0800416a   0x00000002   PAD
    0x0800416c   0x0800416c   0x0000001c   Code   RO         2453    .text.SystemInit    system_stm32f4xx.o
    0x08004188   0x08004188   0x00000002   Code   RO          151    .text.TAMP_STAMP_IRQHandler  stm32f4xx_it.o
    0x0800418a   0x0800418a   0x00000002   Code   RO          141    .text.TIM3_IRQHandler  stm32f4xx_it.o
    0x0800418c   0x0800418c   0x00000002   Code   RO          143    .text.TIM4_IRQHandler  stm32f4xx_it.o
    0x0800418e   0x0800418e   0x00000002   Code   RO          125    .text.UsageFault_Handler  stm32f4xx_it.o
    0x08004190   0x08004190   0x00000024   Code   RO          551    .text.__NVIC_SetPriority  stm32f4xx_hal_cortex.o
    0x080041b4   0x080041b4   0x000000cc   Code   RO           35    .text.currentDate   main.o
    0x08004280   0x08004280   0x00000044   Code   RO           33    .text.getTime       main.o
    0x080042c4   0x080042c4   0x00000006   Code   RO          455    .text.ili9341_DisplayOff  ili9341.o
    0x080042ca   0x080042ca   0x00000006   Code   RO          453    .text.ili9341_DisplayOn  ili9341.o
    0x080042d0   0x080042d0   0x00000006   Code   RO          459    .text.ili9341_GetLcdPixelHeight  ili9341.o
    0x080042d6   0x080042d6   0x00000004   Code   RO          457    .text.ili9341_GetLcdPixelWidth  ili9341.o
    0x080042da   0x080042da   0x00000002   PAD
    0x080042dc   0x080042dc   0x000001cc   Code   RO          449    .text.ili9341_Init  ili9341.o
    0x080044a8   0x080044a8   0x00000012   Code   RO          451    .text.ili9341_ReadID  ili9341.o
    0x080044ba   0x080044ba   0x00000004   Code   RO          463    .text.ili9341_WriteData  ili9341.o
    0x080044be   0x080044be   0x00000002   PAD
    0x080044c0   0x080044c0   0x00000184   Code   RO           25    .text.main          main.o
    0x08004644   0x08004644   0x000000e0   Code   RO           51    .text.setTime       main.o
    0x08004724   0x08004724   0x000000ac   Code   RO           53    .text.showRecentTime  main.o
    0x080047d0   0x080047d0   0x00000028   Code   RO         2713    i.__0sprintf        mc_w.l(printfa.o)
    0x080047f8   0x080047f8   0x0000000e   Code   RO         2796    i.__scatterload_copy  mc_w.l(handlers.o)
    0x08004806   0x08004806   0x00000002   Code   RO         2797    i.__scatterload_null  mc_w.l(handlers.o)
    0x08004808   0x08004808   0x0000000e   Code   RO         2798    i.__scatterload_zeroinit  mc_w.l(handlers.o)
    0x08004816   0x08004816   0x00000002   PAD
    0x08004818   0x08004818   0x00000184   Code   RO         2718    i._fp_digits        mc_w.l(printfa.o)
    0x0800499c   0x0800499c   0x000006dc   Code   RO         2719    i._printf_core      mc_w.l(printfa.o)
    0x08005078   0x08005078   0x00000024   Code   RO         2720    i._printf_post_padding  mc_w.l(printfa.o)
    0x0800509c   0x0800509c   0x0000002e   Code   RO         2721    i._printf_pre_padding  mc_w.l(printfa.o)
    0x080050ca   0x080050ca   0x0000000a   Code   RO         2723    i._sputc            mc_w.l(printfa.o)
    0x080050d4   0x080050d4   0x00000010   Data   RO         2458    .rodata.AHBPrescTable  system_stm32f4xx.o
    0x080050e4   0x080050e4   0x00000008   Data   RO         2459    .rodata.APBPrescTable  system_stm32f4xx.o
    0x080050ec   0x080050ec   0x00000ed8   Data   RO          397    .rodata.Font20_Table  stm32f429i_discovery_lcd.o
    0x08005fc4   0x08005fc4   0x00001ab8   Data   RO          395    .rodata.Font24_Table  stm32f429i_discovery_lcd.o
    0x08007a7c   0x08007a7c   0x00000004   Data   RO          268    .rodata.GPIO_PIN    stm32f429i_discovery.o
    0x08007a80   0x08007a80   0x00000020   Data   RO         1262    .rodata.cst32       stm32f4xx_hal_ltdc.o
    0x08007aa0   0x08007aa0   0x0000004d   Data   RO           90    .rodata.str1.1      main.o
    0x08007aed   0x08007aed   0x00000003   PAD
    0x08007af0   0x08007af0   0x00000020   Data   RO         2795    Region$$Table       anon$$obj.o


    Execution Region ER_RW (Exec base: 0x20000000, Load base: 0x08007b10, Size: 0x00000068, Max: 0xffffffff, ABSOLUTE)

    Exec Addr    Load Addr    Size         Type   Attr      Idx    E Section Name        Object

    0x20000000   0x08007b10   0x00000008   Data   RW          538    .data..L_MergedGlobals  stm32f4xx_hal.o
    0x20000008   0x08007b18   0x00000004   Data   RW          269    .data.BUTTON_PORT   stm32f429i_discovery.o
    0x2000000c   0x08007b1c   0x00000008   Data   RW          398    .data.Font20        stm32f429i_discovery_lcd.o
    0x20000014   0x08007b24   0x00000008   Data   RW          396    .data.Font24        stm32f429i_discovery_lcd.o
    0x2000001c   0x08007b2c   0x00000008   Data   RW          267    .data.GPIO_PORT     stm32f429i_discovery.o
    0x20000024   0x08007b34   0x00000004   Data   RW          273    .data.SpixTimeout   stm32f429i_discovery.o
    0x20000028   0x08007b38   0x00000004   Data   RW         2457    .data.SystemCoreClock  system_stm32f4xx.o
    0x2000002c   0x08007b3c   0x00000038   Data   RW          467    .data.ili9341_drv   ili9341.o
    0x20000064   0x08007b74   0x00000002   Data   RW           83    .data.memLocation   main.o


    Execution Region ER_ZI (Exec base: 0x20000068, Load base: 0x08007b78, Size: 0x00000730, Max: 0xffffffff, ABSOLUTE)

    Exec Addr    Load Addr    Size         Type   Attr      Idx    E Section Name        Object

    0x20000068        -       0x00000078   Zero   RW           94    .bss..L_MergedGlobals  main.o
    0x200000e0        -       0x00000050   Zero   RW          407    .bss..L_MergedGlobals  stm32f429i_discovery_lcd.o
    0x20000130        -       0x00000064   Zero   RW          440    .bss..L_MergedGlobals  stm32f429i_discovery_sdram.o
    0x20000194        -       0x00000060   Zero   RW          438    .bss.BSP_SDRAM_MspInit.dmaHandle  stm32f429i_discovery_sdram.o
    0x200001f4        -       0x00000040   Zero   RW          406    .bss.Dma2dHandler   stm32f429i_discovery_lcd.o
    0x20000234        -       0x00000054   Zero   RW           89    .bss.I2c3_Handle    main.o
    0x20000288        -       0x00000001   Zero   RW          274    .bss.Is_LCD_IO_Initialized  stm32f429i_discovery.o
    0x20000289   0x08007b78   0x00000003   PAD
    0x2000028c        -       0x000000a8   Zero   RW          405    .bss.LtdcHandler    stm32f429i_discovery_lcd.o
    0x20000334        -       0x00000058   Zero   RW          276    .bss.SpiHandle      stm32f429i_discovery.o
    0x2000038c        -       0x00000001   Zero   RW           16    .bss.status         i2c_at24c64.o
    0x2000038d   0x08007b78   0x00000003   PAD
    0x20000390        -       0x00000004   Zero   RW          537    .bss.uwTick         stm32f4xx_hal.o
    0x20000394   0x08007b78   0x00000004   PAD
    0x20000398        -       0x00000400   Zero   RW         2443    STACK               startup_stm32f429xx.o


==============================================================================

Image component sizes


      Code (inc. data)   RO Data    RW Data    ZI Data      Debug   Object Name

       368         16          0          0          1       9845   i2c_at24c64.o
       504          8          0         56          0       3683   ili9341.o
      2568        404         77          2        204      16749   main.o
        36          8        428          0       1024        864   startup_stm32f429xx.o
       852         64          4         16         89      17084   stm32f429i_discovery.o
      1192         40      10640         16        312      29187   stm32f429i_discovery_lcd.o
       638         32          0          0        196       9999   stm32f429i_discovery_sdram.o
       182         20          0          8          4       7915   stm32f4xx_hal.o
       192         28          0          0          0      10531   stm32f4xx_hal_cortex.o
       406         16          0          0          0       9262   stm32f4xx_hal_dma.o
       686          8          0          0          0      14384   stm32f4xx_hal_dma2d.o
       448         28          0          0          0       5123   stm32f4xx_hal_gpio.o
      2160         36          0          0          0      42514   stm32f4xx_hal_i2c.o
       622         16         32          0          0      15107   stm32f4xx_hal_ltdc.o
         2          0          0          0          0       7889   stm32f4xx_hal_msp.o
        12          4          0          0          0       4656   stm32f4xx_hal_pwr.o
       112         12          0          0          0       4541   stm32f4xx_hal_pwr_ex.o
      1214         52          0          0          0       7679   stm32f4xx_hal_rcc.o
       536         16          0          0          0       5587   stm32f4xx_hal_rcc_ex.o
      1194         20          0          0          0      11863   stm32f4xx_hal_rtc.o
       154          0          0          0          0      10052   stm32f4xx_hal_sdram.o
      1876          8          0          0          0      24342   stm32f4xx_hal_spi.o
       122         12          0          0          0       2837   stm32f4xx_it.o
       396         16          0          0          0      11750   stm32f4xx_ll_fmc.o
        28          4         24          4          0       2740   system_stm32f4xx.o

    ----------------------------------------------------------------------
     16520        868      11240        104       1840     286183   Object Totals
         0          0         32          0          0          0   (incl. Generated)
        20          0          3          2         10          0   (incl. Padding)

    ----------------------------------------------------------------------

      Code (inc. data)   RO Data    RW Data    ZI Data      Debug   Library Member Name

         0          0          0          0          0          0   entry.o
         0          0          0          0          0          0   entry10a.o
         0          0          0          0          0          0   entry11a.o
         8          4          0          0          0          0   entry2.o
         4          0          0          0          0          0   entry5.o
         0          0          0          0          0          0   entry7b.o
         0          0          0          0          0          0   entry8b.o
         8          4          0          0          0          0   entry9a.o
        30          0          0          0          0          0   handlers.o
        36          8          0          0          0         68   init.o
         0          0          0          0          0          0   iusefp.o
        30          0          0          0          0         68   llshl.o
        36          0          0          0          0         68   llsshr.o
        32          0          0          0          0         68   llushr.o
        36          0          0          0          0         68   memcpya.o
        36          0          0          0          0        108   memseta.o
      2276         86          0          0          0        520   printfa.o
        44          0          0          0          0         80   uidiv.o
        98          0          0          0          0         92   uldiv.o
        48          0          0          0          0         68   cdrcmple.o
       334          0          0          0          0        148   dadd.o
       222          0          0          0          0        100   ddiv.o
       186          0          0          0          0        176   depilogue.o
        48          0          0          0          0         68   dfixul.o
       228          0          0          0          0         96   dmul.o

    ----------------------------------------------------------------------
      3744        102          0          0          0       1796   Library Totals
         4          0          0          0          0          0   (incl. Padding)

    ----------------------------------------------------------------------

      Code (inc. data)   RO Data    RW Data    ZI Data      Debug   Library Name

      2674        102          0          0          0       1140   mc_w.l
      1066          0          0          0          0        656   mf_w.l

    ----------------------------------------------------------------------
      3744        102          0          0          0       1796   Library Totals

    ----------------------------------------------------------------------

==============================================================================


      Code (inc. data)   RO Data    RW Data    ZI Data      Debug   

     20264        970      11240        104       1840     286787   Grand Totals
     20264        970      11240        104       1840     286787   ELF Image Totals
     20264        970      11240        104          0          0   ROM Totals

==============================================================================

    Total RO  Size (Code + RO Data)                31504 (  30.77kB)
    Total RW  Size (RW Data + ZI Data)              1944 (   1.90kB)
    Total ROM Size (Code + RO Data + RW Data)      31608 (  30.87kB)

==============================================================================

