Component: ARM Compiler 6.16 Tool: armlink [5dfeaa00]

==============================================================================

Section Cross References

    hal_eeprom.o(.text.EE_Init) refers to hal_eeprom.o(.bss.FlashErase_InitStructure) for FlashErase_InitStructure
    hal_eeprom.o(.text.EE_Init) refers to hal_eeprom.o(.bss.error) for error
    hal_eeprom.o(.text.EE_Init) refers to stm32f4xx_hal_flash_ex.o(.text.HAL_FLASHEx_Erase) for HAL_FLASHEx_Erase
    hal_eeprom.o(.text.EE_Init) refers to main.o(.data.VirtAddVarTab) for VirtAddVarTab
    hal_eeprom.o(.text.EE_Init) refers to hal_eeprom.o(.bss.DataVar) for DataVar
    hal_eeprom.o(.text.EE_Init) refers to hal_eeprom.o(.text.EE_ReadVariable) for EE_ReadVariable
    hal_eeprom.o(.text.EE_Init) refers to hal_eeprom.o(.text.EE_VerifyPageFullWriteVariable) for EE_VerifyPageFullWriteVariable
    hal_eeprom.o(.text.EE_Init) refers to hal_eeprom.o(.text.EE_Format) for EE_Format
    hal_eeprom.o(.text.EE_Init) refers to hal_eeprom.o(.bss.HalStatus) for HalStatus
    hal_eeprom.o(.text.EE_Init) refers to stm32f4xx_hal_flash.o(.text.HAL_FLASH_Program) for HAL_FLASH_Program
    hal_eeprom.o(.ARM.exidx.text.EE_Init) refers to hal_eeprom.o(.text.EE_Init) for [Anonymous Symbol]
    hal_eeprom.o(.text.EE_Format) refers to hal_eeprom.o(.bss.HalStatus) for HalStatus
    hal_eeprom.o(.text.EE_Format) refers to hal_eeprom.o(.bss.FlashErase_InitStructure) for FlashErase_InitStructure
    hal_eeprom.o(.text.EE_Format) refers to hal_eeprom.o(.bss.error) for error
    hal_eeprom.o(.text.EE_Format) refers to stm32f4xx_hal_flash_ex.o(.text.HAL_FLASHEx_Erase) for HAL_FLASHEx_Erase
    hal_eeprom.o(.text.EE_Format) refers to stm32f4xx_hal_flash.o(.text.HAL_FLASH_Program) for HAL_FLASH_Program
    hal_eeprom.o(.ARM.exidx.text.EE_Format) refers to hal_eeprom.o(.text.EE_Format) for [Anonymous Symbol]
    hal_eeprom.o(.text.EE_ReadVariable) refers to hal_eeprom.o(.text.EE_FindValidPage) for EE_FindValidPage
    hal_eeprom.o(.ARM.exidx.text.EE_ReadVariable) refers to hal_eeprom.o(.text.EE_ReadVariable) for [Anonymous Symbol]
    hal_eeprom.o(.text.EE_VerifyPageFullWriteVariable) refers to hal_eeprom.o(.bss.HalStatus) for HalStatus
    hal_eeprom.o(.text.EE_VerifyPageFullWriteVariable) refers to hal_eeprom.o(.text.EE_FindValidPage) for EE_FindValidPage
    hal_eeprom.o(.text.EE_VerifyPageFullWriteVariable) refers to stm32f4xx_hal_flash.o(.text.HAL_FLASH_Program) for HAL_FLASH_Program
    hal_eeprom.o(.ARM.exidx.text.EE_VerifyPageFullWriteVariable) refers to hal_eeprom.o(.text.EE_VerifyPageFullWriteVariable) for [Anonymous Symbol]
    hal_eeprom.o(.ARM.exidx.text.EE_FindValidPage) refers to hal_eeprom.o(.text.EE_FindValidPage) for [Anonymous Symbol]
    hal_eeprom.o(.text.EE_WriteVariable) refers to hal_eeprom.o(.text.EE_VerifyPageFullWriteVariable) for EE_VerifyPageFullWriteVariable
    hal_eeprom.o(.text.EE_WriteVariable) refers to hal_eeprom.o(.text.EE_PageTransfer) for EE_PageTransfer
    hal_eeprom.o(.ARM.exidx.text.EE_WriteVariable) refers to hal_eeprom.o(.text.EE_WriteVariable) for [Anonymous Symbol]
    hal_eeprom.o(.text.EE_PageTransfer) refers to hal_eeprom.o(.bss.HalStatus) for HalStatus
    hal_eeprom.o(.text.EE_PageTransfer) refers to hal_eeprom.o(.text.EE_FindValidPage) for EE_FindValidPage
    hal_eeprom.o(.text.EE_PageTransfer) refers to stm32f4xx_hal_flash.o(.text.HAL_FLASH_Program) for HAL_FLASH_Program
    hal_eeprom.o(.text.EE_PageTransfer) refers to hal_eeprom.o(.text.EE_VerifyPageFullWriteVariable) for EE_VerifyPageFullWriteVariable
    hal_eeprom.o(.text.EE_PageTransfer) refers to main.o(.data.VirtAddVarTab) for VirtAddVarTab
    hal_eeprom.o(.text.EE_PageTransfer) refers to hal_eeprom.o(.bss.DataVar) for DataVar
    hal_eeprom.o(.text.EE_PageTransfer) refers to hal_eeprom.o(.text.EE_ReadVariable) for EE_ReadVariable
    hal_eeprom.o(.text.EE_PageTransfer) refers to hal_eeprom.o(.bss.FlashErase_InitStructure) for FlashErase_InitStructure
    hal_eeprom.o(.text.EE_PageTransfer) refers to hal_eeprom.o(.bss.error) for error
    hal_eeprom.o(.text.EE_PageTransfer) refers to stm32f4xx_hal_flash_ex.o(.text.HAL_FLASHEx_Erase) for HAL_FLASHEx_Erase
    hal_eeprom.o(.ARM.exidx.text.EE_PageTransfer) refers to hal_eeprom.o(.text.EE_PageTransfer) for [Anonymous Symbol]
    main.o(.text.main) refers to stm32f4xx_hal.o(.text.HAL_Init) for HAL_Init
    main.o(.text.main) refers to main.o(.text.SystemClock_Config) for SystemClock_Config
    main.o(.text.main) refers to stm32f429i_discovery.o(.text.BSP_PB_Init) for BSP_PB_Init
    main.o(.text.main) refers to stm32f429i_discovery.o(.text.BSP_LED_Init) for BSP_LED_Init
    main.o(.text.main) refers to stm32f429i_discovery.o(.text.BSP_LED_On) for BSP_LED_On
    main.o(.text.main) refers to main.o(.text.TIM3_Config) for TIM3_Config
    main.o(.text.main) refers to main.o(.text.TIM4_Config) for TIM4_Config
    main.o(.text.main) refers to main.o(.bss.Tim4_CCR) for Tim4_CCR
[...]
    [Anonymous Symbol]                       0x08002404   Section        0  stm32f4xx_hal_ltdc.o(.text.HAL_LTDC_MspInit)
    [Anonymous Symbol]                       0x08002408   Section        0  stm32f4xx_hal.o(.text.HAL_MspInit)
    [Anonymous Symbol]                       0x0800240c   Section        0  stm32f4xx_hal_cortex.o(.text.HAL_NVIC_EnableIRQ)
    [Anonymous Symbol]                       0x08002414   Section        0  stm32f4xx_hal_cortex.o(.text.HAL_NVIC_SetPriority)
    [Anonymous Symbol]                       0x08002434   Section        0  stm32f4xx_hal_cortex.o(.text.HAL_NVIC_SetPriorityGrouping)
    [Anonymous Symbol]                       0x0800243c   Section        0  stm32f4xx_hal_pwr_ex.o(.text.HAL_PWREx_EnableOverDrive)
    [Anonymous Symbol]                       0x080024b8   Section        0  stm32f4xx_hal_rcc_ex.o(.text.HAL_RCCEx_PeriphCLKConfig)
    [Anonymous Symbol]                       0x08002700   Section        0  stm32f4xx_hal_rcc.o(.text.HAL_RCC_ClockConfig)
    [Anonymous Symbol]                       0x08002860   Section        0  stm32f4xx_hal_rcc.o(.text.HAL_RCC_GetSysClockFreq)
    [Anonymous Symbol]                       0x080028cc   Section        0  stm32f4xx_hal_rcc.o(.text.HAL_RCC_OscConfig)
    [Anonymous Symbol]                       0x08002c00   Section        0  stm32f4xx_hal_rng.o(.text.HAL_RNG_Init)
    [Anonymous Symbol]                       0x08002c34   Section        0  stm32f4xx_hal_msp.o(.text.HAL_RNG_MspInit)
    [Anonymous Symbol]                       0x08002c58   Section        0  stm32f4xx_hal_sdram.o(.text.HAL_SDRAM_Init)
    [Anonymous Symbol]                       0x08002c9c   Section        0  stm32f4xx_hal_sdram.o(.text.HAL_SDRAM_MspInit)
    [Anonymous Symbol]                       0x08002ca0   Section        0  stm32f4xx_hal_sdram.o(.text.HAL_SDRAM_ProgramRefreshRate)
    [Anonymous Symbol]                       0x08002cc8   Section        0  stm32f4xx_hal_sdram.o(.text.HAL_SDRAM_SendCommand)
    [Anonymous Symbol]                       0x08002cfc   Section        0  stm32f4xx_hal_spi.o(.text.HAL_SPI_DeInit)
    [Anonymous Symbol]                       0x08002d2c   Section        0  stm32f4xx_hal_spi.o(.text.HAL_SPI_GetState)
    [Anonymous Symbol]                       0x08002d34   Section        0  stm32f4xx_hal_spi.o(.text.HAL_SPI_Init)
    [Anonymous Symbol]                       0x08002dbc   Section        0  stm32f4xx_hal_spi.o(.text.HAL_SPI_MspDeInit)
    [Anonymous Symbol]                       0x08002dc0   Section        0  stm32f4xx_hal_spi.o(.text.HAL_SPI_MspInit)
    [Anonymous Symbol]                       0x08002dc4   Section        0  stm32f4xx_hal_spi.o(.text.HAL_SPI_Receive)
    [Anonymous Symbol]                       0x08002fa8   Section        0  stm32f4xx_hal_spi.o(.text.HAL_SPI_Transmit)
    [Anonymous Symbol]                       0x08003148   Section        0  stm32f4xx_hal_spi.o(.text.HAL_SPI_TransmitReceive)
    [Anonymous Symbol]                       0x080033c0   Section        0  stm32f4xx_hal_cortex.o(.text.HAL_SYSTICK_Config)
    [Anonymous Symbol]                       0x080033c8   Section        0  stm32f4xx_hal_tim_ex.o(.text.HAL_TIMEx_BreakCallback)
    [Anonymous Symbol]                       0x080033cc   Section        0  stm32f4xx_hal_tim_ex.o(.text.HAL_TIMEx_CommutCallback)
    [Anonymous Symbol]                       0x080033d0   Section        0  stm32f4xx_hal_tim.o(.text.HAL_TIM_Base_Init)
    [Anonymous Symbol]                       0x08003408   Section        0  stm32f4xx_hal_msp.o(.text.HAL_TIM_Base_MspInit)
    [Anonymous Symbol]                       0x08003440   Section        0  stm32f4xx_hal_tim.o(.text.HAL_TIM_Base_Start_IT)
    [Anonymous Symbol]                       0x08003460   Section        0  stm32f4xx_hal_tim.o(.text.HAL_TIM_IC_CaptureCallback)
    [Anonymous Symbol]                       0x08003464   Section        0  stm32f4xx_hal_tim.o(.text.HAL_TIM_IRQHandler)
    [Anonymous Symbol]                       0x080035d0   Section        0  stm32f4xx_hal_tim.o(.text.HAL_TIM_OC_ConfigChannel)
    [Anonymous Symbol]                       0x08003628   Section        0  main.o(.text.HAL_TIM_OC_DelayElapsedCallback)
    [Anonymous Symbol]                       0x08003664   Section        0  stm32f4xx_hal_tim.o(.text.HAL_TIM_OC_Init)
    [Anonymous Symbol]                       0x0800369c   Section        0  stm32f4xx_hal_msp.o(.text.HAL_TIM_OC_MspInit)
    [Anonymous Symbol]                       0x080036d4   Section        0  stm32f4xx_hal_tim.o(.text.HAL_TIM_OC_Start_IT)
    [Anonymous Symbol]                       0x08003738   Section        0  stm32f4xx_hal_tim.o(.text.HAL_TIM_PWM_PulseFinishedCallback)
    [Anonymous Symbol]                       0x0800373c   Section        0  main.o(.text.HAL_TIM_PeriodElapsedCallback)
    [Anonymous Symbol]                       0x08003758   Section        0  stm32f4xx_hal_tim.o(.text.HAL_TIM_TriggerCallback)
    [Anonymous Symbol]                       0x0800375c   Section        0  stm32f4xx_it.o(.text.HardFault_Handler)
    [Anonymous Symbol]                       0x08003760   Section        0  stm32f429i_discovery.o(.text.LCD_Delay)
    [Anonymous Symbol]                       0x08003768   Section        0  main.o(.text.LCD_DisplayInt)
    [Anonymous Symbol]                       0x08003790   Section        0  main.o(.text.LCD_DisplayString)
    [Anonymous Symbol]                       0x080037f8   Section        0  stm32f429i_discovery.o(.text.LCD_IO_Init)
    [Anonymous Symbol]                       0x080038c8   Section        0  stm32f429i_discovery.o(.text.LCD_IO_ReadData)
    [Anonymous Symbol]                       0x0800391c   Section        0  stm32f429i_discovery.o(.text.LCD_IO_WriteData)
    [Anonymous Symbol]                       0x08003954   Section        0  stm32f429i_discovery.o(.text.LCD_IO_WriteReg)
    LTDC_SetConfig                           0x0800398d   Thumb Code   280  stm32f4xx_hal_ltdc.o(.text.LTDC_SetConfig)
    [Anonymous Symbol]                       0x0800398c   Section        0  stm32f4xx_hal_ltdc.o(.text.LTDC_SetConfig)
    [Anonymous Symbol]                       0x08003ac4   Section        0  stm32f4xx_it.o(.text.MemManage_Handler)
    [Anonymous Symbol]                       0x08003ac8   Section        0  stm32f4xx_it.o(.text.NMI_Handler)
    NVIC_EncodePriority                      0x08003acd   Thumb Code    44  stm32f4xx_hal_cortex.o(.text.NVIC_EncodePriority)
    [Anonymous Symbol]                       0x08003acc   Section        0  stm32f4xx_hal_cortex.o(.text.NVIC_EncodePriority)
    [Anonymous Symbol]                       0x08003af8   Section        0  stm32f4xx_it.o(.text.PendSV_Handler)
    SPI_EndRxTransaction                     0x08003afd   Thumb Code   144  stm32f4xx_hal_spi.o(.text.SPI_EndRxTransaction)
    [Anonymous Symbol]                       0x08003afc   Section        0  stm32f4xx_hal_spi.o(.text.SPI_EndRxTransaction)
    SPI_EndRxTxTransaction                   0x08003b8d   Thumb Code   106  stm32f4xx_hal_spi.o(.text.SPI_EndRxTxTransaction)
    [Anonymous Symbol]                       0x08003b8c   Section        0  stm32f4xx_hal_spi.o(.text.SPI_EndRxTxTransaction)
    SPI_WaitFlagStateUntilTimeout            0x08003bf9   Thumb Code   172  stm32f4xx_hal_spi.o(.text.SPI_WaitFlagStateUntilTimeout)
    [Anonymous Symbol]                       0x08003bf8   Section        0  stm32f4xx_hal_spi.o(.text.SPI_WaitFlagStateUntilTimeout)
    SPIx_Error                               0x08003ca5   Thumb Code    20  stm32f429i_discovery.o(.text.SPIx_Error)
    [Anonymous Symbol]                       0x08003ca4   Section        0  stm32f429i_discovery.o(.text.SPIx_Error)
    SPIx_Init                                0x08003cb9   Thumb Code    82  stm32f429i_discovery.o(.text.SPIx_Init)
    [Anonymous Symbol]                       0x08003cb8   Section        0  stm32f429i_discovery.o(.text.SPIx_Init)
    SPIx_MspInit                             0x08003d0d   Thumb Code    92  stm32f429i_discovery.o(.text.SPIx_MspInit)
    [Anonymous Symbol]                       0x08003d0c   Section        0  stm32f429i_discovery.o(.text.SPIx_MspInit)
    SPIx_Read                                0x08003d69   Thumb Code    44  stm32f429i_discovery.o(.text.SPIx_Read)
    [Anonymous Symbol]                       0x08003d68   Section        0  stm32f429i_discovery.o(.text.SPIx_Read)
    SPIx_Write                               0x08003d95   Thumb Code    48  stm32f429i_discovery.o(.text.SPIx_Write)
    [Anonymous Symbol]                       0x08003d94   Section        0  stm32f429i_discovery.o(.text.SPIx_Write)
    [Anonymous Symbol]                       0x08003dc4   Section        0  stm32f4xx_it.o(.text.SVC_Handler)
    SysTick_Config                           0x08003dc9   Thumb Code    46  stm32f4xx_hal_cortex.o(.text.SysTick_Config)
    [Anonymous Symbol]                       0x08003dc8   Section        0  stm32f4xx_hal_cortex.o(.text.SysTick_Config)
    [Anonymous Symbol]                       0x08003df8   Section        0  stm32f4xx_it.o(.text.SysTick_Handler)
    SystemClock_Config                       0x08003e01   Thumb Code   140  main.o(.text.SystemClock_Config)
    [Anonymous Symbol]                       0x08003e00   Section        0  main.o(.text.SystemClock_Config)
    [Anonymous Symbol]                       0x08003e8c   Section        0  system_stm32f4xx.o(.text.SystemInit)
    [Anonymous Symbol]                       0x08003ea8   Section        0  main.o(.text.TIM3_Config)
    [Anonymous Symbol]                       0x08003f04   Section        0  stm32f4xx_it.o(.text.TIM3_IRQHandler)
    [Anonymous Symbol]                       0x08003f14   Section        0  main.o(.text.TIM4_Config)
    [Anonymous Symbol]                       0x08003f60   Section        0  stm32f4xx_it.o(.text.TIM4_IRQHandler)
    [Anonymous Symbol]                       0x08003f70   Section        0  main.o(.text.TIM4_OC_Config)
    [Anonymous Symbol]                       0x08003fb0   Section        0  stm32f4xx_hal_tim.o(.text.TIM_Base_SetConfig)
    [Anonymous Symbol]                       0x080040d4   Section        0  stm32f4xx_hal_tim.o(.text.TIM_CCxChannelCmd)
    TIM_OC1_SetConfig                        0x080040f9   Thumb Code   100  stm32f4xx_hal_tim.o(.text.TIM_OC1_SetConfig)
    [Anonymous Symbol]                       0x080040f8   Section        0  stm32f4xx_hal_tim.o(.text.TIM_OC1_SetConfig)
    [Anonymous Symbol]                       0x0800415c   Section        0  stm32f4xx_hal_tim.o(.text.TIM_OC2_SetConfig)
    TIM_OC3_SetConfig                        0x080041c9   Thumb Code   104  stm32f4xx_hal_tim.o(.text.TIM_OC3_SetConfig)
    [Anonymous Symbol]                       0x080041c8   Section        0  stm32f4xx_hal_tim.o(.text.TIM_OC3_SetConfig)
    TIM_OC4_SetConfig                        0x08004231   Thumb Code    78  stm32f4xx_hal_tim.o(.text.TIM_OC4_SetConfig)
    [Anonymous Symbol]                       0x08004230   Section        0  stm32f4xx_hal_tim.o(.text.TIM_OC4_SetConfig)
    [Anonymous Symbol]                       0x08004280   Section        0  stm32f4xx_it.o(.text.UsageFault_Handler)
    __NVIC_EnableIRQ                         0x08004285   Thumb Code    32  stm32f4xx_hal_cortex.o(.text.__NVIC_EnableIRQ)
    [Anonymous Symbol]                       0x08004284   Section        0  stm32f4xx_hal_cortex.o(.text.__NVIC_EnableIRQ)
    __NVIC_GetPriorityGrouping               0x080042a5   Thumb Code    16  stm32f4xx_hal_cortex.o(.text.__NVIC_GetPriorityGrouping)
    [Anonymous Symbol]                       0x080042a4   Section        0  stm32f4xx_hal_cortex.o(.text.__NVIC_GetPriorityGrouping)
    __NVIC_SetPriority                       0x080042b5   Thumb Code    34  stm32f4xx_hal_cortex.o(.text.__NVIC_SetPriority)
    [Anonymous Symbol]                       0x080042b4   Section        0  stm32f4xx_hal_cortex.o(.text.__NVIC_SetPriority)
    __NVIC_SetPriorityGrouping               0x080042d9   Thumb Code    32  stm32f4xx_hal_cortex.o(.text.__NVIC_SetPriorityGrouping)
    [Anonymous Symbol]                       0x080042d8   Section        0  stm32f4xx_hal_cortex.o(.text.__NVIC_SetPriorityGrouping)
    [Anonymous Symbol]                       0x080042f8   Section        0  ili9341.o(.text.ili9341_DisplayOff)
    [Anonymous Symbol]                       0x08004304   Section        0  ili9341.o(.text.ili9341_DisplayOn)
    [Anonymous Symbol]                       0x08004310   Section        0  ili9341.o(.text.ili9341_GetLcdPixelHeight)
    [Anonymous Symbol]                       0x08004318   Section        0  ili9341.o(.text.ili9341_GetLcdPixelWidth)
    [Anonymous Symbol]                       0x0800431c   Section        0  ili9341.o(.text.ili9341_Init)
    [Anonymous Symbol]                       0x080045ac   Section        0  ili9341.o(.text.ili9341_ReadData)
    [Anonymous Symbol]                       0x080045b4   Section        0  ili9341.o(.text.ili9341_ReadID)
    [Anonymous Symbol]                       0x080045c8   Section        0  ili9341.o(.text.ili9341_WriteData)
    [Anonymous Symbol]                       0x080045d0   Section        0  ili9341.o(.text.ili9341_WriteReg)
    [Anonymous Symbol]                       0x080045d8   Section        0  main.o(.text.main)
    i.__0sprintf                             0x080046dc   Section        0  printfa.o(i.__0sprintf)
    i.__scatterload_copy                     0x08004704   Section       14  handlers.o(i.__scatterload_copy)
    i.__scatterload_null                     0x08004712   Section        2  handlers.o(i.__scatterload_null)
    i.__scatterload_zeroinit                 0x08004714   Section       14  handlers.o(i.__scatterload_zeroinit)
    _fp_digits                               0x08004725   Thumb Code   366  printfa.o(i._fp_digits)
    i._fp_digits                             0x08004724   Section        0  printfa.o(i._fp_digits)
    _printf_core                             0x080048a9   Thumb Code  1744  printfa.o(i._printf_core)
    i._printf_core                           0x080048a8   Section        0  printfa.o(i._printf_core)
    _printf_post_padding                     0x08004f85   Thumb Code    36  printfa.o(i._printf_post_padding)
    i._printf_post_padding                   0x08004f84   Section        0  printfa.o(i._printf_post_padding)
    _printf_pre_padding                      0x08004fa9   Thumb Code    46  printfa.o(i._printf_pre_padding)
    i._printf_pre_padding                    0x08004fa8   Section        0  printfa.o(i._printf_pre_padding)
    _sputc                                   0x08004fd7   Thumb Code    10  printfa.o(i._sputc)
    i._sputc                                 0x08004fd6   Section        0  printfa.o(i._sputc)
    ActiveLayer                              0x20000070   Data           4  stm32f429i_discovery_lcd.o(.bss.ActiveLayer)
    [Anonymous Symbol]                       0x20000070   Section        0  stm32f429i_discovery_lcd.o(.bss.ActiveLayer)
    BSP_SDRAM_Init.sdramstatus               0x20000074   Data           1  stm32f429i_discovery_sdram.o(.bss.BSP_SDRAM_Init.sdramstatus)
    [Anonymous Symbol]                       0x20000074   Section        0  stm32f429i_discovery_sdram.o(.bss.BSP_SDRAM_Init.sdramstatus)
    BSP_SDRAM_MspInit.dmaHandle              0x20000078   Data          96  stm32f429i_discovery_sdram.o(.bss.BSP_SDRAM_MspInit.dmaHandle)
    [Anonymous Symbol]                       0x20000078   Section        0  stm32f429i_discovery_sdram.o(.bss.BSP_SDRAM_MspInit.dmaHandle)
    Command                                  0x200000d8   Data          16  stm32f429i_discovery_sdram.o(.bss.Command)
    [Anonymous Symbol]                       0x200000d8   Section        0  stm32f429i_discovery_sdram.o(.bss.Command)
    Dma2dHandler                             0x200000ec   Data          64  stm32f429i_discovery_lcd.o(.bss.Dma2dHandler)
    [Anonymous Symbol]                       0x200000ec   Section        0  stm32f429i_discovery_lcd.o(.bss.Dma2dHandler)
    DrawProp                                 0x2000012c   Data          24  stm32f429i_discovery_lcd.o(.bss.DrawProp)
    [Anonymous Symbol]                       0x2000012c   Section        0  stm32f429i_discovery_lcd.o(.bss.DrawProp)
    Is_LCD_IO_Initialized                    0x2000015d   Data           1  stm32f429i_discovery.o(.bss.Is_LCD_IO_Initialized)
    [Anonymous Symbol]                       0x2000015d   Section        0  stm32f429i_discovery.o(.bss.Is_LCD_IO_Initialized)
    PeriphClkInitStruct                      0x20000210   Data          48  stm32f429i_discovery_lcd.o(.bss.PeriphClkInitStruct)
    [Anonymous Symbol]                       0x20000210   Section        0  stm32f429i_discovery_lcd.o(.bss.PeriphClkInitStruct)
    SdramHandle                              0x20000250   Data          52  stm32f429i_discovery_sdram.o(.bss.SdramHandle)
    [Anonymous Symbol]                       0x20000250   Section        0  stm32f429i_discovery_sdram.o(.bss.SdramHandle)
    SpiHandle                                0x20000284   Data          88  stm32f429i_discovery.o(.bss.SpiHandle)
    [Anonymous Symbol]                       0x20000284   Section        0  stm32f429i_discovery.o(.bss.SpiHandle)
    Timing                                   0x20000380   Data          28  stm32f429i_discovery_sdram.o(.bss.Timing)
    [Anonymous Symbol]                       0x20000380   Section        0  stm32f429i_discovery_sdram.o(.bss.Timing)
    STACK                                    0x200003c8   Section     1024  startup_stm32f429xx.o(STACK)

    Global Symbols

    Symbol Name                              Value     Ov Type        Size  Object(Section)

    BuildAttributes$$THM_ISAv4$E$P$D$K$B$S$7EM$VFPi3$EXTD16$VFPS$VFMA$PE$A:L22UL41UL21$X:L11$S22US41US21$IEEE1$IW$~IW$USESV6$~STKCKD$USESV7$~SHL$OTIME$ROPI$EBA8$MICROLIB$REQ8$PRES8$EABIv2 0x00000000   Number         0  anon$$obj.o ABSOLUTE
    _printf_a                                0x00000000   Number         0  printfstubs.o ABSOLUTE
    _printf_c                                0x00000000   Number         0  printfstubs.o ABSOLUTE
    _printf_charcount                        0x00000000   Number         0  printfstubs.o ABSOLUTE
    _printf_d                                0x00000000   Number         0  printfstubs.o ABSOLUTE
    _printf_e                                0x00000000   Number         0  printfstubs.o ABSOLUTE
    _printf_f                                0x00000000   Number         0  printfstubs.o ABSOLUTE
    _printf_flags                            0x00000000   Number         0  printfstubs.o ABSOLUTE
    _printf_fp_dec                           0x00000000   Number         0  printfstubs.o ABSOLUTE
    _printf_fp_hex                           0x00000000   Number         0  printfstubs.o ABSOLUTE
    _printf_g                                0x00000000   Number         0  printfstubs.o ABSOLUTE
    _printf_i                                0x00000000   Number         0  printfstubs.o ABSOLUTE
    _printf_int_dec                          0x00000000   Number         0  printfstubs.o ABSOLUTE
    _printf_l                                0x00000000   Number         0  printfstubs.o ABSOLUTE
    _printf_lc                               0x00000000   Number         0  printfstubs.o ABSOLUTE
    _printf_ll                               0x00000000   Number         0  printfstubs.o ABSOLUTE
    _printf_lld                              0x00000000   Number         0  printfstubs.o ABSOLUTE
    _printf_lli                              0x00000000   Number         0  printfstubs.o ABSOLUTE
    _printf_llo                              0x00000000   Number         0  printfstubs.o ABSOLUTE
    _printf_llu                              0x00000000   Number         0  printfstubs.o ABSOLUTE
    _printf_llx                              0x00000000   Number         0  printfstubs.o ABSOLUTE
    _printf_longlong_dec                     0x00000000   Number         0  printfstubs.o ABSOLUTE
    _printf_longlong_hex                     0x00000000   Number         0  printfstubs.o ABSOLUTE
    _printf_longlong_oct                     0x00000000   Number         0  printfstubs.o ABSOLUTE
    _printf_ls                               0x00000000   Number         0  printfstubs.o ABSOLUTE
    _printf_mbtowc                           0x00000000   Number         0  printfstubs.o ABSOLUTE
    _printf_n                                0x00000000   Number         0  printfstubs.o ABSOLUTE
    _printf_o                                0x00000000   Number         0  printfstubs.o ABSOLUTE
    _printf_p                                0x00000000   Number         0  printfstubs.o ABSOLUTE
    _printf_percent                          0x00000000   Number         0  printfstubs.o ABSOLUTE
    _printf_pre_padding                      0x00000000   Number         0  printfstubs.o ABSOLUTE
    _printf_return_value                     0x00000000   Number         0  printfstubs.o ABSOLUTE
    _printf_s                                0x00000000   Number         0  printfstubs.o ABSOLUTE
    _printf_sizespec                         0x00000000   Number         0  printfstubs.o ABSOLUTE
    _printf_str                              0x00000000   Number         0  printfstubs.o ABSOLUTE
    _printf_truncate_signed                  0x00000000   Number         0  printfstubs.o ABSOLUTE
    _printf_truncate_unsigned                0x00000000   Number         0  printfstubs.o ABSOLUTE
    _printf_u                                0x00000000   Number         0  printfstubs.o ABSOLUTE
    _printf_wc                               0x00000000   Number         0  printfstubs.o ABSOLUTE
    _printf_wctomb                           0x00000000   Number         0  printfstubs.o ABSOLUTE
    _printf_widthprec                        0x00000000   Number         0  printfstubs.o ABSOLUTE
    _printf_x                                0x00000000   Number         0  printfstubs.o ABSOLUTE
    __cpp_initialize__aeabi_                  - Undefined Weak Reference
    __cxa_finalize                            - Undefined Weak Reference
    __decompress                              - Undefined Weak Reference
    _clock_init                               - Undefined Weak Reference
    _microlib_exit                            - Undefined Weak Reference
    __Vectors_Size                           0x000001ac   Number         0  startup_stm32f429xx.o ABSOLUTE
    __Vectors                                0x08000000   Data           4  startup_stm32f429xx.o(RESET)
    __Vectors_End                            0x080001ac   Data           0  startup_stm32f429xx.o(RESET)
    __main                                   0x080001ad   Thumb Code     0  entry.o(.ARM.Collect$$$$00000000)
    _main_stk                                0x080001ad   Thumb Code     0  entry2.o(.ARM.Collect$$$$00000001)
    _main_scatterload                        0x080001b1   Thumb Code     0  entry5.o(.ARM.Collect$$$$00000004)
    __main_after_scatterload                 0x080001b5   Thumb Code     0  entry5.o(.ARM.Collect$$$$00000004)
    _main_clock                              0x080001b5   Thumb Code     0  entry7b.o(.ARM.Collect$$$$00000008)
    _main_cpp_init                           0x080001b5   Thumb Code     0  entry8b.o(.ARM.Collect$$$$0000000A)
    _main_init                               0x080001b5   Thumb Code     0  entry9a.o(.ARM.Collect$$$$0000000B)
    __rt_final_cpp                           0x080001bd   Thumb Code     0  entry10a.o(.ARM.Collect$$$$0000000D)
    __rt_final_exit                          0x080001bd   Thumb Code     0  entry11a.o(.ARM.Collect$$$$0000000F)
    Reset_Handler                            0x080001c1   Thumb Code     8  startup_stm32f429xx.o(.text)
    ADC_IRQHandler                           0x080001db   Thumb Code     0  startup_stm32f429xx.o(.text)
    CAN1_RX0_IRQHandler                      0x080001db   Thumb Code     0  startup_stm32f429xx.o(.text)
    CAN1_RX1_IRQHandler                      0x080001db   Thumb Code     0  startup_stm32f429xx.o(.text)
    CAN1_SCE_IRQHandler                      0x080001db   Thumb Code     0  startup_stm32f429xx.o(.text)
    CAN1_TX_IRQHandler                       0x080001db   Thumb Code     0  startup_stm32f429xx.o(.text)
    CAN2_RX0_IRQHandler                      0x080001db   Thumb Code     0  startup_stm32f429xx.o(.text)
    CAN2_RX1_IRQHandler                      0x080001db   Thumb Code     0  startup_stm32f429xx.o(.text)
    CAN2_SCE_IRQHandler                      0x080001db   Thumb Code     0  startup_stm32f429xx.o(.text)
    CAN2_TX_IRQHandler                       0x080001db   Thumb Code     0  startup_stm32f429xx.o(.text)
    DCMI_IRQHandler                          0x080001db   Thumb Code     0  startup_stm32f429xx.o(.text)
    DMA1_Stream0_IRQHandler                  0x080001db   Thumb Code     0  startup_stm32f429xx.o(.text)
    DMA1_Stream1_IRQHandler                  0x080001db   Thumb Code     0  startup_stm32f429xx.o(.text)
    DMA1_Stream2_IRQHandler                  0x080001db   Thumb Code     0  startup_stm32f429xx.o(.text)
    DMA1_Stream3_IRQHandler                  0x080001db   Thumb Code     0  startup_stm32f429xx.o(.text)
    DMA1_Stream4_IRQHandler                  0x080001db   Thumb Code     0  startup_stm32f429xx.o(.text)
    DMA1_Stream5_IRQHandler                  0x080001db   Thumb Code     0  startup_stm32f429xx.o(.text)
    DMA1_Stream6_IRQHandler                  0x080001db   Thumb Code     0  startup_stm32f429xx.o(.text)
    DMA1_Stream7_IRQHandler                  0x080001db   Thumb Code     0  startup_stm32f429xx.o(.text)
    DMA2D_IRQHandler                         0x080001db   Thumb Code     0  startup_stm32f429xx.o(.text)
    DMA2_Stream0_IRQHandler                  0x080001db   Thumb Code     0  startup_stm32f429xx.o(.text)
    DMA2_Stream1_IRQHandler                  0x080001db   Thumb Code     0  startup_stm32f429xx.o(.text)
    DMA2_Stream2_IRQHandler                  0x080001db   Thumb Code     0  startup_stm32f429xx.o(.text)
    DMA2_Stream3_IRQHandler                  0x080001db   Thumb Code     0  startup_stm32f429xx.o(.text)
    DMA2_Stream4_IRQHandler                  0x080001db   Thumb Code     0  startup_stm32f429xx.o(.text)
    DMA2_Stream5_IRQHandler                  0x080001db   Thumb Code     0  startup_stm32f429xx.o(.text)
    DMA2_Stream6_IRQHandler                  0x080001db   Thumb Code     0  startup_stm32f429xx.o(.text)
    DMA2_Stream7_IRQHandler                  0x080001db   Thumb Code     0  startup_stm32f429xx.o(.text)
    ETH_IRQHandler                           0x080001db   Thumb Code     0  startup_stm32f429xx.o(.text)
    ETH_WKUP_IRQHandler                      0x080001db   Thumb Code     0  startup_stm32f429xx.o(.text)
    EXTI15_10_IRQHandler                     0x080001db   Thumb Code     0  startup_stm32f429xx.o(.text)
    EXTI2_IRQHandler                         0x080001db   Thumb Code     0  startup_stm32f429xx.o(.text)
    EXTI3_IRQHandler                         0x080001db   Thumb Code     0  startup_stm32f429xx.o(.text)
    EXTI4_IRQHandler                         0x080001db   Thumb Code     0  startup_stm32f429xx.o(.text)
    EXTI9_5_IRQHandler                       0x080001db   Thumb Code     0  startup_stm32f429xx.o(.text)
    FLASH_IRQHandler                         0x080001db   Thumb Code     0  startup_stm32f429xx.o(.text)
    FMC_IRQHandler                           0x080001db   Thumb Code     0  startup_stm32f429xx.o(.text)
    FPU_IRQHandler                           0x080001db   Thumb Code     0  startup_stm32f429xx.o(.text)
    HASH_RNG_IRQHandler                      0x080001db   Thumb Code     0  startup_stm32f429xx.o(.text)
    I2C1_ER_IRQHandler                       0x080001db   Thumb Code     0  startup_stm32f429xx.o(.text)
    I2C1_EV_IRQHandler                       0x080001db   Thumb Code     0  startup_stm32f429xx.o(.text)
    I2C2_ER_IRQHandler                       0x080001db   Thumb Code     0  startup_stm32f429xx.o(.text)
    I2C2_EV_IRQHandler                       0x080001db   Thumb Code     0  startup_stm32f429xx.o(.text)
    I2C3_ER_IRQHandler                       0x080001db   Thumb Code     0  startup_stm32f429xx.o(.text)
    I2C3_EV_IRQHandler                       0x080001db   Thumb Code     0  startup_stm32f429xx.o(.text)
    LTDC_ER_IRQHandler                       0x080001db   Thumb Code     0  startup_stm32f429xx.o(.text)
    LTDC_IRQHandler                          0x080001db   Thumb Code     0  startup_stm32f429xx.o(.text)
    OTG_FS_IRQHandler                        0x080001db   Thumb Code     0  startup_stm32f429xx.o(.text)
    OTG_FS_WKUP_IRQHandler                   0x080001db   Thumb Code     0  startup_stm32f429xx.o(.text)
    OTG_HS_EP1_IN_IRQHandler                 0x080001db   Thumb Code     0  startup_stm32f429xx.o(.text)
    OTG_HS_EP1_OUT_IRQHandler                0x080001db   Thumb Code     0  startup_stm32f429xx.o(.text)
    OTG_HS_IRQHandler                        0x080001db   Thumb Code     0  startup_stm32f429xx.o(.text)
    OTG_HS_WKUP_IRQHandler                   0x080001db   Thumb Code     0  startup_stm32f429xx.o(.text)
    PVD_IRQHandler                           0x080001db   Thumb Code     0  startup_stm32f429xx.o(.text)
    RCC_IRQHandler                           0x080001db   Thumb Code     0  startup_stm32f429xx.o(.text)
    RTC_Alarm_IRQHandler                     0x080001db   Thumb Code     0  startup_stm32f429xx.o(.text)
    RTC_WKUP_IRQHandler                      0x080001db   Thumb Code     0  startup_stm32f429xx.o(.text)
    SAI1_IRQHandler                          0x080001db   Thumb Code     0  startup_stm32f429xx.o(.text)
    SDIO_IRQHandler                          0x080001db   Thumb Code     0  startup_stm32f429xx.o(.text)
    SPI1_IRQHandler                          0x080001db   Thumb Code     0  startup_stm32f429xx.o(.text)
    SPI2_IRQHandler                          0x080001db   Thumb Code     0  startup_stm32f429xx.o(.text)
    SPI3_IRQHandler                          0x080001db   Thumb Code     0  startup_stm32f429xx.o(.text)
    SPI4_IRQHandler                          0x080001db   Thumb Code     0  startup_stm32f429xx.o(.text)
    SPI5_IRQHandler                          0x080001db   Thumb Code     0  startup_stm32f429xx.o(.text)
    SPI6_IRQHandler                          0x080001db   Thumb Code     0  startup_stm32f429xx.o(.text)
    TAMP_STAMP_IRQHandler                    0x080001db   Thumb Code     0  startup_stm32f429xx.o(.text)
    TIM1_BRK_TIM9_IRQHandler                 0x080001db   Thumb Code     0  startup_stm32f429xx.o(.text)
    TIM1_CC_IRQHandler                       0x080001db   Thumb Code     0  startup_stm32f429xx.o(.text)
    TIM1_TRG_COM_TIM11_IRQHandler            0x080001db   Thumb Code     0  startup_stm32f429xx.o(.text)
    TIM1_UP_TIM10_IRQHandler                 0x080001db   Thumb Code     0  startup_stm32f429xx.o(.text)
    TIM2_IRQHandler                          0x080001db   Thumb Code     0  startup_stm32f429xx.o(.text)
    TIM5_IRQHandler                          0x080001db   Thumb Code     0  startup_stm32f429xx.o(.text)
    TIM6_DAC_IRQHandler                      0x080001db   Thumb Code     0  startup_stm32f429xx.o(.text)
    TIM7_IRQHandler                          0x080001db   Thumb Code     0  startup_stm32f429xx.o(.text)
    TIM8_BRK_TIM12_IRQHandler                0x080001db   Thumb Code     0  startup_stm32f429xx.o(.text)
    TIM8_CC_IRQHandler                       0x080001db   Thumb Code     0  startup_stm32f429xx.o(.text)
    TIM8_TRG_COM_TIM14_IRQHandler            0x080001db   Thumb Code     0  startup_stm32f429xx.o(.text)
    TIM8_UP_TIM13_IRQHandler                 0x080001db   Thumb Code     0  startup_stm32f429xx.o(.text)
    UART4_IRQHandler                         0x080001db   Thumb Code     0  startup_stm32f429xx.o(.text)
    UART5_IRQHandler                         0x080001db   Thumb Code     0  startup_stm32f429xx.o(.text)
    UART7_IRQHandler                         0x080001db   Thumb Code     0  startup_stm32f429xx.o(.text)
    UART8_IRQHandler                         0x080001db   Thumb Code     0  startup_stm32f429xx.o(.text)
    USART1_IRQHandler                        0x080001db   Thumb Code     0  startup_stm32f429xx.o(.text)
    USART2_IRQHandler                        0x080001db   Thumb Code     0  startup_stm32f429xx.o(.text)
    USART3_IRQHandler                        0x080001db   Thumb Code     0  startup_stm32f429xx.o(.text)
    USART6_IRQHandler                        0x080001db   Thumb Code     0  startup_stm32f429xx.o(.text)
    WWDG_IRQHandler                          0x080001db   Thumb Code     0  startup_stm32f429xx.o(.text)
    __aeabi_uldivmod                         0x080001e5   Thumb Code    98  uldiv.o(.text)
    __aeabi_uidiv                            0x08000247   Thumb Code     0  uidiv.o(.text)
    __aeabi_uidivmod                         0x08000247   Thumb Code    44  uidiv.o(.text)
    __aeabi_llsl                             0x08000273   Thumb Code    30  llshl.o(.text)
    _ll_shift_l                              0x08000273   Thumb Code     0  llshl.o(.text)
    __aeabi_llsr                             0x08000291   Thumb Code    32  llushr.o(.text)
    _ll_ushift_r                             0x08000291   Thumb Code     0  llushr.o(.text)
    __I$use$fp                               0x080002b1   Thumb Code     0  iusefp.o(.text)
    __aeabi_dadd                             0x080002b1   Thumb Code   322  dadd.o(.text)
    __aeabi_dsub                             0x080003f3   Thumb Code     6  dadd.o(.text)
    __aeabi_drsub                            0x080003f9   Thumb Code     6  dadd.o(.text)
    __aeabi_dmul                             0x080003ff   Thumb Code   228  dmul.o(.text)
    __aeabi_ddiv                             0x080004e3   Thumb Code   222  ddiv.o(.text)
    __aeabi_d2ulz                            0x080005c1   Thumb Code    48  dfixul.o(.text)
    __aeabi_cdrcmple                         0x080005f1   Thumb Code    48  cdrcmple.o(.text)
    __scatterload                            0x08000621   Thumb Code    28  init.o(.text)
    __scatterload_rt2                        0x08000621   Thumb Code     0  init.o(.text)
    __aeabi_lasr                             0x08000645   Thumb Code    36  llsshr.o(.text)
    _ll_sshift_r                             0x08000645   Thumb Code     0  llsshr.o(.text)
    _double_round                            0x08000669   Thumb Code    30  depilogue.o(.text)
    _double_epilogue                         0x08000687   Thumb Code   156  depilogue.o(.text)
    BSP_LCD_Clear                            0x08000725   Thumb Code    64  stm32f429i_discovery_lcd.o(.text.BSP_LCD_Clear)
    BSP_LCD_DisplayChar                      0x08000765   Thumb Code    58  stm32f429i_discovery_lcd.o(.text.BSP_LCD_DisplayChar)
    BSP_LCD_DisplayOn                        0x080007a1   Thumb Code    22  stm32f429i_discovery_lcd.o(.text.BSP_LCD_DisplayOn)
    BSP_LCD_DrawPixel                        0x080007b9   Thumb Code    52  stm32f429i_discovery_lcd.o(.text.BSP_LCD_DrawPixel)
    BSP_LCD_GetFont                          0x080007ed   Thumb Code    30  stm32f429i_discovery_lcd.o(.text.BSP_LCD_GetFont)
    BSP_LCD_GetXSize                         0x0800080d   Thumb Code    18  stm32f429i_discovery_lcd.o(.text.BSP_LCD_GetXSize)
    BSP_LCD_GetYSize                         0x08000821   Thumb Code    18  stm32f429i_discovery_lcd.o(.text.BSP_LCD_GetYSize)
    BSP_LCD_Init                             0x08000835   Thumb Code   162  stm32f429i_discovery_lcd.o(.text.BSP_LCD_Init)
    BSP_LCD_LayerDefaultInit                 0x080008d9   Thumb Code   134  stm32f429i_discovery_lcd.o(.text.BSP_LCD_LayerDefaultInit)
    BSP_LCD_MspInit                          0x08000961   Thumb Code   324  stm32f429i_discovery_lcd.o(.text.BSP_LCD_MspInit)
    BSP_LCD_SelectLayer                      0x08000aa5   Thumb Code    12  stm32f429i_discovery_lcd.o(.text.BSP_LCD_SelectLayer)
    BSP_LCD_SetBackColor                     0x08000ab1   Thumb Code    30  stm32f429i_discovery_lcd.o(.text.BSP_LCD_SetBackColor)
    BSP_LCD_SetFont                          0x08000ad1   Thumb Code    30  stm32f429i_discovery_lcd.o(.text.BSP_LCD_SetFont)
    BSP_LCD_SetTextColor                     0x08000af1   Thumb Code    28  stm32f429i_discovery_lcd.o(.text.BSP_LCD_SetTextColor)
    BSP_LED_Init                             0x08000b0d   Thumb Code   132  stm32f429i_discovery.o(.text.BSP_LED_Init)
    BSP_LED_On                               0x08000b91   Thumb Code    36  stm32f429i_discovery.o(.text.BSP_LED_On)
    BSP_LED_Toggle                           0x08000bb5   Thumb Code    34  stm32f429i_discovery.o(.text.BSP_LED_Toggle)
    BSP_PB_Init                              0x08000bd9   Thumb Code   136  stm32f429i_discovery.o(.text.BSP_PB_Init)
    BSP_SDRAM_Init                           0x08000c61   Thumb Code   136  stm32f429i_discovery_sdram.o(.text.BSP_SDRAM_Init)
    BSP_SDRAM_Initialization_sequence        0x08000ce9   Thumb Code   150  stm32f429i_discovery_sdram.o(.text.BSP_SDRAM_Initialization_sequence)
    BSP_SDRAM_MspInit                        0x08000d81   Thumb Code   396  stm32f429i_discovery_sdram.o(.text.BSP_SDRAM_MspInit)
    BusFault_Handler                         0x08000f0d   Thumb Code     2  stm32f4xx_it.o(.text.BusFault_Handler)
    DebugMon_Handler                         0x08001045   Thumb Code     2  stm32f4xx_it.o(.text.DebugMon_Handler)
    EE_Init                                  0x080011d5   Thumb Code   510  hal_eeprom.o(.text.EE_Init)
    EE_ReadVariable                          0x080014b1   Thumb Code    70  hal_eeprom.o(.text.EE_ReadVariable)
    EE_WriteVariable                         0x08001571   Thumb Code    26  hal_eeprom.o(.text.EE_WriteVariable)
    EXTI0_IRQHandler                         0x0800158d   Thumb Code    10  stm32f4xx_it.o(.text.EXTI0_IRQHandler)
    EXTI1_IRQHandler                         0x08001599   Thumb Code    10  stm32f4xx_it.o(.text.EXTI1_IRQHandler)
    FLASH_Erase_Sector                       0x080015f9   Thumb Code    84  stm32f4xx_hal_flash_ex.o(.text.FLASH_Erase_Sector)
    FLASH_FlushCaches                        0x0800164d   Thumb Code    88  stm32f4xx_hal_flash_ex.o(.text.FLASH_FlushCaches)
    FLASH_WaitForLastOperation               0x08001801   Thumb Code   106  stm32f4xx_hal_flash.o(.text.FLASH_WaitForLastOperation)
    FMC_SDRAM_Init                           0x0800186d   Thumb Code   134  stm32f4xx_ll_fmc.o(.text.FMC_SDRAM_Init)
    FMC_SDRAM_ProgramRefreshRate             0x080018f5   Thumb Code    14  stm32f4xx_ll_fmc.o(.text.FMC_SDRAM_ProgramRefreshRate)
    FMC_SDRAM_SendCommand                    0x08001905   Thumb Code    94  stm32f4xx_ll_fmc.o(.text.FMC_SDRAM_SendCommand)
    FMC_SDRAM_Timing_Init                    0x08001965   Thumb Code   222  stm32f4xx_ll_fmc.o(.text.FMC_SDRAM_Timing_Init)
    HAL_DMA2D_ConfigLayer                    0x08001ac1   Thumb Code   158  stm32f4xx_hal_dma2d.o(.text.HAL_DMA2D_ConfigLayer)
    HAL_DMA2D_Init                           0x08001b61   Thumb Code    86  stm32f4xx_hal_dma2d.o(.text.HAL_DMA2D_Init)
    HAL_DMA2D_MspInit                        0x08001bb9   Thumb Code     2  stm32f4xx_hal_dma2d.o(.text.HAL_DMA2D_MspInit)
    HAL_DMA2D_PollForTransfer                0x08001bbd   Thumb Code   308  stm32f4xx_hal_dma2d.o(.text.HAL_DMA2D_PollForTransfer)
    HAL_DMA2D_Start                          0x08001cf1   Thumb Code    58  stm32f4xx_hal_dma2d.o(.text.HAL_DMA2D_Start)
    HAL_DMA_DeInit                           0x08001d2d   Thumb Code    90  stm32f4xx_hal_dma.o(.text.HAL_DMA_DeInit)
    HAL_DMA_Init                             0x08001d89   Thumb Code   206  stm32f4xx_hal_dma.o(.text.HAL_DMA_Init)
    HAL_Delay                                0x08001e59   Thumb Code    40  stm32f4xx_hal.o(.text.HAL_Delay)
    HAL_FLASHEx_Erase                        0x08001e81   Thumb Code   182  stm32f4xx_hal_flash_ex.o(.text.HAL_FLASHEx_Erase)
    HAL_FLASH_Program                        0x08001f39   Thumb Code   134  stm32f4xx_hal_flash.o(.text.HAL_FLASH_Program)
    HAL_FLASH_Unlock                         0x08001fc1   Thumb Code    46  stm32f4xx_hal_flash.o(.text.HAL_FLASH_Unlock)
    HAL_GPIO_EXTI_Callback                   0x08001ff1   Thumb Code     2  main.o(.text.HAL_GPIO_EXTI_Callback)
    HAL_GPIO_EXTI_IRQHandler                 0x08001ff5   Thumb Code    26  stm32f4xx_hal_gpio.o(.text.HAL_GPIO_EXTI_IRQHandler)
    HAL_GPIO_Init                            0x08002011   Thumb Code   410  stm32f4xx_hal_gpio.o(.text.HAL_GPIO_Init)
    HAL_GPIO_TogglePin                       0x080021ad   Thumb Code    14  stm32f4xx_hal_gpio.o(.text.HAL_GPIO_TogglePin)
    HAL_GPIO_WritePin                        0x080021bd   Thumb Code    10  stm32f4xx_hal_gpio.o(.text.HAL_GPIO_WritePin)
    HAL_GetTick                              0x080021c9   Thumb Code    12  stm32f4xx_hal.o(.text.HAL_GetTick)
    HAL_IncTick                              0x080021d5   Thumb Code    26  stm32f4xx_hal.o(.text.HAL_IncTick)
    HAL_Init                                 0x080021f1   Thumb Code    54  stm32f4xx_hal.o(.text.HAL_Init)
    HAL_InitTick                             0x08002229   Thumb Code    80  stm32f4xx_hal.o(.text.HAL_InitTick)
    HAL_LTDC_ConfigLayer                     0x08002279   Thumb Code   118  stm32f4xx_hal_ltdc.o(.text.HAL_LTDC_ConfigLayer)
    HAL_LTDC_EnableDither                    0x080022f1   Thumb Code    48  stm32f4xx_hal_ltdc.o(.text.HAL_LTDC_EnableDither)
    HAL_LTDC_Init                            0x08002321   Thumb Code   228  stm32f4xx_hal_ltdc.o(.text.HAL_LTDC_Init)
    HAL_LTDC_MspInit                         0x08002405   Thumb Code     2  stm32f4xx_hal_ltdc.o(.text.HAL_LTDC_MspInit)
    HAL_MspInit                              0x08002409   Thumb Code     2  stm32f4xx_hal.o(.text.HAL_MspInit)
    HAL_NVIC_EnableIRQ                       0x0800240d   Thumb Code     8  stm32f4xx_hal_cortex.o(.text.HAL_NVIC_EnableIRQ)
    HAL_NVIC_SetPriority                     0x08002415   Thumb Code    30  stm32f4xx_hal_cortex.o(.text.HAL_NVIC_SetPriority)
    HAL_NVIC_SetPriorityGrouping             0x08002435   Thumb Code     8  stm32f4xx_hal_cortex.o(.text.HAL_NVIC_SetPriorityGrouping)
    HAL_PWREx_EnableOverDrive                0x0800243d   Thumb Code   122  stm32f4xx_hal_pwr_ex.o(.text.HAL_PWREx_EnableOverDrive)
    HAL_RCCEx_PeriphCLKConfig                0x080024b9   Thumb Code   582  stm32f4xx_hal_rcc_ex.o(.text.HAL_RCCEx_PeriphCLKConfig)
    HAL_RCC_ClockConfig                      0x08002701   Thumb Code   352  stm32f4xx_hal_rcc.o(.text.HAL_RCC_ClockConfig)
    HAL_RCC_GetSysClockFreq                  0x08002861   Thumb Code   106  stm32f4xx_hal_rcc.o(.text.HAL_RCC_GetSysClockFreq)
    HAL_RCC_OscConfig                        0x080028cd   Thumb Code   820  stm32f4xx_hal_rcc.o(.text.HAL_RCC_OscConfig)
    HAL_RNG_Init                             0x08002c01   Thumb Code    50  stm32f4xx_hal_rng.o(.text.HAL_RNG_Init)
    HAL_RNG_MspInit                          0x08002c35   Thumb Code    36  stm32f4xx_hal_msp.o(.text.HAL_RNG_MspInit)
    HAL_SDRAM_Init                           0x08002c59   Thumb Code    66  stm32f4xx_hal_sdram.o(.text.HAL_SDRAM_Init)
    HAL_SDRAM_MspInit                        0x08002c9d   Thumb Code     2  stm32f4xx_hal_sdram.o(.text.HAL_SDRAM_MspInit)
    HAL_SDRAM_ProgramRefreshRate             0x08002ca1   Thumb Code    38  stm32f4xx_hal_sdram.o(.text.HAL_SDRAM_ProgramRefreshRate)
    HAL_SDRAM_SendCommand                    0x08002cc9   Thumb Code    50  stm32f4xx_hal_sdram.o(.text.HAL_SDRAM_SendCommand)
    HAL_SPI_DeInit                           0x08002cfd   Thumb Code    48  stm32f4xx_hal_spi.o(.text.HAL_SPI_DeInit)
    HAL_SPI_GetState                         0x08002d2d   Thumb Code     6  stm32f4xx_hal_spi.o(.text.HAL_SPI_GetState)
    HAL_SPI_Init                             0x08002d35   Thumb Code   136  stm32f4xx_hal_spi.o(.text.HAL_SPI_Init)
    HAL_SPI_MspDeInit                        0x08002dbd   Thumb Code     2  stm32f4xx_hal_spi.o(.text.HAL_SPI_MspDeInit)
    HAL_SPI_MspInit                          0x08002dc1   Thumb Code     2  stm32f4xx_hal_spi.o(.text.HAL_SPI_MspInit)
    HAL_SPI_Receive                          0x08002dc5   Thumb Code   482  stm32f4xx_hal_spi.o(.text.HAL_SPI_Receive)
    HAL_SPI_Transmit                         0x08002fa9   Thumb Code   414  stm32f4xx_hal_spi.o(.text.HAL_SPI_Transmit)
    HAL_SPI_TransmitReceive                  0x08003149   Thumb Code   630  stm32f4xx_hal_spi.o(.text.HAL_SPI_TransmitReceive)
    HAL_SYSTICK_Config                       0x080033c1   Thumb Code     8  stm32f4xx_hal_cortex.o(.text.HAL_SYSTICK_Config)
    HAL_TIMEx_BreakCallback                  0x080033c9   Thumb Code     2  stm32f4xx_hal_tim_ex.o(.text.HAL_TIMEx_BreakCallback)
    HAL_TIMEx_CommutCallback                 0x080033cd   Thumb Code     2  stm32f4xx_hal_tim_ex.o(.text.HAL_TIMEx_CommutCallback)
    HAL_TIM_Base_Init                        0x080033d1   Thumb Code    54  stm32f4xx_hal_tim.o(.text.HAL_TIM_Base_Init)
    HAL_TIM_Base_MspInit                     0x08003409   Thumb Code    54  stm32f4xx_hal_msp.o(.text.HAL_TIM_Base_MspInit)
    HAL_TIM_Base_Start_IT                    0x08003441   Thumb Code    32  stm32f4xx_hal_tim.o(.text.HAL_TIM_Base_Start_IT)
    HAL_TIM_IC_CaptureCallback               0x08003461   Thumb Code     2  stm32f4xx_hal_tim.o(.text.HAL_TIM_IC_CaptureCallback)
    HAL_TIM_IRQHandler                       0x08003465   Thumb Code   362  stm32f4xx_hal_tim.o(.text.HAL_TIM_IRQHandler)
    HAL_TIM_OC_ConfigChannel                 0x080035d1   Thumb Code    86  stm32f4xx_hal_tim.o(.text.HAL_TIM_OC_ConfigChannel)
    HAL_TIM_OC_DelayElapsedCallback          0x08003629   Thumb Code    58  main.o(.text.HAL_TIM_OC_DelayElapsedCallback)
    HAL_TIM_OC_Init                          0x08003665   Thumb Code    54  stm32f4xx_hal_tim.o(.text.HAL_TIM_OC_Init)
    HAL_TIM_OC_MspInit                       0x0800369d   Thumb Code    54  stm32f4xx_hal_msp.o(.text.HAL_TIM_OC_MspInit)
    HAL_TIM_OC_Start_IT                      0x080036d5   Thumb Code    84  stm32f4xx_hal_tim.o(.text.HAL_TIM_OC_Start_IT)
    HAL_TIM_PWM_PulseFinishedCallback        0x08003739   Thumb Code     2  stm32f4xx_hal_tim.o(.text.HAL_TIM_PWM_PulseFinishedCallback)
    HAL_TIM_PeriodElapsedCallback            0x0800373d   Thumb Code    26  main.o(.text.HAL_TIM_PeriodElapsedCallback)
    HAL_TIM_TriggerCallback                  0x08003759   Thumb Code     2  stm32f4xx_hal_tim.o(.text.HAL_TIM_TriggerCallback)
    HardFault_Handler                        0x0800375d   Thumb Code     2  stm32f4xx_it.o(.text.HardFault_Handler)
    LCD_Delay                                0x08003761   Thumb Code     8  stm32f429i_discovery.o(.text.LCD_Delay)
    LCD_DisplayInt                           0x08003769   Thumb Code    36  main.o(.text.LCD_DisplayInt)
    LCD_DisplayString                        0x08003791   Thumb Code   102  main.o(.text.LCD_DisplayString)
    LCD_IO_Init                              0x080037f9   Thumb Code   208  stm32f429i_discovery.o(.text.LCD_IO_Init)
    LCD_IO_ReadData                          0x080038c9   Thumb Code    84  stm32f429i_discovery.o(.text.LCD_IO_ReadData)
    LCD_IO_WriteData                         0x0800391d   Thumb Code    54  stm32f429i_discovery.o(.text.LCD_IO_WriteData)
    LCD_IO_WriteReg                          0x08003955   Thumb Code    54  stm32f429i_discovery.o(.text.LCD_IO_WriteReg)
    MemManage_Handler                        0x08003ac5   Thumb Code     2  stm32f4xx_it.o(.text.MemManage_Handler)
    NMI_Handler                              0x08003ac9   Thumb Code     2  stm32f4xx_it.o(.text.NMI_Handler)
    PendSV_Handler                           0x08003af9   Thumb Code     2  stm32f4xx_it.o(.text.PendSV_Handler)
    SVC_Handler                              0x08003dc5   Thumb Code     2  stm32f4xx_it.o(.text.SVC_Handler)
    SysTick_Handler                          0x08003df9   Thumb Code     8  stm32f4xx_it.o(.text.SysTick_Handler)
    SystemInit                               0x08003e8d   Thumb Code    26  system_stm32f4xx.o(.text.SystemInit)
    TIM3_Config                              0x08003ea9   Thumb Code    90  main.o(.text.TIM3_Config)
    TIM3_IRQHandler                          0x08003f05   Thumb Code    16  stm32f4xx_it.o(.text.TIM3_IRQHandler)
    TIM4_Config                              0x08003f15   Thumb Code    76  main.o(.text.TIM4_Config)
    TIM4_IRQHandler                          0x08003f61   Thumb Code    16  stm32f4xx_it.o(.text.TIM4_IRQHandler)
    TIM4_OC_Config                           0x08003f71   Thumb Code    62  main.o(.text.TIM4_OC_Config)
    TIM_Base_SetConfig                       0x08003fb1   Thumb Code   292  stm32f4xx_hal_tim.o(.text.TIM_Base_SetConfig)
    TIM_CCxChannelCmd                        0x080040d5   Thumb Code    36  stm32f4xx_hal_tim.o(.text.TIM_CCxChannelCmd)
    TIM_OC2_SetConfig                        0x0800415d   Thumb Code   106  stm32f4xx_hal_tim.o(.text.TIM_OC2_SetConfig)
    UsageFault_Handler                       0x08004281   Thumb Code     2  stm32f4xx_it.o(.text.UsageFault_Handler)
    ili9341_DisplayOff                       0x080042f9   Thumb Code    10  ili9341.o(.text.ili9341_DisplayOff)
    ili9341_DisplayOn                        0x08004305   Thumb Code    10  ili9341.o(.text.ili9341_DisplayOn)
    ili9341_GetLcdPixelHeight                0x08004311   Thumb Code     6  ili9341.o(.text.ili9341_GetLcdPixelHeight)
    ili9341_GetLcdPixelWidth                 0x08004319   Thumb Code     4  ili9341.o(.text.ili9341_GetLcdPixelWidth)
    ili9341_Init                             0x0800431d   Thumb Code   656  ili9341.o(.text.ili9341_Init)
    ili9341_ReadData                         0x080045ad   Thumb Code     8  ili9341.o(.text.ili9341_ReadData)
    ili9341_ReadID                           0x080045b5   Thumb Code    18  ili9341.o(.text.ili9341_ReadID)
    ili9341_WriteData                        0x080045c9   Thumb Code     8  ili9341.o(.text.ili9341_WriteData)
    ili9341_WriteReg                         0x080045d1   Thumb Code     8  ili9341.o(.text.ili9341_WriteReg)
    main                                     0x080045d9   Thumb Code   236  main.o(.text.main)
    __0sprintf                               0x080046dd   Thumb Code    34  printfa.o(i.__0sprintf)
    __1sprintf                               0x080046dd   Thumb Code     0  printfa.o(i.__0sprintf)
    __2sprintf                               0x080046dd   Thumb Code     0  printfa.o(i.__0sprintf)
    __c89sprintf                             0x080046dd   Thumb Code     0  printfa.o(i.__0sprintf)
    sprintf                                  0x080046dd   Thumb Code     0  printfa.o(i.__0sprintf)
    __scatterload_copy                       0x08004705   Thumb Code    14  handlers.o(i.__scatterload_copy)
    __scatterload_null                       0x08004713   Thumb Code     2  handlers.o(i.__scatterload_null)
    __scatterload_zeroinit                   0x08004715   Thumb Code    14  handlers.o(i.__scatterload_zeroinit)
    AHBPrescTable                            0x08004fe0   Data          16  system_stm32f4xx.o(.rodata.AHBPrescTable)
    Font20_Table                             0x08004ff0   Data        3800  stm32f429i_discovery_lcd.o(.rodata.Font20_Table)
    Font24_Table                             0x08005ec8   Data        6840  stm32f429i_discovery_lcd.o(.rodata.Font24_Table)
    GPIO_PIN                                 0x08007980   Data           4  stm32f429i_discovery.o(.rodata.GPIO_PIN)
    Region$$Table$$Base                      0x08007984   Number         0  anon$$obj.o(Region$$Table)
    Region$$Table$$Limit                     0x080079a4   Number         0  anon$$obj.o(Region$$Table)
    BUTTON_PORT                              0x20000000   Data           4  stm32f429i_discovery.o(.data.BUTTON_PORT)
    Font20                                   0x20000004   Data           8  stm32f429i_discovery_lcd.o(.data.Font20)
    Font24                                   0x2000000c   Data           8  stm32f429i_discovery_lcd.o(.data.Font24)
    GPIO_PORT                                0x20000014   Data           8  stm32f429i_discovery.o(.data.GPIO_PORT)
    SpixTimeout                              0x2000001c   Data           4  stm32f429i_discovery.o(.data.SpixTimeout)
    SystemCoreClock                          0x20000020   Data           4  system_stm32f4xx.o(.data.SystemCoreClock)
    VirtAddVarTab                            0x20000024   Data           6  main.o(.data.VirtAddVarTab)
    ili9341_drv                              0x2000002c   Data          56  ili9341.o(.data.ili9341_drv)
    uwTickFreq                               0x20000064   Data           1  stm32f4xx_hal.o(.data.uwTickFreq)
    uwTickPrio                               0x20000068   Data           4  stm32f4xx_hal.o(.data.uwTickPrio)
    DataVar                                  0x200000e8   Data           2  hal_eeprom.o(.bss.DataVar)
    EEREAD                                   0x20000144   Data           2  main.o(.bss.EEREAD)
    FlashErase_InitStructure                 0x20000148   Data          20  hal_eeprom.o(.bss.FlashErase_InitStructure)
    HalStatus                                0x2000015c   Data           1  hal_eeprom.o(.bss.HalStatus)
    LcdDrv                                   0x20000160   Data           4  stm32f429i_discovery_lcd.o(.bss.LcdDrv)
    LtdcHandler                              0x20000164   Data         168  stm32f429i_discovery_lcd.o(.bss.LtdcHandler)
    OC_Count                                 0x2000020c   Data           2  main.o(.bss.OC_Count)
    Rng_Handle                               0x20000240   Data          16  main.o(.bss.Rng_Handle)
    Tim3_Handle                              0x200002dc   Data          64  main.o(.bss.Tim3_Handle)
    Tim3_PrescalerValue                      0x2000031c   Data           2  main.o(.bss.Tim3_PrescalerValue)
    Tim4_CCR                                 0x2000031e   Data           2  main.o(.bss.Tim4_CCR)
    Tim4_Handle                              0x20000320   Data          64  main.o(.bss.Tim4_Handle)
    Tim4_OCInitStructure                     0x20000360   Data          28  main.o(.bss.Tim4_OCInitStructure)
    Tim4_PrescalerValue                      0x2000037c   Data           2  main.o(.bss.Tim4_PrescalerValue)
    error                                    0x2000039c   Data           4  hal_eeprom.o(.bss.error)
    pFlash                                   0x200003a0   Data          32  stm32f4xx_hal_flash.o(.bss.pFlash)
    uwTick                                   0x200003c0   Data           4  stm32f4xx_hal.o(.bss.uwTick)
    __initial_sp                             0x200007c8   Data           0  startup_stm32f429xx.o(STACK)



==============================================================================

Memory Map of the image

  Image Entry point : 0x080001c1

  Load Region LR_1 (Base: 0x08000000, Size: 0x00007a10, Max: 0xffffffff, ABSOLUTE)

    Execution Region ER_RO (Exec base: 0x08000000, Load base: 0x08000000, Size: 0x000079a4, Max: 0xffffffff, ABSOLUTE)

    Exec Addr    Load Addr    Size         Type   Attr      Idx    E Section Name        Object

    0x08000000   0x08000000   0x000001ac   Data   RO         1855    RESET               startup_stm32f429xx.o
    0x080001ac   0x080001ac   0x00000000   Code   RO         1877  * .ARM.Collect$$$$00000000  mc_w.l(entry.o)
    0x080001ac   0x080001ac   0x00000004   Code   RO         2145    .ARM.Collect$$$$00000001  mc_w.l(entry2.o)
    0x080001b0   0x080001b0   0x00000004   Code   RO         2148    .ARM.Collect$$$$00000004  mc_w.l(entry5.o)
    0x080001b4   0x080001b4   0x00000000   Code   RO         2150    .ARM.Collect$$$$00000008  mc_w.l(entry7b.o)
    0x080001b4   0x080001b4   0x00000000   Code   RO         2152    .ARM.Collect$$$$0000000A  mc_w.l(entry8b.o)
    0x080001b4   0x080001b4   0x00000008   Code   RO         2153    .ARM.Collect$$$$0000000B  mc_w.l(entry9a.o)
    0x080001bc   0x080001bc   0x00000000   Code   RO         2155    .ARM.Collect$$$$0000000D  mc_w.l(entry10a.o)
    0x080001bc   0x080001bc   0x00000000   Code   RO         2157    .ARM.Collect$$$$0000000F  mc_w.l(entry11a.o)
    0x080001bc   0x080001bc   0x00000004   Code   RO         2146    .ARM.Collect$$$$00002712  mc_w.l(entry2.o)
    0x080001c0   0x080001c0   0x00000024   Code   RO         1856  * .text               startup_stm32f429xx.o
    0x080001e4   0x080001e4   0x00000062   Code   RO         1880    .text               mc_w.l(uldiv.o)
    0x08000246   0x08000246   0x0000002c   Code   RO         2173    .text               mc_w.l(uidiv.o)
    0x08000272   0x08000272   0x0000001e   Code   RO         2175    .text               mc_w.l(llshl.o)
    0x08000290   0x08000290   0x00000020   Code   RO         2177    .text               mc_w.l(llushr.o)
    0x080002b0   0x080002b0   0x00000000   Code   RO         2179    .text               mc_w.l(iusefp.o)
    0x080002b0   0x080002b0   0x0000014e   Code   RO         2180    .text               mf_w.l(dadd.o)
    0x080003fe   0x080003fe   0x000000e4   Code   RO         2182    .text               mf_w.l(dmul.o)
    0x080004e2   0x080004e2   0x000000de   Code   RO         2184    .text               mf_w.l(ddiv.o)
    0x080005c0   0x080005c0   0x00000030   Code   RO         2186    .text               mf_w.l(dfixul.o)
    0x080005f0   0x080005f0   0x00000030   Code   RO         2188    .text               mf_w.l(cdrcmple.o)
    0x08000620   0x08000620   0x00000024   Code   RO         2190    .text               mc_w.l(init.o)
    0x08000644   0x08000644   0x00000024   Code   RO         2193    .text               mc_w.l(llsshr.o)
    0x08000668   0x08000668   0x000000ba   Code   RO         2196    .text               mf_w.l(depilogue.o)
    0x08000722   0x08000722   0x00000002   PAD
    0x08000724   0x08000724   0x00000040   Code   RO          307    .text.BSP_LCD_Clear  stm32f429i_discovery_lcd.o
    0x08000764   0x08000764   0x0000003a   Code   RO          315    .text.BSP_LCD_DisplayChar  stm32f429i_discovery_lcd.o
    0x0800079e   0x0800079e   0x00000002   PAD
    0x080007a0   0x080007a0   0x00000016   Code   RO          351    .text.BSP_LCD_DisplayOn  stm32f429i_discovery_lcd.o
    0x080007b6   0x080007b6   0x00000002   PAD
    0x080007b8   0x080007b8   0x00000034   Code   RO          329    .text.BSP_LCD_DrawPixel  stm32f429i_discovery_lcd.o
    0x080007ec   0x080007ec   0x0000001e   Code   RO          303    .text.BSP_LCD_GetFont  stm32f429i_discovery_lcd.o
    0x0800080a   0x0800080a   0x00000002   PAD
    0x0800080c   0x0800080c   0x00000012   Code   RO          261    .text.BSP_LCD_GetXSize  stm32f429i_discovery_lcd.o
    0x0800081e   0x0800081e   0x00000002   PAD
    0x08000820   0x08000820   0x00000012   Code   RO          263    .text.BSP_LCD_GetYSize  stm32f429i_discovery_lcd.o
    0x08000832   0x08000832   0x00000002   PAD
    0x08000834   0x08000834   0x000000a2   Code   RO          255    .text.BSP_LCD_Init  stm32f429i_discovery_lcd.o
    0x080008d6   0x080008d6   0x00000002   PAD
    0x080008d8   0x080008d8   0x00000086   Code   RO          265    .text.BSP_LCD_LayerDefaultInit  stm32f429i_discovery_lcd.o
    0x0800095e   0x0800095e   0x00000002   PAD
    0x08000960   0x08000960   0x00000144   Code   RO          257    .text.BSP_LCD_MspInit  stm32f429i_discovery_lcd.o
    0x08000aa4   0x08000aa4   0x0000000c   Code   RO          267    .text.BSP_LCD_SelectLayer  stm32f429i_discovery_lcd.o
    0x08000ab0   0x08000ab0   0x0000001e   Code   RO          301    .text.BSP_LCD_SetBackColor  stm32f429i_discovery_lcd.o
    0x08000ace   0x08000ace   0x00000002   PAD
    0x08000ad0   0x08000ad0   0x0000001e   Code   RO          259    .text.BSP_LCD_SetFont  stm32f429i_discovery_lcd.o
    0x08000aee   0x08000aee   0x00000002   PAD
    0x08000af0   0x08000af0   0x0000001c   Code   RO          299    .text.BSP_LCD_SetTextColor  stm32f429i_discovery_lcd.o
    0x08000b0c   0x08000b0c   0x00000084   Code   RO          167    .text.BSP_LED_Init  stm32f429i_discovery.o
    0x08000b90   0x08000b90   0x00000024   Code   RO          169    .text.BSP_LED_On    stm32f429i_discovery.o
    0x08000bb4   0x08000bb4   0x00000022   Code   RO          173    .text.BSP_LED_Toggle  stm32f429i_discovery.o
    0x08000bd6   0x08000bd6   0x00000002   PAD
    0x08000bd8   0x08000bd8   0x00000088   Code   RO          175    .text.BSP_PB_Init   stm32f429i_discovery.o
    0x08000c60   0x08000c60   0x00000088   Code   RO          379    .text.BSP_SDRAM_Init  stm32f429i_discovery_sdram.o
    0x08000ce8   0x08000ce8   0x00000096   Code   RO          383    .text.BSP_SDRAM_Initialization_sequence  stm32f429i_discovery_sdram.o
    0x08000d7e   0x08000d7e   0x00000002   PAD
    0x08000d80   0x08000d80   0x0000018c   Code   RO          381    .text.BSP_SDRAM_MspInit  stm32f429i_discovery_sdram.o
    0x08000f0c   0x08000f0c   0x00000002   Code   RO          101    .text.BusFault_Handler  stm32f4xx_it.o
    0x08000f0e   0x08000f0e   0x00000002   PAD
    0x08000f10   0x08000f10   0x000000a6   Code   RO          649    .text.DMA2D_SetConfig  stm32f4xx_hal_dma2d.o
    0x08000fb6   0x08000fb6   0x00000002   PAD
    0x08000fb8   0x08000fb8   0x0000003c   Code   RO          585    .text.DMA_CalcBaseAndBitshift  stm32f4xx_hal_dma.o
    0x08000ff4   0x08000ff4   0x00000050   Code   RO          583    .text.DMA_CheckFifoParam  stm32f4xx_hal_dma.o
    0x08001044   0x08001044   0x00000002   Code   RO          107    .text.DebugMon_Handler  stm32f4xx_it.o
    0x08001046   0x08001046   0x00000002   PAD
    0x08001048   0x08001048   0x000000d8   Code   RO          317    .text.DrawChar      stm32f429i_discovery_lcd.o
    0x08001120   0x08001120   0x00000054   Code   RO           10    .text.EE_FindValidPage  hal_eeprom.o
    0x08001174   0x08001174   0x0000005e   Code   RO            4    .text.EE_Format     hal_eeprom.o
    0x080011d2   0x080011d2   0x00000002   PAD
    0x080011d4   0x080011d4   0x000001fe   Code   RO            2    .text.EE_Init       hal_eeprom.o
    0x080013d2   0x080013d2   0x00000002   PAD
    0x080013d4   0x080013d4   0x000000da   Code   RO           14    .text.EE_PageTransfer  hal_eeprom.o
    0x080014ae   0x080014ae   0x00000002   PAD
    0x080014b0   0x080014b0   0x00000046   Code   RO            6    .text.EE_ReadVariable  hal_eeprom.o
    0x080014f6   0x080014f6   0x00000002   PAD
    0x080014f8   0x080014f8   0x00000076   Code   RO            8    .text.EE_VerifyPageFullWriteVariable  hal_eeprom.o
    0x0800156e   0x0800156e   0x00000002   PAD
    0x08001570   0x08001570   0x0000001a   Code   RO           12    .text.EE_WriteVariable  hal_eeprom.o
    0x0800158a   0x0800158a   0x00000002   PAD
    0x0800158c   0x0800158c   0x0000000a   Code   RO          113    .text.EXTI0_IRQHandler  stm32f4xx_it.o
    0x08001596   0x08001596   0x00000002   PAD
    0x08001598   0x08001598   0x0000000a   Code   RO          115    .text.EXTI1_IRQHandler  stm32f4xx_it.o
    0x080015a2   0x080015a2   0x00000002   PAD
    0x080015a4   0x080015a4   0x00000054   Code   RO           38    .text.EXTILine1_Config  main.o
    0x080015f8   0x080015f8   0x00000054   Code   RO          780    .text.FLASH_Erase_Sector  stm32f4xx_hal_flash_ex.o
    0x0800164c   0x0800164c   0x00000058   Code   RO          782    .text.FLASH_FlushCaches  stm32f4xx_hal_flash_ex.o
    0x080016a4   0x080016a4   0x00000036   Code   RO          778    .text.FLASH_MassErase  stm32f4xx_hal_flash_ex.o
    0x080016da   0x080016da   0x00000002   PAD
    0x080016dc   0x080016dc   0x00000020   Code   RO          737    .text.FLASH_Program_Byte  stm32f4xx_hal_flash.o
    0x080016fc   0x080016fc   0x00000038   Code   RO          743    .text.FLASH_Program_DoubleWord  stm32f4xx_hal_flash.o
    0x08001734   0x08001734   0x00000024   Code   RO          739    .text.FLASH_Program_HalfWord  stm32f4xx_hal_flash.o
    0x08001758   0x08001758   0x00000024   Code   RO          741    .text.FLASH_Program_Word  stm32f4xx_hal_flash.o
    0x0800177c   0x0800177c   0x00000082   Code   RO          749    .text.FLASH_SetErrorCode  stm32f4xx_hal_flash.o
    0x080017fe   0x080017fe   0x00000002   PAD
    0x08001800   0x08001800   0x0000006a   Code   RO          735    .text.FLASH_WaitForLastOperation  stm32f4xx_hal_flash.o
    0x0800186a   0x0800186a   0x00000002   PAD
    0x0800186c   0x0800186c   0x00000086   Code   RO         1792    .text.FMC_SDRAM_Init  stm32f4xx_ll_fmc.o
    0x080018f2   0x080018f2   0x00000002   PAD
    0x080018f4   0x080018f4   0x0000000e   Code   RO         1804    .text.FMC_SDRAM_ProgramRefreshRate  stm32f4xx_ll_fmc.o
    0x08001902   0x08001902   0x00000002   PAD
    0x08001904   0x08001904   0x0000005e   Code   RO         1802    .text.FMC_SDRAM_SendCommand  stm32f4xx_ll_fmc.o
    0x08001962   0x08001962   0x00000002   PAD
    0x08001964   0x08001964   0x000000de   Code   RO         1794    .text.FMC_SDRAM_Timing_Init  stm32f4xx_ll_fmc.o
    0x08001a42   0x08001a42   0x00000002   PAD
    0x08001a44   0x08001a44   0x0000007a   Code   RO          309    .text.FillBuffer    stm32f429i_discovery_lcd.o
    0x08001abe   0x08001abe   0x00000002   PAD
    0x08001ac0   0x08001ac0   0x0000009e   Code   RO          683    .text.HAL_DMA2D_ConfigLayer  stm32f4xx_hal_dma2d.o
    0x08001b5e   0x08001b5e   0x00000002   PAD
    0x08001b60   0x08001b60   0x00000056   Code   RO          635    .text.HAL_DMA2D_Init  stm32f4xx_hal_dma2d.o
    0x08001bb6   0x08001bb6   0x00000002   PAD
    0x08001bb8   0x08001bb8   0x00000002   Code   RO          637    .text.HAL_DMA2D_MspInit  stm32f4xx_hal_dma2d.o
    0x08001bba   0x08001bba   0x00000002   PAD
    0x08001bbc   0x08001bbc   0x00000134   Code   RO          675    .text.HAL_DMA2D_PollForTransfer  stm32f4xx_hal_dma2d.o
    0x08001cf0   0x08001cf0   0x0000003a   Code   RO          647    .text.HAL_DMA2D_Start  stm32f4xx_hal_dma2d.o
    0x08001d2a   0x08001d2a   0x00000002   PAD
    0x08001d2c   0x08001d2c   0x0000005a   Code   RO          587    .text.HAL_DMA_DeInit  stm32f4xx_hal_dma.o
    0x08001d86   0x08001d86   0x00000002   PAD
    0x08001d88   0x08001d88   0x000000ce   Code   RO          581    .text.HAL_DMA_Init  stm32f4xx_hal_dma.o
    0x08001e56   0x08001e56   0x00000002   PAD
    0x08001e58   0x08001e58   0x00000028   Code   RO          460    .text.HAL_Delay     stm32f4xx_hal.o
    0x08001e80   0x08001e80   0x000000b6   Code   RO          776    .text.HAL_FLASHEx_Erase  stm32f4xx_hal_flash_ex.o
    0x08001f36   0x08001f36   0x00000002   PAD
    0x08001f38   0x08001f38   0x00000086   Code   RO          733    .text.HAL_FLASH_Program  stm32f4xx_hal_flash.o
    0x08001fbe   0x08001fbe   0x00000002   PAD
    0x08001fc0   0x08001fc0   0x0000002e   Code   RO          755    .text.HAL_FLASH_Unlock  stm32f4xx_hal_flash.o
    0x08001fee   0x08001fee   0x00000002   PAD
    0x08001ff0   0x08001ff0   0x00000002   Code   RO           52    .text.HAL_GPIO_EXTI_Callback  main.o
    0x08001ff2   0x08001ff2   0x00000002   PAD
    0x08001ff4   0x08001ff4   0x0000001a   Code   RO          844    .text.HAL_GPIO_EXTI_IRQHandler  stm32f4xx_hal_gpio.o
    0x0800200e   0x0800200e   0x00000002   PAD
    0x08002010   0x08002010   0x0000019a   Code   RO          832    .text.HAL_GPIO_Init  stm32f4xx_hal_gpio.o
    0x080021aa   0x080021aa   0x00000002   PAD
    0x080021ac   0x080021ac   0x0000000e   Code   RO          840    .text.HAL_GPIO_TogglePin  stm32f4xx_hal_gpio.o
    0x080021ba   0x080021ba   0x00000002   PAD
    0x080021bc   0x080021bc   0x0000000a   Code   RO          838    .text.HAL_GPIO_WritePin  stm32f4xx_hal_gpio.o
    0x080021c6   0x080021c6   0x00000002   PAD
    0x080021c8   0x080021c8   0x0000000c   Code   RO          452    .text.HAL_GetTick   stm32f4xx_hal.o
    0x080021d4   0x080021d4   0x0000001a   Code   RO          450    .text.HAL_IncTick   stm32f4xx_hal.o
    0x080021ee   0x080021ee   0x00000002   PAD
    0x080021f0   0x080021f0   0x00000036   Code   RO          440    .text.HAL_Init      stm32f4xx_hal.o
    0x08002226   0x08002226   0x00000002   PAD
    0x08002228   0x08002228   0x00000050   Code   RO          442    .text.HAL_InitTick  stm32f4xx_hal.o
    0x08002278   0x08002278   0x00000076   Code   RO         1054    .text.HAL_LTDC_ConfigLayer  stm32f4xx_hal_ltdc.o
    0x080022ee   0x080022ee   0x00000002   PAD
    0x080022f0   0x080022f0   0x00000030   Code   RO         1070    .text.HAL_LTDC_EnableDither  stm32f4xx_hal_ltdc.o
    0x08002320   0x08002320   0x000000e4   Code   RO         1038    .text.HAL_LTDC_Init  stm32f4xx_hal_ltdc.o
    0x08002404   0x08002404   0x00000002   Code   RO         1040    .text.HAL_LTDC_MspInit  stm32f4xx_hal_ltdc.o
    0x08002406   0x08002406   0x00000002   PAD
    0x08002408   0x08002408   0x00000002   Code   RO          444    .text.HAL_MspInit   stm32f4xx_hal.o
    0x0800240a   0x0800240a   0x00000002   PAD
    0x0800240c   0x0800240c   0x00000008   Code   RO          521    .text.HAL_NVIC_EnableIRQ  stm32f4xx_hal_cortex.o
    0x08002414   0x08002414   0x0000001e   Code   RO          513    .text.HAL_NVIC_SetPriority  stm32f4xx_hal_cortex.o
    0x08002432   0x08002432   0x00000002   PAD
    0x08002434   0x08002434   0x00000008   Code   RO          509    .text.HAL_NVIC_SetPriorityGrouping  stm32f4xx_hal_cortex.o
    0x0800243c   0x0800243c   0x0000007a   Code   RO         1180    .text.HAL_PWREx_EnableOverDrive  stm32f4xx_hal_pwr_ex.o
    0x080024b6   0x080024b6   0x00000002   PAD
    0x080024b8   0x080024b8   0x00000246   Code   RO         1230    .text.HAL_RCCEx_PeriphCLKConfig  stm32f4xx_hal_rcc_ex.o
    0x080026fe   0x080026fe   0x00000002   PAD
    0x08002700   0x08002700   0x00000160   Code   RO         1198    .text.HAL_RCC_ClockConfig  stm32f4xx_hal_rcc.o
    0x08002860   0x08002860   0x0000006a   Code   RO         1200    .text.HAL_RCC_GetSysClockFreq  stm32f4xx_hal_rcc.o
    0x080028ca   0x080028ca   0x00000002   PAD
    0x080028cc   0x080028cc   0x00000334   Code   RO         1196    .text.HAL_RCC_OscConfig  stm32f4xx_hal_rcc.o
    0x08002c00   0x08002c00   0x00000032   Code   RO         1818    .text.HAL_RNG_Init  stm32f4xx_hal_rng.o
    0x08002c32   0x08002c32   0x00000002   PAD
    0x08002c34   0x08002c34   0x00000024   Code   RO           85    .text.HAL_RNG_MspInit  stm32f4xx_hal_msp.o
    0x08002c58   0x08002c58   0x00000042   Code   RO         1254    .text.HAL_SDRAM_Init  stm32f4xx_hal_sdram.o
    0x08002c9a   0x08002c9a   0x00000002   PAD
    0x08002c9c   0x08002c9c   0x00000002   Code   RO         1256    .text.HAL_SDRAM_MspInit  stm32f4xx_hal_sdram.o
    0x08002c9e   0x08002c9e   0x00000002   PAD
    0x08002ca0   0x08002ca0   0x00000026   Code   RO         1292    .text.HAL_SDRAM_ProgramRefreshRate  stm32f4xx_hal_sdram.o
    0x08002cc6   0x08002cc6   0x00000002   PAD
    0x08002cc8   0x08002cc8   0x00000032   Code   RO         1290    .text.HAL_SDRAM_SendCommand  stm32f4xx_hal_sdram.o
    0x08002cfa   0x08002cfa   0x00000002   PAD
    0x08002cfc   0x08002cfc   0x00000030   Code   RO         1312    .text.HAL_SPI_DeInit  stm32f4xx_hal_spi.o
    0x08002d2c   0x08002d2c   0x00000006   Code   RO         1408    .text.HAL_SPI_GetState  stm32f4xx_hal_spi.o
    0x08002d32   0x08002d32   0x00000002   PAD
    0x08002d34   0x08002d34   0x00000088   Code   RO         1308    .text.HAL_SPI_Init  stm32f4xx_hal_spi.o
    0x08002dbc   0x08002dbc   0x00000002   Code   RO         1314    .text.HAL_SPI_MspDeInit  stm32f4xx_hal_spi.o
    0x08002dbe   0x08002dbe   0x00000002   PAD
    0x08002dc0   0x08002dc0   0x00000002   Code   RO         1310    .text.HAL_SPI_MspInit  stm32f4xx_hal_spi.o
    0x08002dc2   0x08002dc2   0x00000002   PAD
    0x08002dc4   0x08002dc4   0x000001e2   Code   RO         1320    .text.HAL_SPI_Receive  stm32f4xx_hal_spi.o
    0x08002fa6   0x08002fa6   0x00000002   PAD
    0x08002fa8   0x08002fa8   0x0000019e   Code   RO         1316    .text.HAL_SPI_Transmit  stm32f4xx_hal_spi.o
    0x08003146   0x08003146   0x00000002   PAD
    0x08003148   0x08003148   0x00000276   Code   RO         1322    .text.HAL_SPI_TransmitReceive  stm32f4xx_hal_spi.o
    0x080033be   0x080033be   0x00000002   PAD
    0x080033c0   0x080033c0   0x00000008   Code   RO          533    .text.HAL_SYSTICK_Config  stm32f4xx_hal_cortex.o
    0x080033c8   0x080033c8   0x00000002   Code   RO         1744    .text.HAL_TIMEx_BreakCallback  stm32f4xx_hal_tim_ex.o
    0x080033ca   0x080033ca   0x00000002   PAD
    0x080033cc   0x080033cc   0x00000002   Code   RO         1740    .text.HAL_TIMEx_CommutCallback  stm32f4xx_hal_tim_ex.o
    0x080033ce   0x080033ce   0x00000002   PAD
    0x080033d0   0x080033d0   0x00000036   Code   RO         1434    .text.HAL_TIM_Base_Init  stm32f4xx_hal_tim.o
    0x08003406   0x08003406   0x00000002   PAD
    0x08003408   0x08003408   0x00000036   Code   RO           81    .text.HAL_TIM_Base_MspInit  stm32f4xx_hal_msp.o
    0x0800343e   0x0800343e   0x00000002   PAD
    0x08003440   0x08003440   0x00000020   Code   RO         1448    .text.HAL_TIM_Base_Start_IT  stm32f4xx_hal_tim.o
    0x08003460   0x08003460   0x00000002   Code   RO         1570    .text.HAL_TIM_IC_CaptureCallback  stm32f4xx_hal_tim.o
    0x08003462   0x08003462   0x00000002   PAD
    0x08003464   0x08003464   0x0000016a   Code   RO         1568    .text.HAL_TIM_IRQHandler  stm32f4xx_hal_tim.o
    0x080035ce   0x080035ce   0x00000002   PAD
    0x080035d0   0x080035d0   0x00000056   Code   RO         1580    .text.HAL_TIM_OC_ConfigChannel  stm32f4xx_hal_tim.o
    0x08003626   0x08003626   0x00000002   PAD
    0x08003628   0x08003628   0x0000003a   Code   RO           50    .text.HAL_TIM_OC_DelayElapsedCallback  main.o
    0x08003662   0x08003662   0x00000002   PAD
    0x08003664   0x08003664   0x00000036   Code   RO         1462    .text.HAL_TIM_OC_Init  stm32f4xx_hal_tim.o
    0x0800369a   0x0800369a   0x00000002   PAD
    0x0800369c   0x0800369c   0x00000036   Code   RO           83    .text.HAL_TIM_OC_MspInit  stm32f4xx_hal_msp.o
    0x080036d2   0x080036d2   0x00000002   PAD
    0x080036d4   0x080036d4   0x00000064   Code   RO         1476    .text.HAL_TIM_OC_Start_IT  stm32f4xx_hal_tim.o
    0x08003738   0x08003738   0x00000002   Code   RO         1574    .text.HAL_TIM_PWM_PulseFinishedCallback  stm32f4xx_hal_tim.o
    0x0800373a   0x0800373a   0x00000002   PAD
    0x0800373c   0x0800373c   0x0000001a   Code   RO           48    .text.HAL_TIM_PeriodElapsedCallback  main.o
    0x08003756   0x08003756   0x00000002   PAD
    0x08003758   0x08003758   0x00000002   Code   RO         1578    .text.HAL_TIM_TriggerCallback  stm32f4xx_hal_tim.o
    0x0800375a   0x0800375a   0x00000002   PAD
    0x0800375c   0x0800375c   0x00000002   Code   RO           97    .text.HardFault_Handler  stm32f4xx_it.o
    0x0800375e   0x0800375e   0x00000002   PAD
    0x08003760   0x08003760   0x00000008   Code   RO          193    .text.LCD_Delay     stm32f429i_discovery.o
    0x08003768   0x08003768   0x00000028   Code   RO           42    .text.LCD_DisplayInt  main.o
    0x08003790   0x08003790   0x00000066   Code   RO           40    .text.LCD_DisplayString  main.o
    0x080037f6   0x080037f6   0x00000002   PAD
    0x080037f8   0x080037f8   0x000000d0   Code   RO          179    .text.LCD_IO_Init   stm32f429i_discovery.o
    0x080038c8   0x080038c8   0x00000054   Code   RO          189    .text.LCD_IO_ReadData  stm32f429i_discovery.o
    0x0800391c   0x0800391c   0x00000036   Code   RO          183    .text.LCD_IO_WriteData  stm32f429i_discovery.o
    0x08003952   0x08003952   0x00000002   PAD
    0x08003954   0x08003954   0x00000036   Code   RO          187    .text.LCD_IO_WriteReg  stm32f429i_discovery.o
    0x0800398a   0x0800398a   0x00000002   PAD
    0x0800398c   0x0800398c   0x00000138   Code   RO         1056    .text.LTDC_SetConfig  stm32f4xx_hal_ltdc.o
    0x08003ac4   0x08003ac4   0x00000002   Code   RO           99    .text.MemManage_Handler  stm32f4xx_it.o
    0x08003ac6   0x08003ac6   0x00000002   PAD
    0x08003ac8   0x08003ac8   0x00000002   Code   RO           95    .text.NMI_Handler   stm32f4xx_it.o
    0x08003aca   0x08003aca   0x00000002   PAD
    0x08003acc   0x08003acc   0x0000002c   Code   RO          519    .text.NVIC_EncodePriority  stm32f4xx_hal_cortex.o
    0x08003af8   0x08003af8   0x00000002   Code   RO          109    .text.PendSV_Handler  stm32f4xx_it.o
    0x08003afa   0x08003afa   0x00000002   PAD
    0x08003afc   0x08003afc   0x00000090   Code   RO         1326    .text.SPI_EndRxTransaction  stm32f4xx_hal_spi.o
    0x08003b8c   0x08003b8c   0x0000006a   Code   RO         1318    .text.SPI_EndRxTxTransaction  stm32f4xx_hal_spi.o
    0x08003bf6   0x08003bf6   0x00000002   PAD
    0x08003bf8   0x08003bf8   0x000000ac   Code   RO         1324    .text.SPI_WaitFlagStateUntilTimeout  stm32f4xx_hal_spi.o
    0x08003ca4   0x08003ca4   0x00000014   Code   RO          231    .text.SPIx_Error    stm32f429i_discovery.o
    0x08003cb8   0x08003cb8   0x00000052   Code   RO          181    .text.SPIx_Init     stm32f429i_discovery.o
    0x08003d0a   0x08003d0a   0x00000002   PAD
    0x08003d0c   0x08003d0c   0x0000005c   Code   RO          229    .text.SPIx_MspInit  stm32f429i_discovery.o
    0x08003d68   0x08003d68   0x0000002c   Code   RO          191    .text.SPIx_Read     stm32f429i_discovery.o
    0x08003d94   0x08003d94   0x00000030   Code   RO          185    .text.SPIx_Write    stm32f429i_discovery.o
    0x08003dc4   0x08003dc4   0x00000002   Code   RO          105    .text.SVC_Handler   stm32f4xx_it.o
    0x08003dc6   0x08003dc6   0x00000002   PAD
    0x08003dc8   0x08003dc8   0x0000002e   Code   RO          535    .text.SysTick_Config  stm32f4xx_hal_cortex.o
    0x08003df6   0x08003df6   0x00000002   PAD
    0x08003df8   0x08003df8   0x00000008   Code   RO          111    .text.SysTick_Handler  stm32f4xx_it.o
    0x08003e00   0x08003e00   0x0000008c   Code   RO           30    .text.SystemClock_Config  main.o
    0x08003e8c   0x08003e8c   0x0000001a   Code   RO         1863    .text.SystemInit    system_stm32f4xx.o
    0x08003ea6   0x08003ea6   0x00000002   PAD
    0x08003ea8   0x08003ea8   0x0000005a   Code   RO           32    .text.TIM3_Config   main.o
    0x08003f02   0x08003f02   0x00000002   PAD
    0x08003f04   0x08003f04   0x00000010   Code   RO          117    .text.TIM3_IRQHandler  stm32f4xx_it.o
    0x08003f14   0x08003f14   0x0000004c   Code   RO           34    .text.TIM4_Config   main.o
    0x08003f60   0x08003f60   0x00000010   Code   RO          119    .text.TIM4_IRQHandler  stm32f4xx_it.o
    0x08003f70   0x08003f70   0x0000003e   Code   RO           36    .text.TIM4_OC_Config  main.o
    0x08003fae   0x08003fae   0x00000002   PAD
    0x08003fb0   0x08003fb0   0x00000124   Code   RO         1438    .text.TIM_Base_SetConfig  stm32f4xx_hal_tim.o
    0x080040d4   0x080040d4   0x00000024   Code   RO         1472    .text.TIM_CCxChannelCmd  stm32f4xx_hal_tim.o
    0x080040f8   0x080040f8   0x00000064   Code   RO         1582    .text.TIM_OC1_SetConfig  stm32f4xx_hal_tim.o
    0x0800415c   0x0800415c   0x0000006a   Code   RO         1584    .text.TIM_OC2_SetConfig  stm32f4xx_hal_tim.o
    0x080041c6   0x080041c6   0x00000002   PAD
    0x080041c8   0x080041c8   0x00000068   Code   RO         1586    .text.TIM_OC3_SetConfig  stm32f4xx_hal_tim.o
    0x08004230   0x08004230   0x0000004e   Code   RO         1588    .text.TIM_OC4_SetConfig  stm32f4xx_hal_tim.o
    0x0800427e   0x0800427e   0x00000002   PAD
    0x08004280   0x08004280   0x00000002   Code   RO          103    .text.UsageFault_Handler  stm32f4xx_it.o
    0x08004282   0x08004282   0x00000002   PAD
    0x08004284   0x08004284   0x00000020   Code   RO          523    .text.__NVIC_EnableIRQ  stm32f4xx_hal_cortex.o
    0x080042a4   0x080042a4   0x00000010   Code   RO          515    .text.__NVIC_GetPriorityGrouping  stm32f4xx_hal_cortex.o
    0x080042b4   0x080042b4   0x00000022   Code   RO          517    .text.__NVIC_SetPriority  stm32f4xx_hal_cortex.o
    0x080042d6   0x080042d6   0x00000002   PAD
    0x080042d8   0x080042d8   0x00000020   Code   RO          511    .text.__NVIC_SetPriorityGrouping  stm32f4xx_hal_cortex.o
    0x080042f8   0x080042f8   0x0000000a   Code   RO          419    .text.ili9341_DisplayOff  ili9341.o
    0x08004302   0x08004302   0x00000002   PAD
    0x08004304   0x08004304   0x0000000a   Code   RO          417    .text.ili9341_DisplayOn  ili9341.o
    0x0800430e   0x0800430e   0x00000002   PAD
    0x08004310   0x08004310   0x00000006   Code   RO          423    .text.ili9341_GetLcdPixelHeight  ili9341.o
    0x08004316   0x08004316   0x00000002   PAD
    0x08004318   0x08004318   0x00000004   Code   RO          421    .text.ili9341_GetLcdPixelWidth  ili9341.o
    0x0800431c   0x0800431c   0x00000290   Code   RO          413    .text.ili9341_Init  ili9341.o
    0x080045ac   0x080045ac   0x00000008   Code   RO          429    .text.ili9341_ReadData  ili9341.o
    0x080045b4   0x080045b4   0x00000012   Code   RO          415    .text.ili9341_ReadID  ili9341.o
    0x080045c6   0x080045c6   0x00000002   PAD
    0x080045c8   0x080045c8   0x00000008   Code   RO          427    .text.ili9341_WriteData  ili9341.o
    0x080045d0   0x080045d0   0x00000008   Code   RO          425    .text.ili9341_WriteReg  ili9341.o
    0x080045d8   0x080045d8   0x00000104   Code   RO           28    .text.main          main.o
    0x080046dc   0x080046dc   0x00000028   Code   RO         2117    i.__0sprintf        mc_w.l(printfa.o)
    0x08004704   0x08004704   0x0000000e   Code   RO         2200    i.__scatterload_copy  mc_w.l(handlers.o)
    0x08004712   0x08004712   0x00000002   Code   RO         2201    i.__scatterload_null  mc_w.l(handlers.o)
    0x08004714   0x08004714   0x0000000e   Code   RO         2202    i.__scatterload_zeroinit  mc_w.l(handlers.o)
    0x08004722   0x08004722   0x00000002   PAD
    0x08004724   0x08004724   0x00000184   Code   RO         2122    i._fp_digits        mc_w.l(printfa.o)
    0x080048a8   0x080048a8   0x000006dc   Code   RO         2123    i._printf_core      mc_w.l(printfa.o)
    0x08004f84   0x08004f84   0x00000024   Code   RO         2124    i._printf_post_padding  mc_w.l(printfa.o)
    0x08004fa8   0x08004fa8   0x0000002e   Code   RO         2125    i._printf_pre_padding  mc_w.l(printfa.o)
    0x08004fd6   0x08004fd6   0x0000000a   Code   RO         2127    i._sputc            mc_w.l(printfa.o)
    0x08004fe0   0x08004fe0   0x00000010   Data   RO         1868    .rodata.AHBPrescTable  system_stm32f4xx.o
    0x08004ff0   0x08004ff0   0x00000ed8   Data   RO          357    .rodata.Font20_Table  stm32f429i_discovery_lcd.o
    0x08005ec8   0x08005ec8   0x00001ab8   Data   RO          355    .rodata.Font24_Table  stm32f429i_discovery_lcd.o
    0x08007980   0x08007980   0x00000004   Data   RO          238    .rodata.GPIO_PIN    stm32f429i_discovery.o
    0x08007984   0x08007984   0x00000020   Data   RO         2199    Region$$Table       anon$$obj.o


    Execution Region ER_RW (Exec base: 0x20000000, Load base: 0x080079a4, Size: 0x0000006c, Max: 0xffffffff, ABSOLUTE)

    Exec Addr    Load Addr    Size         Type   Attr      Idx    E Section Name        Object

    0x20000000   0x080079a4   0x00000004   Data   RW          239    .data.BUTTON_PORT   stm32f429i_discovery.o
    0x20000004   0x080079a8   0x00000008   Data   RW          358    .data.Font20        stm32f429i_discovery_lcd.o
    0x2000000c   0x080079b0   0x00000008   Data   RW          356    .data.Font24        stm32f429i_discovery_lcd.o
    0x20000014   0x080079b8   0x00000008   Data   RW          237    .data.GPIO_PORT     stm32f429i_discovery.o
    0x2000001c   0x080079c0   0x00000004   Data   RW          243    .data.SpixTimeout   stm32f429i_discovery.o
    0x20000020   0x080079c4   0x00000004   Data   RW         1867    .data.SystemCoreClock  system_stm32f4xx.o
    0x20000024   0x080079c8   0x00000006   Data   RW           57    .data.VirtAddVarTab  main.o
    0x2000002a   0x080079ce   0x00000002   PAD
    0x2000002c   0x080079d0   0x00000038   Data   RW          431    .data.ili9341_drv   ili9341.o
    0x20000064   0x08007a08   0x00000001   Data   RW          499    .data.uwTickFreq    stm32f4xx_hal.o
    0x20000065   0x08007a09   0x00000003   PAD
    0x20000068   0x08007a0c   0x00000004   Data   RW          498    .data.uwTickPrio    stm32f4xx_hal.o


    Execution Region ER_ZI (Exec base: 0x20000070, Load base: 0x08007a10, Size: 0x00000758, Max: 0xffffffff, ABSOLUTE)

    Exec Addr    Load Addr    Size         Type   Attr      Idx    E Section Name        Object

    0x20000070        -       0x00000004   Zero   RW          369    .bss.ActiveLayer    stm32f429i_discovery_lcd.o
    0x20000074        -       0x00000001   Zero   RW          399    .bss.BSP_SDRAM_Init.sdramstatus  stm32f429i_discovery_sdram.o
    0x20000075   0x08007a10   0x00000003   PAD
    0x20000078        -       0x00000060   Zero   RW          403    .bss.BSP_SDRAM_MspInit.dmaHandle  stm32f429i_discovery_sdram.o
    0x200000d8        -       0x00000010   Zero   RW          402    .bss.Command        stm32f429i_discovery_sdram.o
    0x200000e8        -       0x00000002   Zero   RW           17    .bss.DataVar        hal_eeprom.o
    0x200000ea   0x08007a10   0x00000002   PAD
    0x200000ec        -       0x00000040   Zero   RW          370    .bss.Dma2dHandler   stm32f429i_discovery_lcd.o
    0x2000012c        -       0x00000018   Zero   RW          368    .bss.DrawProp       stm32f429i_discovery_lcd.o
    0x20000144        -       0x00000002   Zero   RW           63    .bss.EEREAD         main.o
    0x20000146   0x08007a10   0x00000002   PAD
    0x20000148        -       0x00000014   Zero   RW           18    .bss.FlashErase_InitStructure  hal_eeprom.o
    0x2000015c        -       0x00000001   Zero   RW           16    .bss.HalStatus      hal_eeprom.o
    0x2000015d        -       0x00000001   Zero   RW          244    .bss.Is_LCD_IO_Initialized  stm32f429i_discovery.o
    0x2000015e   0x08007a10   0x00000002   PAD
    0x20000160        -       0x00000004   Zero   RW          367    .bss.LcdDrv         stm32f429i_discovery_lcd.o
    0x20000164        -       0x000000a8   Zero   RW          365    .bss.LtdcHandler    stm32f429i_discovery_lcd.o
    0x2000020c        -       0x00000002   Zero   RW           56    .bss.OC_Count       main.o
    0x2000020e   0x08007a10   0x00000002   PAD
    0x20000210        -       0x00000030   Zero   RW          366    .bss.PeriphClkInitStruct  stm32f429i_discovery_lcd.o
    0x20000240        -       0x00000010   Zero   RW           62    .bss.Rng_Handle     main.o
    0x20000250        -       0x00000034   Zero   RW          400    .bss.SdramHandle    stm32f429i_discovery_sdram.o
    0x20000284        -       0x00000058   Zero   RW          246    .bss.SpiHandle      stm32f429i_discovery.o
    0x200002dc        -       0x00000040   Zero   RW           65    .bss.Tim3_Handle    main.o
    0x2000031c        -       0x00000002   Zero   RW           64    .bss.Tim3_PrescalerValue  main.o
    0x2000031e        -       0x00000002   Zero   RW           61    .bss.Tim4_CCR       main.o
    0x20000320        -       0x00000040   Zero   RW           67    .bss.Tim4_Handle    main.o
    0x20000360        -       0x0000001c   Zero   RW           68    .bss.Tim4_OCInitStructure  main.o
    0x2000037c        -       0x00000002   Zero   RW           66    .bss.Tim4_PrescalerValue  main.o
    0x2000037e   0x08007a10   0x00000002   PAD
    0x20000380        -       0x0000001c   Zero   RW          401    .bss.Timing         stm32f429i_discovery_sdram.o
    0x2000039c        -       0x00000004   Zero   RW           19    .bss.error          hal_eeprom.o
    0x200003a0        -       0x00000020   Zero   RW          767    .bss.pFlash         stm32f4xx_hal_flash.o
    0x200003c0        -       0x00000004   Zero   RW          500    .bss.uwTick         stm32f4xx_hal.o
    0x200003c4   0x08007a10   0x00000004   PAD
    0x200003c8        -       0x00000400   Zero   RW         1853    STACK               startup_stm32f429xx.o


==============================================================================

Image component sizes


      Code (inc. data)   RO Data    RW Data    ZI Data      Debug   Object Name

      1120          0          0          0         27       5130   hal_eeprom.o
       728          0          0         56          0       2542   ili9341.o
       940         28          0          6        182      11323   main.o
        36          8        428          0       1024        852   startup_stm32f429xx.o
      1032          0          4         16         89      16916   stm32f429i_discovery.o
      1320          0      10640         16        312      27423   stm32f429i_discovery_lcd.o
       682          0          0          0        193       9712   stm32f429i_discovery_sdram.o
       214          0          0          5          4       7692   stm32f4xx_hal.o
       258          0          0          0          0      10908   stm32f4xx_hal_cortex.o
       436         12          0          0          0       9227   stm32f4xx_hal_dma.o
       778          4          0          0          0      13484   stm32f4xx_hal_dma2d.o
       576          0          0          0         32       5309   stm32f4xx_hal_flash.o
       408          0          0          0          0       8110   stm32f4xx_hal_flash_ex.o
       460          0          0          0          0       5154   stm32f4xx_hal_gpio.o
       708         32          0          0          0      14916   stm32f4xx_hal_ltdc.o
       144          0          0          0          0       6864   stm32f4xx_hal_msp.o
       122          0          0          0          0       4614   stm32f4xx_hal_pwr_ex.o
      1278          0          0          0          0       7343   stm32f4xx_hal_rcc.o
       582          0          0          0          0       5587   stm32f4xx_hal_rcc_ex.o
        50          0          0          0          0       4179   stm32f4xx_hal_rng.o
       156          0          0          0          0      10150   stm32f4xx_hal_sdram.o
      2142          0          0          0          0      22799   stm32f4xx_hal_spi.o
      1410         20          0          0          0      38613   stm32f4xx_hal_tim.o
         4          0          0          0          0      14820   stm32f4xx_hal_tim_ex.o
        76          0          0          0          0       2150   stm32f4xx_it.o
       464          0          0          0          0      12138   stm32f4xx_ll_fmc.o
        26          0         16          4          0       2725   system_stm32f4xx.o

    ----------------------------------------------------------------------
     16348        104      11120        108       1880     280680   Object Totals
         0          0         32          0          0          0   (incl. Generated)
       198          0          0          5         17          0   (incl. Padding)

    ----------------------------------------------------------------------

      Code (inc. data)   RO Data    RW Data    ZI Data      Debug   Library Member Name

         0          0          0          0          0          0   entry.o
         0          0          0          0          0          0   entry10a.o
         0          0          0          0          0          0   entry11a.o
         8          4          0          0          0          0   entry2.o
         4          0          0          0          0          0   entry5.o
         0          0          0          0          0          0   entry7b.o
         0          0          0          0          0          0   entry8b.o
         8          4          0          0          0          0   entry9a.o
        30          0          0          0          0          0   handlers.o
        36          8          0          0          0         68   init.o
         0          0          0          0          0          0   iusefp.o
        30          0          0          0          0         68   llshl.o
        36          0          0          0          0         68   llsshr.o
        32          0          0          0          0         68   llushr.o
      2276         86          0          0          0        520   printfa.o
        44          0          0          0          0         80   uidiv.o
        98          0          0          0          0         92   uldiv.o
        48          0          0          0          0         68   cdrcmple.o
       334          0          0          0          0        148   dadd.o
       222          0          0          0          0        100   ddiv.o
       186          0          0          0          0        176   depilogue.o
        48          0          0          0          0         68   dfixul.o
       228          0          0          0          0         96   dmul.o

    ----------------------------------------------------------------------
      3672        102          0          0          0       1620   Library Totals
         4          0          0          0          0          0   (incl. Padding)

    ----------------------------------------------------------------------

      Code (inc. data)   RO Data    RW Data    ZI Data      Debug   Library Name

      2602        102          0          0          0        964   mc_w.l
      1066          0          0          0          0        656   mf_w.l

    ----------------------------------------------------------------------
      3672        102          0          0          0       1620   Library Totals

    ----------------------------------------------------------------------

==============================================================================


      Code (inc. data)   RO Data    RW Data    ZI Data      Debug   

     20020        206      11120        108       1880     281172   Grand Totals
     20020        206      11120        108       1880     281172   ELF Image Totals
     20020        206      11120        108          0          0   ROM Totals

==============================================================================

    Total RO  Size (Code + RO Data)                31140 (  30.41kB)
    Total RW  Size (RW Data + ZI Data)              1988 (   1.94kB)
    Total ROM Size (Code + RO Data + RW Data)      31248 (  30.52kB)

==============================================================================

